<html style="background-color:#edecec">

<head>
    <meta charset="utf-8">
    <meta name="robots" content="noindex,nofollow">
    <meta name="generator" content="Matomo Analytics">
</head>

<body style="color:#212121;font-family:-apple-system, BlinkMacSystemFont, 'Segoe UI', Roboto, Oxygen-Sans, Cantarell, 'Helvetica Neue', sans-serif; line-height: 24px; margin:0 auto; max-width:1000px; background-color:rgb(255, 255, 255);box-shadow: 0px 0px 5px 1px rgba(0,0,0,0.75);">

<a name="reportTop"></a>

<table style="width:100%; background-color: &#x23;3450A3; color: &#x23;fff; padding:10px 0; margin: 0 0 25px 0; height:64px;">
    <tr>
        <td>
            <a style="color:#212121;font-family:-apple-system, BlinkMacSystemFont, 'Segoe UI', Roboto, Oxygen-Sans, Cantarell, 'Helvetica Neue', sans-serif;; font-size:16px;padding:0 15px;padding-bottom: 8px;color: &#x23;fff;height: 22px;display: inline-block;vertical-align: inherit;" rel="noreferrer noopener" target="_blank" href="http://example.com/piwik/tests/PHPUnit/proxy/">
                                    <img src="http://example.com/piwik/tests/PHPUnit/proxy//plugins/Morpheus/images/logo-email.png" height="30px" width="auto" alt="Matomo,&#x20;free&#x2F;libre&#x20;analytics&#x20;platform" />
                            </a>
        </td>
        <td align="right">
                        <a style="color:#212121;font-family:-apple-system, BlinkMacSystemFont, 'Segoe UI', Roboto, Oxygen-Sans, Cantarell, 'Helvetica Neue', sans-serif;; font-size:16px; padding:0 15px; color: &#x23;fff" title="View Web Analytics reports for A very long name for a very tiny test site, that also reaches the 90 character limit fully." target="_blank" href="http://example.com/piwik/tests/PHPUnit/proxy/index.php?module=CoreHome&action=redirectToCoreHomeIndex&idSite=1&period=day&date=today-date-removed-in-tests">
                Dashboard
            </a>
                    </td>
    </tr>
</table>

<div style="margin:0 20px 25px 20px;">

    <h2 style='color:#212121;font-family:-apple-system, BlinkMacSystemFont, &#039;Segoe UI&#039;, Roboto, Oxygen-Sans, Cantarell, &#039;Helvetica Neue&#039;, sans-serif; color:#37474f; line-height:30px; margin:25px 0 15px 0;'>
        Hello,
    </h2>

    <p style='font-size:15px;line-height:24px;margin:0 0 16px;color:#212121;font-family:-apple-system, BlinkMacSystemFont, &#039;Segoe UI&#039;, Roboto, Oxygen-Sans, Cantarell, &#039;Helvetica Neue&#039;, sans-serif;'>
                Please find below your day report for A very long name for a very tiny test site, that also reaches the 90 character limit fully.
                <br />Mail Test report (previous10)
        <br />Date range: week April 4 – 10, 2011
        <br />Sent from http://example.com/piwik/tests/PHPUnit/proxy/.
    </p>

    
    
<h2 id="Actions_getPageTitles" style=" color:#0d0d0d;font-family:-apple-system, BlinkMacSystemFont, &#039;Segoe UI&#039;, Roboto, Oxygen-Sans, Cantarell, &#039;Helvetica Neue&#039;, sans-serif; font-size: 24pt; font-weight:normal; margin:45px 0 30px 0;">
    Page titles
</h2>

            <img alt=""
                                    src="data:image/png;base64,iVBORw0KGgoAAAANSUhEUgAAArwAAADICAIAAACF9KXqAAAACXBIWXMAAA7EAAAOxAGVKw4bAAAgAElEQVR4nO3dfXQW1Z0H8JsQkpAQCJqQECABHvIGCDEEFDEQBCFgIEXRYNXFii+1VqtWrZ7WNZa6dnVrW3aPZ3EPnrVne7ZxbRWxLT2tZ1G2u63glrZaID1RiIqJQQiEJ+SNZP8Ydhhm5t6583rvzHw/h8OZPM/Mvb+5M8/Mb+6deZ6UkZERAgAAAGAlVXQAAAAAEA5IGgAAAIALkgYAAADggqQBAAAAuCBpAAAAAC5IGgAAAIALkgYAAADggqQBAAAAuHiTNCQSCU/KAQAAAGmluS8igIzhvb92+V0FAJiaU5ovOgQAkIXbnoZEItHW1uZJKAAAACAzV0kDMgYHGusvD760xvrLlX8eVh2MMMYcOmhkAODkPGkQmDGYHuOUF3H4M2qsv3zHrt8p/9izBRYSJyVyWmDsgP1eHTUPCzIb86kiRiMDAGi5uqdBezeDmkPs3btXO8/BgwdnzZrlphZCyJGOPt0rra2txtlaW1uf3foj07ek4iDCh+/7m2e3/shxadp5aEUF3HSMNdLOoIREC4wRcACro42/sf5y9up4VaNPK/Xs1h/RVqH/VLsfNQKAQPPnz3e2oPOkQdvNoO11WLBggXY23Z/OZFx4I6RyYaRcN3d0dmZmZmxqqmdfRkulrKzMw6V4StPN4ywAhtbW1tKy0hSSYmspyzDUGdysu3+0tWv3SSG6T3b39fUXFhS4KcS0PXEjJL8DBw4UFxdnZ2eLDiS+kslke3t7ZWWl6EAiy4OnJ6SiO3Crna7qi9oZaNO60miFKK+zq9O9TovTGIy2HN3IC+cog3FZNWbTooytoQ2bUalp++gW1LWY5Rrxn4BpodL2BMY8hLkVbKE1nWkYxrpogXmye9NiE573AID8opY0aFnmBG4KsTzf0Oa0HDw2Lst/NLdc1llRxj91rys9DbQTm/FE6O35yTJUu5uAuNt5eFpAG4azunRLvdSyy01sAAA8vPlyp+DviNReXJqOTeiOhsZbvdg32WkXNC2EfVrSXky7Od+4XNbN3W0OEgtlmragfycny64Xu1U7aEldSsQfhmlduhot06Adu363qaneOIOt3RsAwFLEexqML5pe40bmekuSe+AlCcMNzt4IddpyQMplXZxLWe7epsNqAACcBCQN1z7wKv/MP/v+escVxfCwKMMqOxgLkBBPS9LmsdsCpuVouxxoM2j/VG6EtIxZXRCpAwA4IPsPVjU3N9PeUo6nd21q5BzN1VIPxC778EEnMn02jsnQAjy7t3q/S7ChAUC4CUgafvb99XPH/7Gx6hTPP8e1mN7EoL5lnJmnTMb5gDYIbXydVjKtHJ7ATJe1u7gDltF6EoDpuY3/3MzfpLStwF6KzXLLsndURjeDbin1ngb27o0sAQDcEHNPA6P/wEO6A6vjpyc4S6DdJql7Xe0W1pVsehYxDkWzw+BZZc6iOBlLo62XrTB050tjObYiZzQvz1awVR3/lnVZl26pl1p28QxPMOqSoY8EACSXMjIyIjoGa4xfuVS+3Cl3fK4f9eIwysnZlzux+df4kmxWb8Nw/+VOtHjw5U788OVOwuHLnfwm+z0NEFvRG3FnP0UplmzxAICcovzIJYQdY1A/jLwdGPJQlBoZAHyFpIEFR1Lh/NgEAjernHuUnFEBgITCkTQwRlVz0nuzsrLy8zHsKlL/qfY5M/NTUry8pwFs6eoivb29JSX4IACAj3BPAwAAAHAJR0/D0Mdv0d5K6+pMzcwY6vfl6QngNKa7dejjHvQ0CJTa3Z3W1z806jDn/GlTlvoZDgBEE3oaAAAAgAuShguUL71NdAgskofHLzIrIjM0MgB4LhzDEzTKYfGdHc+JDsSc7qh96K0XRUUilfKltx1660Xlf9q77GV9jU37ZzCbzKeVYjQyAIAz4U4aPOHrgVVbsqgjuFRnDpfBBLAiwW8yX3c/qbY+AIRdiIcnlKPh2y1PL2x8UHQsXJQjuOgowAZsMgAAraj1NKhd3+orugtH3YvKK7oTg63F1er4r+dMlzIWbgxGuzjtFV05uhU0XkbT6iWUdqB14FfUbaaVw4icPacxAF0JpsHYah9bbDWIsS5aYLSV0u1m7Glt6qwtDZ0NAOChqCUNxOy8Yjxkq9O6Q2r50ttsLW6szmWQ7MItr3qNy7LPGey6TDMM03jW3vndg7u3K49cenWKYsdjOoOtMu3GaatBHNfleKl3djzX19dfUFhga0EAAFtCPDxBw3N7HaPb2e7idjsYjEvRCnd5VuNZltEmph0PtMbZ+cKjtHIcY8fv4LzIvw+YLsLfILS6dDVapkHGCI2FmELGAAA+CWtPg/bw+s6O5wK4tHJ2ImSfhiXHv8pr7/yur5F4hbM3Qp22HCpyWRfnUqbdRbqExu4YGQCAAwKShp4fZvLPnPO1PtpbAd+h5uxwHN6DuK3O/50vPFpaVir/N0La7X3RsjsaYlqOtsuBNoNlhKaU4QmkDgDgK9mHJ5qbm2lvKQP2b7c8Le33NIQXBsV1ZGgQ3Y04pvOod7EEGxoAxIWApCHna33fO/Hoz3K38fwzLcF4BLc8UFoOJ7OZji7zL26rcNq5gVaj9u4Knvlp2CP0jPIPvfWibniCp2rTTca/XfhXltY+nHEyymTEwKiL3c3AWMo4s2nVAAD+EXNPA6P/wD+0uxc5r8ws7xP0OzbtuDXt/GRaDuO2Tdoa0aqg1bXzhUfVRy6NtejKMQ2MvSCjNPa05VsO6iIcDeK4Ls+XkqGPBAAiI2VkZER0DNYYv3LZ2dGZmZkxPhe/cmmb+9OJWkLroVbOexr8O4fJcHYUGMPJ7m71kUuekPArl344cOBAcXFxdna26EDiK5lMtre3V1ZWig4ksmS/pwGk4maIRxGxEXf3DeIrCUMCgFAL6yOXIARjpMNuIdE4mXnSID6JTCMDgDwwPAEe4B+eAJ/QhidoMDzhBwxPCIfhCb+Fo6eBcYAbOntkOCsrLT8/yHhA50zn2LQp1UgaBBrO6Brq7U2bUiI6EACIMtzTAAAAAFzC0dPQs+8o7a2BzuOpGcme3MEg4wG91p6e4aPoaRCor7t7oL+/p2u06EBi7eyR7uTnGcOZNr701oGcmiJfywdgQE8DAAAAcEHScIGqplrRIbBIHp5PAlhrN1XEc6PQoDUAoi3cSUNVU239fRtER0FV1VSr/Sc6HNlJ2EQShuQ5D9exqql2f8seRpnsunxtbSEfxjjsPxA34U4aPOHrB3t/yx71n6gjSFiOXMr5RiEwZm3V2pCECKAdvFpHNWMQHgmj/IA/jML3HwDPhThpUA5Su7a+UnfXWtGxcBGYNwCAFj6MIKeBwbPXPvDqtQ+8Ojg0LDoWc+F4eoKfkknQLhbV19UXlVd0hw9bi6vV8V9VmC5lLNwYjHZx2iu6cnQrqFsdbVsZ4zdtB1086uuXblxCK8c0SOO0rnObc6MYqzBtAfL/5wlG05lWbbqt2TGwZ6DNY6zUdNvRytelzoz9Srf7mbaAZWzGNeLc/xmfUFok6my29nxbLD/yxlDZwavzWLYtgNbGR14nhBQX5ogOhCpqSQMxO/Tozknaad2RSBnv5F/cWJ3LINmFW14bGZc1PdRa1kv7kxbPDY9v/sNP3lYeufSkm5pzo1iuEaGnO5xVMwo3TbMsdwx2wqR93bTBafvJ7m07+/r7CwsKtGHb3Wn5YzMuy4+nQPd7vvt4aDE4q8v9QQMi79TpfmVi4+rK0WmSjgNIGpYbPFdCjM5Ju4vb7WAwLkUr3OWxj2dZRptYHse1r7+8ZTutHFqcPKdwRjCcc3p7aGbvQjz7GG0b8cRpdz+xu9NyfkbcN6llCe73fFtJhq2+E1pdukrZiZHd/R9i4tbHf0EIqSqfePncyaJjoQprT4P2Q7h7284AMndnH3LLfl2Z8a/yDY9vtpzHtM8jYpdcbs4EPMv6faahZQnGnnbZ2G0906EED+vyaimIjxOn+pSJa5eXiY2ETUDS8G7NC/wzz993J+2tgD+Ezo6YMh9n2Wz1D7+8ZXtpKX6wyvnm5mxtv3cnWvlqd30AMThjt19Ny+5QCKOVqppq/+elX5umwnK2G8hj8xO/JITUVk+ZUyr1TynJPjzR3NxMe0sZ9N219ZXd23YGGFEs+NcBoJaMHlpVWLpb9gt9ctgnYWl8iLae5IAy0bAkITYSSwKShvn77tzZcPS9ezN4/pmWYPycWx7L2COOlkwHsPkXt1U47bRKq1E7UM0zPw377kJG+ftb9uiGJ/gvlMUer12OJljuhMbyebYRo/VMy2dsF1v7PK18B63Ecz8H/+J293zGIpYsP03sunY882+LNl1tup8zluJ/CyJpeHhk07d+TghZuWhaaclFosOxIOaeBkb/gX9oN4JxXjxZ3ifod2y0W65M59GWw7gDjrZGtCpodb28Zbv6yKWxFgd8uqJlNB1P1ZY7AM9OYtwc/BuUVj5jEfbNjzzx868U+2PlOE23u+fbqou/8V3W5esBBELtlNrNsFT2bgZCSMrIyIjoGKwxfuWyo7MzMyMjNzc3yHiiwX3HrFpCa2tr5O9pkLwfu7u7W/vIZfCh+lqpDI3PE8ORI0cmFhSMwa9cipNMJtvb2ysrK0UHYsO1D7xKCFm+sOTupktTU2U/isp+TwNIxc0QD/hHhu0SydsdtNPY28EPn3zWo0xsWFkuf8ZAwvvIJQhht7sbgiHJdjEOUoSaJK0K0Xbv078hhDQum1lwcbboWLggaYgvZ8fB2B49JV9x7TdCCuRTK4lqfMk3OoRd20fdysSa2hDczaAIR9LAGMM7fmQwMysrJ1/qB1ujL+XTnOqiaN/TILm+rtHDvb05JRjtFmlU9sns4oLs7HBcMoJwDz/3n4SQpvqK/AlZomPhhXsaAAAAgnbo8HFl4qqFJWIjsSUcPQ1H9/XQ3jreOZDMSB3Mpc4AAehpJUeHe9DTIFB3d19//8DoLnwQhCmqkfeXCUE2w8Mjj/3wLULILWtnh6ibgaCnAQAAIGB/av1MmVi2oFhsJHYhabhAbVOV6BBYJA/PJ/Fca7vW3lUnOoTow64InugfGPr2tv8mhGxaNyc3x99v9fBcOIYnaJTP8M5tu0UHYk53iNnTsl9UJKFQ21SFJnKmtqlq57bda++qM21AdsP63exCPgU+rdSelv3YS8G9G79x7veS5P+lCSP0NPh79bCnZb/6T9RlSlguj7THYsljlio8l6exAE6BwX8K/FspgR9kiIaBwbPKxH03zR81Knyn4PBFrFKOla9s3RWWjlkcbgDwKYCY2/jI68pEXU3I7mZQhHt4wkjJJLRHJdPrV/VF5RXdUczW4mp1/Bc3pksZCzcGo12c9oquHN0K6lZH21bG+E3bgdbbvGTjpbRyTIM0TmsnjBXRNgptdYwryw6PNo+xQNMmtVyWHY9xl2BvZfaLtLUzbR9dCaYx29rlbLG1jxnrogVGWyn2HkhbL10MGKQA9x7atFB0CA5FLWkgZgdB4/FFndZ9/mubqmwtbqzOZZDswi0v0YzLsg9w7LpMMwzTeDY/fsPbP/mD8sil++Mp/0ZhrA7h2Ha0ZU0XJPQm5VzW1vx+sGxGu/sb4WtbW/HYbTefIuTc5QBsUX6batHcoprZhaJjcSjEwxM0PKcTRh+p3cXtdjAYl6IV7vIQzLMso034L2prm6q2b3mZVg4tTp4TEiMY/tl4Nj2t6XjqNS2fM1HTxqObXxenJyctdgkOquD/WJkuYqvjxLQuy1ayjJBzb0TGAO4NDg0rE8sWFqePHiU2GMfC2tOgPRbs3LY7mKs0l0uF7rjDv8qbH7/Bch7TPg/5L+A4r7YDiEROdtvHuAN4WxfnUpZ7Iy2ZA3Cs6eEdhJDLLimcWzZRdCzOCUgaXqh5l3/mO/fNp70V8JHa2bEjvEccWz3V27e8XFpaGr1vhORsBNMrZve1ay+mpd2R7HZoadkdDTEtx7KVHDedOmzkphAARXdPnzKxanEivN0MRP7hiebmZtpbyujyK1t3Sfs9DeHl31lKdzeJH1V4ReZTdQTI0Lw8e+Meoc9LQ2Tc9re/JIQsnFM4tzTcP68oIGm4c9/8ow07M+59j+efaQnGw43lp9rlCLHpUCj/4rYKpx3IaDVq767gmZ+GPZzMKH9Py37d8AT/FXkApw2eTc/TdIyVshwm1/XP8++KtroZXtm6y/J2DQb+/Ye2y7GXYmPvY+y62N0MjKWMM5tWDeBS14leZeK6FeWpqeHukRVzTwOj/8A/tLsXOS8jLO8T9Ds27SAr7WBqWg6tcEIfbKZVQatr+5aX1UcujbU44O21HaMFGPPwt7PpvkGbnzMeW6tmuq0dlM9YR56msFWd3X3McV2eLyVDHwmEy13f/hUh5KqFJaUlF4mOxa2UkZER0TFYY/zKZWdnR0ZGZm5ubpDxRIP7Y59aQmtrayTvafCQ49a2XFCZobu7u7+/r6DAy+e4ZDg7yhCDDi2kopqcAwcOFBcXZ2dnBx8VKJLJZHt7e2VlpehAzus60askDc8+uCwxNfSnKtnvaQCpuBniiRtP2opnwYiNuEu+j0kYEkhOyRiuqU1EIGMg4X3kEoTwsF898oJsK6WuV7bu8rWWYMi8jyFjALs6j51WJtbUzhAbiVcwPAEewPCEcH4MT4AtGJ6QgVTDE8PDIxu+/hohpGHJjNvWzxMdjjfC0dNQVJNDe2vwyPGsrMz8fOoMEIBPU0hRdQ6SBoFGd/X19g4XleCDACCLjzvPXe5ed3WF2Eg8hHsaAAAAvHf/M28SQm5YVTF+bIboWDwTjp6Gwx37aG91nOjMPJORPIvhCZGOnW493DGMngZL0wprRIcAAEE4dPi4MrHmyojczaBwlTQkEgl1uq2tzXUwAAAAUfDYD98ihNzSMHtchLoZiJvhiUQi0aahTSAiZvniJstX2K97HoDYcoAN7QwQc8pPYBNC6hYUi43Ec86TBoFdC0IOyn5X6rJ8y8WXL25687ctjDnZJQSw+tp/vtal1uhTyW/+tgV5A0BsDQ+feybx9mvnThiXKTYYz4XyRkjl5BeNStWzi658b886asbgWABt/uZvW9R/AZx0fV0j5A0AsaU8ZkkIufLSKWIj8YM3SYMyVOFJUQAEJ10ACKcz/UPKxJevr4rY3QwKt09PKLcyaDOGTz75RDtDZ2dnYaHbL5w5dvxz7Z9NjV9p2fG8MrH9x8/cdN196lvK69o51deVpZRXtLNp5zG+eC6AY5+rlWpfMS547Nj5UE1nMIannh3V2XSvcxarnUdXS8uO57Xv0uZcvrhJbSJjSIz2ef7FLSuu3GhsfN0aGWNmx6+8YhqPMQZGXbrg1XkYe4sxftq0aWzKn0p7al9MHz5K/JFMJgcHB48e9at84DEwMNDV1XXy5EnRgcTXwMDAwMCAwA/CV5/9vTJRMXW0zJ/HoqIiZwu6fXpCeAfD5pseeanle5mZY5Q/2Qd305OHcX72CZJdEf8MRJPKEMPph3Zm4inWDeO6s1eNUNqHNr/dmGnx0GJwXJeDBXnaCgDiQ+1m2LxuZtqoUI7+W3KeNNAyhsmTJzP+dGYgVZ+v5eVdrEz8+KdbMzMztF8jrbylG8VXuruN9w0Y5yFmo91KmWqlunm0hfPXblwXbfm6P3mK1S1OK4o9J23daTGwi83Lu5i/KbSLq/OYxmNaAqMuXaXK9PLFTWqNtD1Bu8qmTU3bJWhtUlToMLu31NXV1dvb6/jqATxx8uTJ/Px8fI20QMlk8syZM6I+CMpDE5eU5l+z7BIhAQTAs+9pIOH8qgb/Bs4lf/wySJwxa2fTnoBtrbLj9jEuaJloMrJMAIibgcGzykTjslKxkfjKedLgOEV48iUbX4r3xCbqd0F6wni49+qs7NOJJIznJ86YTWfTnbYttw6tLjUDoPVzOGtY7VOsYdw0AOCVjY+8TghZNK+ourJAdCw+kn3Qpbm5WXQI4RDJM5b7J0U9jIHxQEdgj4kCgJzOnh1WJuqj9aXRRgKShic27Rv5sGEauZfnn+NadAdx0wO68UCvXoyyF9QxnttMS+aMnIFRLH/5pqc3/tMzZ/tov3/Cq6aglclZF7ubwXRB48yOx00AIMKuf2gHIaS2enLFNOodY9Eg5gerguk/0J4JaBeCuteN15S0BWkD8OySLWez+zrPmd54sjQWbuuC3rR9fvNfPzGeoR3HTFvQtEyf6nK5iAzdJAAQgBOn+pSJ1VcmRqfJ3n/vUsrIyIjoGKyxfuWyo1P39AQY+XoCW7646fkXt5SVlQr8lUsJz9CmIfn3K5fK0xMlJSU+lQ88Dhw4UFxcjKcnBEomk+3t7ZWVlUFWqjw0cUVV0YO3LExNjfiP/UY8JwJF9EbcdcMTocgYACB6Pu06rUxcv7Ii8hkDETU8AcFjf1dE6OiGJMQGoxOldgYAtnv+7teEkPrF00smjRcdSxCQNMSIf0+BHjrU6kfJlvUGXykPaQMDAG993NmjTKxaPF1sJIEJR9LAGAlO6T+SlZWVn58fZDyg8/knKdMKqwXe0wAAELz7vvsbQsj6q0pj0s1AcE8DAACAA8r9j4SQqxfFpZuBIGkAAACwS/02pw0rywvzYvS8DJIGAAAAe5RvcyKENC6dKTaSgCFpAAAAcOKLayqzs9JFRxEoJA0AAAA2qHczrKuL8g9amkLSAAAAYNsd181LHz1KdBRBQ9IAAADAS+1mWFI9RWwkQiBpAAAAsOeepkvjdjeDAkkDAAAAF7Wb4fK5RWIjEQVJAwAAgLXevkFl4v6ba+LZzUCQNAAAAPC4+bE3CCElk8bFtpuBIGkAAACwdOp0vzJxc8PsGD40oULSAAAAYOHWx39BCKmuLJg/q1B0LCIhaQAAAGDpSQ4oE+vq4vWl0UZIGgAAAFg2fevnhJAl86fMLZsoOhbBkDQAAABQDQ6d+0HLhiVx72YgSBoAAAAYmh7eQQhZvrBkxpRc0bGIh6QBAADAnPptTg1LE6mpKWKDkQGSBgAAAJal86dOLRwnOgopIGkAAAAwoXYzNNVXoptBgaQBAACAal3dzMK8bNFRyAJJAwAAgJ7azbDqiuliI5EKkgYAAABzTasqJuWPFR2FRJA0AAAAXEDtZrjqshKxkcgGSQMAAMB56rc53XTNrPwJWWKDkQ2SBgAAgPOUb3MihNTjbgYDJA0AAADnqN0MtzbOyc5KFxuMhJA0AAAAnKN2M6yrKxUbiZyQNAAAAFzgno3VQurtOnjoyZdqXn7iW0Jq55EmOgAAAAApKA9NVFdOrK2eEnDVA6eTT/90qTLdlv3ngGvnh6QBAADgvLqakvTRo4Ks8czJk8+8tpwQkvVRIm0go2bylUHWbguSBgAAgHPdDIvmTZo/uzDIep98qUaZyDlcMXm4ZOWX7pgwfVqQAdiCpAEAAOKut29QmairKR6TEdCZ8S873/iP482EkPRPp2T2jl+9aGPF6tXBVO0YkgYAAIi7mx97gxAyO5E3r7wggOqSXcf+4Rf1yvTozqKKoUvXf/uJAOp1D0kDAADEmvql0RtWlgdwN4M6HpH10cxxfRNWr/1S8WUL/a7UK0gaAAAAyGVzi+aVTfS1is4/v//P/7tJmU7vmLJgQm3dPff4WqPnkDQAAEB8qd0MjXUz/atF+0Ql6c2a+kn1bd/5gX/V+QdJAwAAxN3yy0oqpl/sU+F9p0///U/rlOkJH8xZMrthzuZ1PtXlNyQNAAAQU2o3w5orZ/hUxfknKo+UTz47beWtUj9RaQlJAwAAxNHw8IgysXrx9OlTcj0vX32icvRnk7JOX7TmipvKVq30vJaAIWkAAIA42vD115SJxmUe/zaV+g2PhJD0o8UVZ+etfzIcT1RaQtIAAADxtfyykrwJWR4WqI5HZB8pzenPrV9zS8niKzwsXywkDQAAEDvq3Qy3NMxOTU3xpEztE5WjOyfXXHxl6J6otISkAQAAYur6leXjxma4L+eCJyqTYycfveT27/yj+2IlhKQBAADiRe1muHrRdPelae9gmNB2ydJL1s6+vcF9sXJC0gAAAHF0S8PsvNwxLgs5/53Q7TOLhxL1d9w9fuoU16HJC0kDAADEiNrNsLRmqpty1HQhvbMoM5nbULupdMVyt8FJD0kDAADExeDQsDKxef3ci8Y77GbQ3sEw5uNpZSOXNHzzsbT0dG9ClBuSBgAAiIumh3coE3VOuxnOP1F5uCxnYPzKVV+cvqTWm+DCAEkDAADEQv/AkDJx+7Vzs7Nsdwwc3f+nf/njbcr06M8m1eQtjt4TlZaQNAAAQCzc+I2dhJBpRePX1CZsLagdj0g5nTPp6Ow7nvon7+MLAyQNAAAQfQODZ5WJ61aU2VrwdEfH93517hHK3A/mLJ3bOOeOazwOLjyQNAAAQPRtfOR1QkhV+cTFl9p4JFK9g2HMR9OLB0sb7r5vbGGhL/GFBJIGAACIuPM/gV3L+xPYarpACBn3YcW6utsTdXWeBxY6SBoAACAWaqsnzysvsJxtaGDgqX8/9xNTWe0zS1Mq1zz0UPrYbJ+jCwckDQAAEGVqN8NVl00bnZbKnlntYBh7uDx7cNyqlfF6otISkgYAAIi+BbMLZ83IY8ygfaIyratwft4VMXyi0hKSBgAAiCy1m+ELV5XRuhm0T1SOOpWb31m2+W9/EJNveLQLSQMAAERcbfWUyhkXm76lveEx94M5y+Z9Ye69XwgqrvBB0gAAANGkdjOsqys1nUHNGDKPlkzrr7jm7ntj/kSlJSQNAAAQZfWLpyem5upe1HYw5BwuX7/sy7jhkQeSBgAAiCC1m2HV4um6t87/6NSRspmpFavu/9qY8eMDDS60kDQAAEDUDA+PKBONdTNLJp1PCM6nCx+WjR0cd/XVG/GVTbYgaQAAgKjZ8PXXlIlrls5UJi54ovJYQU1+HH+j0j0kDQAAEClqN0PDkkRe7hjtNzymncjLP5a49dFn8F1gWHoAAAUvSURBVA2PzrhKGhKJ878u2tbW5joYAAAAt9RuhhtXV2pveBz/wexlc9bNu/86QXFFgfOkIZFIaBMF3Z8AAAAC3bhi5jMti5Tp9I4p08/MWvvVB7PzWV8KCZYwPAEAANHxzRcOEkLmVT31l2PnXhl7uHzDintKFl8hMqyoQNIAAACRMq/qKWUi53BFIq1ixVe+jA4Gr4Q+afjX3RidksIb74mOAEAG74gOIPbmVZ2bmPjXmpUr8ESlx7xPGvbu3av98+DBg7NmzfK8FgAAAFOjjufN7V06ef3KbkLeffdd0eHIaP78+c4W9D5pWLBgAeNPz/2+ZeHZ1KGskbG+1uKrjomHxnVNzhwJ8fM/HVP/lNdekZJi8UP1ckpJIcm0k33jT+R3zRQdi3MnszvOjhrK65kqOhDnuiZ8mJ7MGT8Q4m5kfJaFGyQDyYs+u3H1UyVzcbHqi9APT6y+++GsrKyCggLRgcTa3r17q++uHjVqlOhA4quzs7O3t3f6dP3X5UKQ3n///eLi4pycHNGBxFdPT097e3vJbGQMfnGeNLS1teF7GgAAAOLDVU8DEgUAAID4COvAFQAAAAQsZWRkRHQMXsIXU6rQFIFBUwuhDI/qvpeWOOoBZSzoYOOajtvyD+Ya56Qt62ELWPKqLpeNwyjW8Vq72TTsF3Wl+bd1gmQxPOHHlnC/qzlY3LSo8O4fXrUGjpWWPGlqbw+U3q6+44+DrQ+4zIdLZVfXbWj1LWelGQvn/NJ945zE0Lxq++vCZqyIJFw2DrtYZ2crN5uGFrzphpB/6/AaYZoxYwZ7Bs4F1T+VCQfFci5iOZuzckzD1r7IM7+HeErmbArT2WbMmGE3eP4W41ycfxfytbXdN7XLljEt0LK5+ItyMJutrUN70T1dscY/tXFaxmB8y5OwXW5uRlPTivL1g+BVazNmc3x2MNbuOCQHlRoXpx1aOcuXlo0bIXVXJLq8SZed0ZI1by812Nc6xur4U1H+OE3nDP6Kym5TmL6iLuIgI3a5ym4aPODWttvUfoSnvcQxveLUVk27Dovwx0Fbqa6hOBfHkJMtLlvbc9raJQkpMmwkDextEPz2oHUrsaOK5GOizpqCpyjQ8bCp/cN/uIzkx4Em+IzBZTmh7tC2XHG1cdrcPb2vK0edthUS5yCdsdIY8veRS7tbgrM0doHsuhwMnsm5f/AcShx//FyK2LHSw6b26kBpF0/Pn62PgzxbRw2GcXnggPFeAXbJ3t7DIe0tIJ60tq4E9l0FPK3tHn/GL+2mCYyT4Ql+tq69LHcOYwl+H7lk3j90nyuvmgLHSiNPmtrzAyXt8E1b3D05t44pXceP3cXZuRT/NbQzcl6lMNhqbbtrx5nI8hfoRug2jR94kwaXH0IeDjaGr9svXPuHJ6HiWMnDQZB+HCh56vLwoyrz1pEqMP6GMp1T5nZWSPUZZw9AuwnJzT1A0ebXb08Iv8XB5bKh3j+EBB/5Y6Upzi40n1bNj2KjsXVsDaCoc3rVlaKruq2tzdZolHFx02WNYXu+Ipyctba6rB9DdfwFutw0poubbghRW8dzFl/uRLtqaeN4uJa9o+tet0Q7lumKsiyfFpVlumosn1Gj49XkxNPatprCOIPd84StFuPpUbc8VprORrxubfdNzd8yjkMidj6qtNh82jq0FyF0qVhYeNKw2Do0NpKGCIvJakoCrS0zbJ1goJ39475tsXUYkDTEYh3lgdaWGbYOALBRk4awj7sAAACAt6L2g1UAAADgE/w0NgAAAHD5P9blFL0Ji6UZAAAAAElFTkSuQmCC"
                                height="200"
                width="700"
                margin="0 auto"/>
    
    
        <p style="width: 100%; text-align:center;">
      <a style="color:#0d0d0d;font-family:-apple-system, BlinkMacSystemFont, &#039;Segoe UI&#039;, Roboto, Oxygen-Sans, Cantarell, &#039;Helvetica Neue&#039;, sans-serif;; text-decoration:none; font-size: 9pt;" href="#reportTop">
          Back to top &#8593;
    </a></p>

    <hr style=" border: 0; margin-top: 50px;  height: 1px; background-image: linear-gradient(to right, rgba(231, 231, 231, 0), rgba(231, 231, 231, 1), rgba(2311, 2311, 231, 0));">

    <p style='font-size:15px;line-height:24px;margin:0 0 16px;color:&#x23;212121;font-family:-apple-system,&#x20;BlinkMacSystemFont,&#x20;&#x27;Segoe&#x20;UI&#x27;,&#x20;Roboto,&#x20;Oxygen-Sans,&#x20;Cantarell,&#x20;&#x27;Helvetica&#x20;Neue&#x27;,&#x20;sans-serif;text-align:center;font-size:13px; color:#666;padding-top:30px;margin-bottom:0;'>
        Powered by
        <a style="color:#439fe0;" rel="noreferrer" href="https://matomo.org/" title="Matomo Analytics">Matomo Analytics</a>
        <br />
        The leading open analytics platform that respects your privacy.
    </p>

        <p style='font-size:15px;line-height:24px;margin:0 0 16px;color:&#x23;212121;font-family:-apple-system,&#x20;BlinkMacSystemFont,&#x20;&#x27;Segoe&#x20;UI&#x27;,&#x20;Roboto,&#x20;Oxygen-Sans,&#x20;Cantarell,&#x20;&#x27;Helvetica&#x20;Neue&#x27;,&#x20;sans-serif;text-align:center;font-size:13px; color:#666;'>To unsubscribe from this report please follow this link: <a style="color:#439fe0;" href="__unsubscribeLink__">Unsubscribe</a>.</p>

</div>
</body>
</html>
