<html style="background-color:#edecec">

<head>
    <meta charset="utf-8">
    <meta name="robots" content="noindex,nofollow">
    <meta name="generator" content="Matomo Analytics">
</head>

<body style="color:#212121;font-family:-apple-system, BlinkMacSystemFont, 'Segoe UI', Roboto, Oxygen-Sans, Cantarell, 'Helvetica Neue', sans-serif; line-height: 24px; margin:0 auto; max-width:1000px; background-color:rgb(255, 255, 255);box-shadow: 0px 0px 5px 1px rgba(0,0,0,0.75);">

<a name="reportTop"></a>

<table style="width:100%; background-color: &#x23;3450A3; color: &#x23;fff; padding:10px 0; margin: 0 0 25px 0; height:64px;">
    <tr>
        <td>
            <a style="color:#212121;font-family:-apple-system, BlinkMacSystemFont, 'Segoe UI', Roboto, Oxygen-Sans, Cantarell, 'Helvetica Neue', sans-serif;; font-size:16px;padding:0 15px;padding-bottom: 8px;color: &#x23;fff;height: 22px;display: inline-block;vertical-align: inherit;" rel="noreferrer noopener" target="_blank" href="http://example.com/piwik/tests/PHPUnit/proxy/">
                                    <img src="http://example.com/piwik/tests/PHPUnit/proxy//plugins/Morpheus/images/logo-email.png" height="30px" width="auto" alt="Matomo,&#x20;free&#x2F;libre&#x20;analytics&#x20;platform" />
                            </a>
        </td>
        <td align="right">
                        <a style="color:#212121;font-family:-apple-system, BlinkMacSystemFont, 'Segoe UI', Roboto, Oxygen-Sans, Cantarell, 'Helvetica Neue', sans-serif;; font-size:16px; padding:0 15px; color: &#x23;fff" title="View Web Analytics reports for A very long name for a very tiny test site, that also reaches the 90 character limit fully." target="_blank" href="http://example.com/piwik/tests/PHPUnit/proxy/index.php?module=CoreHome&action=redirectToCoreHomeIndex&idSite=1&period=week&date=today-date-removed-in-tests">
                Dashboard
            </a>
                    </td>
    </tr>
</table>

<div style="margin:0 20px 25px 20px;">

    <h2 style='color:#212121;font-family:-apple-system, BlinkMacSystemFont, &#039;Segoe UI&#039;, Roboto, Oxygen-Sans, Cantarell, &#039;Helvetica Neue&#039;, sans-serif; color:#37474f; line-height:30px; margin:25px 0 15px 0;'>
        Hello,
    </h2>

    <p style='font-size:15px;line-height:24px;margin:0 0 16px;color:#212121;font-family:-apple-system, BlinkMacSystemFont, &#039;Segoe UI&#039;, Roboto, Oxygen-Sans, Cantarell, &#039;Helvetica Neue&#039;, sans-serif;'>
                Please find below your week report for A very long name for a very tiny test site, that also reaches the 90 character limit fully.
                <br />Mail Test report (each in period)
        <br />Date range: week April 4 – 10, 2011
        <br />Sent from http://example.com/piwik/tests/PHPUnit/proxy/.
    </p>

    
    
<h2 id="Actions_getPageTitles" style=" color:#0d0d0d;font-family:-apple-system, BlinkMacSystemFont, &#039;Segoe UI&#039;, Roboto, Oxygen-Sans, Cantarell, &#039;Helvetica Neue&#039;, sans-serif; font-size: 24pt; font-weight:normal; margin:45px 0 30px 0;">
    Page titles
</h2>

            <img alt=""
                                    src="data:image/png;base64,iVBORw0KGgoAAAANSUhEUgAAArwAAADICAIAAACF9KXqAAAACXBIWXMAAA7EAAAOxAGVKw4bAAAgAElEQVR4nO2deXwTVdfHT9s0aZu2abpvdEs36AotaykFyr6DYEGKrAKCiIggKktBUBB5fAHFDVAEhIKKIiqIRVn0YSsgArJvXaAVKLVQ2lDo+8fwDCGzZDIzyUzS8/30A5PJvef+5s7k3jPnzr3jUF9fDwiCIAiCIKZwlFoAgiAIgiC2AToNCIIgCIJwAp0GBEEQBEE4gU4DgiAIgiCcQKcBQRAEQRBOoNOAIAiCIAgn0GlAEARBEIQT6DQgCIIgCMIJhZDMOp2O3L5w4YJgMQiCIAiCyBf+ToNOpzN0FIw+isuJc/9YyDKCIOwkxvhJLQFBELnAf3gCQwsIgiAI0qDAZxqsTd9uraxvrW+3VsSfiEVbB1vUbHNgJSMIwhFxnAaLjk1QoW3jiJ3Y/FHp263Vd9v3E39GX81esW/2in3VNfdBllVHKGcSxi7Y0odD+mHW9MYsVBBLJSMIghgi6EFI+N+zkIYew6FDhwwTnD59ukmTJgJLuXK9xmjP2bNnqcnOnj27eNkXtF/JCh4Kp7347OJlX/C2ZpiGNLXul3Jiz8LVB4Z08LNy1bEckWECQhKTMBbBVjgcQ/19u7ViPxyxSrTQQS1e9gXTIdT+e9USJSIIIiFpaWn8MgqdPUENMDRv3pzlIz9UTz4ISdwYGd43G32kpbik2MtL665WC9cjkNjYWBFzcbFmlObRx/85DQCw4dd/XhjczN/bjYcw3phUTiYQcuw8KCsvd3Z29tZq2ZMZlk69Jm0R2vokH4QsLCzk3dDYK2VlZbW1tWFhYVILkRcnTpyIjo52cXGRWoiMqKysLC8vj4mJkVqIUESbPSETqM4EsUHuNEzAtG1kjckIsZ+9OKP9TDqpYgztGI28sPdMLHlJzX27tUrp8y6RrG2SZt9flQDw/sYjE3OaBvioqQfOXiht/RhlNKoxk0fEvQNmksp0JbCkAdazYBZMVUcrg1oWkzBRLm8mbfbh9yAIYlFEW6cB5Defwqih/GDVV8KNsDgZHFOaHDym5uXempvMS36cvWIfAIQFekQGu7VuFrd4zUEA+CD/6Ig+iVGhXrSyaQVQS2TKSCvD5BFxwaRUc08BAIwc0p3doeShh0mGSefVZCn8cpmVEUEQBAROuTRCRFkmMby5ZAkSGKafOHogNYHJ/oN6K0bdT1sceTMtpL8RmJfp6AiPAQCy0kIVTo4eauXscW3Kz/0KAJ9vPTF7xT5wcDTXRyHVMmW0XOdkMvRibtFjn+3z2YafDO2b5eqZ9K5Y9pPulGGJJt0gqkIelzeCIIhJhD4IKWdoW0zae1y7ud/i9gy8A/Ffapx/eJBHSem/AKBwcrz29w9PPZ2792gJAKT0fsfyMmTNyCHdTaZhGb4xqwb4VRe/y5t2WA1BEIQjEjgNA6Zs4Z74m/f68y7IqFksLinmbcpW4NITpPRZTGxkpIYYfZXdKsJX67Zl1zkgZmOOa6NwMjsWxWMsQIZ8tuEnkw9CMtW2uTVAa8cw5MCUgN0se3HoOiAIwgO5L+6Ul5fH9BXRnvILEpC5uIRw7QlyYKJ9eiPimUdDHB0cmsYH5PZ4NEV23sd/3KutM8u+3cRseCOHGuByeZPPu1hXGoIgto0ETsM37/VP1vzZN/VfLn+8S6E2iOQzDdQ2nd9DZCzFMbXaTG204aMSXNJz0cCSPbqRV7PGAUx2osO1Z/csJbbfXrVff/8BxxKpxYnSJ9H2bdz7Zu5VSn71yRdbjYYneB+IyTPLctbYwwwsuaiJqckQBEF4IM0zDSzxAxExalh5z54wNMixOJbHJ8mwsJFl2l6EOhTNLoNq1vBbMszw2w+rv/7gDwDYvHUP1Yijg8O920XPD0r9cPMxAJj/6X8nDWnG/aiZjstkRuq3tIfPlIUFluplUvvZhp+4n3qmsjgWzX7WuBckMJccYiQIgsgch/r6eqk1mEaUt1zyWNzJzppRwmnw8XIZP7CpSukEAHq9vqS0JDIikjZ9rb5uwcpHh2/9pZ8sV/kmLXNc3MnSMqwMkx5c3IkFXNyJFlzciYrdLO4k92caELEgwwzd2kQSHoNJVErFK8MfLej5/sYjl0puW0ocHfY34s4+i1Ja5KYHQRB5gk5DwyI+QhsX4cM9vadaNWd8RqukIAD47LsTJy/cePDQeqEpO/MbyEd35dZDy00PgiCyxZ7XaRCO3bSkZJghs1kjc/M6OTp0zYhSKBz3HS3J33EaAOZNaCuyPmYscQokPK3yvKLkqQpBEBliG04DOaoqBBXc9vfXajQa4aZslB6ZUd0zn1j5u6amRllfwaV6k2L8kmP9V+QfBYDZK/ZtfKeP0pnTGIct4qm6p1KpAgJEuOoQBEHsCRyesH/I1bR6PukxmIWjo0OnVhGvjmxBfBw8fau5SzggCIIgto5tRBrqincLN6K8WQwPtHVV0r8a25o8veQWsTGojYtfbWHdk6tiPtTrVRUldcU3OVprqq1/c7DHrI1VADB0xvdrJmldlQ6i6pUFin/KHZ2d6+5bdvaEtChCs6SWgCCI7YGRhgaBpyv0SnMVbsfRwSEuxHlhrifxcfjyitJbjEs/IQiCIHYGOg1PEJc1SmoJbJgrjwwzDO+gFjEkEBWg+PwFL2L7pc8qr1WYPU4h83q2D7CSEQQRHdt2GuKyRsm5ZSTkkX9SyUhs5JTZWCWuTTeV44djvVpEOwPA5NX/niq6zz1vXNaoM7tXM1UIe0VZuhqJM5X59IxW/ada7ZRZqCCWSkYQBOGHbTsNomDRhvXM7tXkn5VbcDLM8F3+CkvY9/FwfLmPe+cUJQDkbao6eK72IYfVRQmPgXehQvJyL2LvpoX7tyyx2imz3EGh34AgiLjYsNNAdD821CxKIrVDovLOjXMWMu7o4DC8vbp3ugoA3t16d9dftRYqSCps6OpCEASxArYxe4I71NC34W1cs56TjHYSKY06Bqbs5H7D7GRx3O8XaXNRjVPFGGZn2kOkT+nzLvHxw2XzmYzHZY36a+dH3Ua8SVsuMNSDkZ4zu1cPy1IHa50+3ln9yc7qvKWbd32cq1TQPz/BPczAdB6NLFDF0JZCrR/gdX/PsUKo6dmFMR2U0WVmcptWA9U+giAIb+zNaQC6foX42HHo7CM/LFe7qw13GjWpxJA2bXYuDbdwkezGTd71EunJgYkezVSbpi5kUZjUefz2z2dFRkaySwJT3duESRNWfrRi+Y/VwU165i6tWDdZy+Q3cIddD20Cs2yae+LMqhDeZQnPZVZGBEEQs7Dh4QkmaJvLuKxRu9bPM0zD1McwZafevbGkp8XQCEsTTxoX2Ks5O0JOhon3Uv618yNquVSFtPaN9mc2dpmb40HsyV1aUV0r9BUV7MfOo19kOYlcsnCvEKayjEo06QZRFbI/Q2qYkT0BgiAIP2w10mDUmlvh1orf2DZ7N2wJyDBDbntXgdMsuR8ymdJVExKbNQUARrxfsXy0JsBLXktNc4xGkNsmh4oElsUxF+0VTv0JALoLCIJYGAmchqqlZrxk3WNyDdNXVn5CjV9zLFUjHhvk1DVV0MvszQr+G6asuvdw9IrbADBpVeUHYzR+Ghn5DVxOx5ndq8vLyp2dnbXeT6wIae5oCG1ZhiEHpgQmFbIUh64DgiAWRe7DE3l5eUxfnTGYzWhFRbKGDDP0SndxdOAfZhASufFwdfzgOU26zhkAJq6s/LvYjCUcZIscnhIwehCHNs0Zm5pPhCCIzSGB0+AxuWZJxYxvvD7m8kdrgdqCm2woz+xe3XHobBYL7NCOLnPPbpZxpr6BqUTq0xUZ8crm0UpzFbKP0LPooVZO297PTe/n0TFRCQBz8qsOnddTl3CgPWXczwvHymHXyfskslcIe1nsYQaWXNTEtEUjCIJYDmmeaWCJH1iOXevnUadcAue5+CafExQC05OVRvtp+yryIxlm+PyTd1e8c5U64E2VndR5PO0RMRVBq4c2PQCM7Kh2UzlsK6xd/N2dCd3c2ie4GPWX1Jrn7cmxi2HXaW5ZwKFCeJclei45xEgQBLEbHOo5rOInOaK85bKkuNjLS0tMubRLCKehfRPluK5qJ0fTYxNxWaP+2vlRSUkJMeWSB1w6pJ+P1awsqAaA3Hau3Zq6JGWPtlAfJmLvSPtMg5U1iAWTJB5vuSwsLExLSxNDlP1QVlZWW1sbFhYmtRB5ceLEiejoaBcXQY9V2RmVlZXl5eUxMTFSCxGK3J9pQDhChhmeznDl4jHwg33GIC1dUl3Gd3UDgHV77q3dXX3q11X2FEvnUSHWRIaSEASxaWx1yiViCOkxDGrt4utpwdkKLCMdLHRMdAnQOM3dVLXjWO2OY7VHdqy0m86MX4VYB7upZARB5AM6DfZDUphTt6ZmxAPP7F6t1+vNLYVfP5TQyPntoZ6vrf8XAEZ+cHvf95/yMMKOVB2kbDtm2QpDEMR2sQ2ngcf4KxX9vXPg76/QaISbkhUDpmwhNjJbJ2tjIszKW1dTU1t9XhGaKL4sCnGhsDLm3qdf/3ngr2sTP61cmdfNW+NqhXJ5UPfwqpNKpQgIkFoIgiCIvMBnGuyEtk1D2qSGSK3CBN4a15F9k9IaBwDAmLztpy/dlFoRgiAIYga2EWmoOlwq3EhdcUV1KTiq7wo3JR+Grz9AbLTQqB+c+KfKzOx6vf5hSWVVjQjVyxFXgBebRXxyr+73yzdfX7ZnSvvY1BCzJylYGn35zXpnZZX2gdRCZMbZqqp6610qNkFNRcX9+/qqcqs2pB7pwdYsDkEMwUiDPdAsVJsQaEvDLsOaR3SNDwCA9347e+AKxhsQBEFsA3QaniA1J1NqCWwYySPDDP2TQxROtnQqXZWKZ9IictPDAWDFvvPb/76mf/CQKbEVToqQImR+zVgZrA0EsW9sqaehkpqTKedGipBH/olrnPQYusQHhmltcsWqznGBw5tHAMCGI1c3Hb0qw1MpQ0miI+IxpuZkHsvfy2KTvSyL1rZFf4wshVqnIASxGrbtNIiCRX/Yx/L3kn+WKCglWNMlLpA9jZxbro6xAa90iAOAnWfKXnjp87v6OmK/hJoNiya6QAmxQj2IdYykxyC5Ehb7Fv0x0pZohVIQxJrYsNNANFJW+/0LR0SpZJihcYDGz10lik2pSAr2yuuWoFY67b14Y8Lmwopqs5eOQBBzsaF2A0FkhW3MnuAO4Ukw3Sy2HdXNaCeR0qj5YMpO7jfMThbH/a6CNhfVOFUMuSelz7sAkN5ImxHlC0/e5BnZMTpAo8M5uLag/4xnacsFhnow0mNSv9FRM23P65E0+oPPvUJSX9py9OSOudSCuAQAjM6+Uaic+IpavdRT3HXSQNoDpBqn1cCegCkN9QBpzx3H64TlvBhdfrQ1YFIb9Yg4Xv8sv1AmJWQy9tPHpeZZVFH10Gow2r/ro6204sk0JusWQWwLe3MagK7pIT72mjpk3+rt7mq14U6jlogY76TNzt7niSWS3TjR6BAeAwCkNfL2dHFmMmsYiWFS2GJY9paFXxAvrGKRBAZtPW0jKLxCfNWqa3//mNEs82RZVULXOef2Lvvjo/WkQXZthlB7ESZ3hxbiGHcs/8rZWemt1VIdF/bD5FIPtGloD5C2wrlfJ9zTc9R29uzZ2NhY4cMQXM4muwPBUblAPRxrdcfyr8wtRXgdIohU2PDwBBNMreG2JRsM0zA1Q1xupLjccbIbYWk0SePsLUuMn3taoydWOKDaMSnp4NoCarlM2bn0NFQ7TOmpafTVt6Z3atIy3BsAYjJfPF5626xjoU0pbtPMfphc6oHpHHHRae51Yu5Fy/E8Cq9SkxYE9vomr0Bg/jGa1GC0f9dHW4m4lFGh7I4RF4UIIk9sNdJg9Ju3gufO70duMq5rLuTTDE+nNFIpnIQbZIH7IXO/iWcJLxMMbxHp6eK880zZkl/PTGwb3SLch7tgyRHSE3DJa+mehslLIPZvenOVRUsXgrm1RzuUIGJZYuVCELkhgdNQmP4J98Rph8cyfWXlHyG/Ll9sV+bRO6/bRvrGBniKatkYs+LDIh6mWqnITY/4/OtPQhL7frDv/O17egdHm3FtedcDx9q2tGfMZJ8M11tBAz+4qOIypAUcGhbDxLcqKu7f15P7aUfxuCtEEPkj9+GJvLw8pq+OGUygsqIiKUnps5jY6N4kyKIFWS5yQ1pmj9DeuLh3aFoYAKwvvBoY39USSuSDrYxwb3pzlf3F1W2l8hFEJkjgNKQdHvt9r9ITk1Rc/mgtUH/nJtuyY/l7e00dwmKBHdoBbO7ZzTLO1K2SAxPXz+wM9XKjKqHaMUsG+9OFLPa5V45Zt19d4oNebh8LAP7RHVYfuEgu4SAiAkcTTF6EVPtczhFL7dHa53heTF7zTPZ51BKX5zm4Z2cSwOMKNInJXxO1LKO5NkxhBhaF3L9CEMmRJvDLEj+wHNuWbKBOuQTODyWZfE5QCEwPqRnuJyZNJAV5vtdvmpES2hbN6JkPWtkthmUb2qG1afiRpSxxK4c06KoJjWo9dvf5fx48rM9pGmY0W4S3WdqPLDsJTB4jl3qgng4WVUbbTPa5nBeOAXyqfe4Hxf6z4u2m015+TGnMLYt75TOVxXH2hEUbEASxGg719fVSazCNKG+5LC4u9tJqiSmXNgcZZshNC+8cb2IJSI6k5mQeXFtQUlJCTLnkZ8EKbV9ZVc1Xx4oOXr0FAP/Xv6nWTWnxEsvLiCmXhjttKI5tIanElEsrF2oF40I0EM80BPgHWFOJ/N9yeeLEiejoaBcXF6mFyIjKysry8vKYmBiphQhF7s80IIYEuKvaRftJKMCscLdYBHi4DEpt1NjfAwBe2nL00s07VijUtpDkvBhhl487GG5L7rUgiBywmefSGzJkmGFoerilp1myY264Wyz8PVxmdG6yfM+5w0W38rafnN4xPiHIll4FbmmkOi+0Muymc5VJrSKIrECnwWZoFuKVEqI1nY4zx/L36vVmv+hBwtZzZMtIjYui4Fz5O7tOT8qMSQ/ztmbpMu82ZCLPQjKkOjqZ1CqCyAfbcBpEGcNTaO66+ft7aGzsDnXAlC3ExqCBKR4RIneTNTU1jp53PBLlPkRK4AEwMSMsuODs2m0nl+89N7p/cpc2kc4K8YfYKq7WqVQqjwCrDlTbAA7XPNJs41KxGtVlTg61tR5hWC1IQwGfaZA1pMfQs50uTmyPwUbp2yFmRJ9EAFi15fjmHX9LLQdBEKQBYRuRhtLDVcKNVBTXQWn1XbXt+UkRPp7NvQJEqQQj9Hp9ZcnD0hrxLVuUdI9AZZbT3jNXv/rlbNmV6t6pOjeloKmYRtws1yud6x9obaxaLE3VWSitxzp5goqKGv39+4ryKgAITveQWg6CWBzbcBoaJi+s/4XYSAjx9fVwY0/c0EgO9XNXOV+6eXTvueL7Dx70bxarVonpNyAIgiBUbO+226Jk5qRKLcEYD5Vzx/gwYluG8qwA01FH+XlN7dK8WVjA/ovXPvz16O3qWisLkxUN89qwMljJCGLbTkNmTqqcf8aEPPLPrLxkmGFAWqzKuUEEhHicyiAv996pukgfz8s3/525ZW/xrQYaPM/MSd2bf4ypAtkr1tK/ICG/AiGFWsIsSyUjSAPBtp0GUbBoK7A3/xj5x6OguABt80ih76aylWZub/4xcpu7Zj8Pt8md01Mb+QHAwp8OnCu7ZRFxTyKrKiU8Bt7ZheTlXoSQXwG/Ei1nWVZnH0GsjA07DURbaUO/Ye5SyTBDl0SeCzw3KBROjoNbNG4bEwIAS3858mdRudSKEEZs6AeLIAgVe4t7U+O0hvcc3Ua1NdpJpDRqxZiyk/sNs5PFcb+5oc1FGideTAUArXXBcYHe1BaWemdpuMdIpNEBGh1OwdqDz87oT/3KyBStTqb9TPVgJJK6bbhBLYjppBC4uyg/WDLk9Znf/HD84qd7jhf/+dWtq4f2bCykZmc5TWSar5bvYCmXtkqZatjQPsu1RL0k2M8y+06mo6P9aRhZoNVs1iVnFmZdY9SymIQxHRT7Fch0XEYaqPYRpOFgb04D0DWCxMchU3ttX71PrXY33Gn0+yeGXWmzc2llhIuE/4UZAjzdshuHszfo7GYNIzFMCrOHtfhi4RbihVUsksBUWyy8QgzhflKMeGvBwDmzv/n26PnQlIHjhk03ee4MMUqz9aNd1MRMVcruA5H7zUpvCUxWo7nXGwg79WZdY7zLEp7LrIwIYt/Y8PAEE0xdwoYl2wzTMDWIJnsUo+zmBhiouageAwA0DvIZNDZDSBPMJW/B2oOG6dnv5rl0t1Q7TOm5dEgsYuiTbTzSqUnEmMzkWH+vH45fDE7sW62/z0WeURoy0sClXFr7LH0Mkx6j9EY6Rem02C3wKMLcUw/MvwKTGmjLMllLJhVyvBrRY0AQAluNNBg1Pda5SxOYi7vCB3W1fVKjl/IoT1S4HzKXlLSnyRInLjXM303lfP33vyAq8+vCs44KlRBrHO+2hRRh05hbP9QLQNyyOOYyeTUyOXMI0sCRwGn4JL3QdKL/MfZwGtNXVm6p+bUdZuUiwwzXTv2oVPTkUZyImBWpllvDGhugndih6fRPPz4AENFiVMXdGq3ahYcdjpVAe8fMoziqWdqIvazgIoxj8IDf7b7JWuJddeSwkRAjCGJnyH14Ii8vj+mrvQbzuKyoyOJE+XrevPJfaTVYrpcyeprEEkUQhGg9rp/+Kczbw8NX982Rs6W375hrQc5dtR0gh+rlcjXutakpWghiaSRwGsYeTivt9b1q0gkuf7QWqM2NyV/13vxjQ6b2YrHADu1QKPfsXIyTYYaCH5fu3XiEWihTiYZPV3BJzwT7cDKLfe6VQ7Vv0W5Df/fm5E5pzcIDjl4tX73v+OUbt4HhMI0OYeCkrlRrLAdlcpjcKD7P/WEFs8IMXB7X4J6d5frhcepNwn6NsZfFHmZgyUVNTFs0giAk0jzTwBI/sBwblmyjTrkEzre8Jp8TFMLe/GOE03CrqHDre2tpCzUcZGVqTGmf0KTdSZA9rAXtETEVwVKWuJUj1r2dylnxdHqci8Lpjwul7+44fOnAKiZthiUSD0Jyr2faw2evH5auyyyM+ktqvfF2jrnr53fqzb3GeJclei45xEgQRCoc6uvrpdZgGlFe8FhcXKzVehFTLuUGGWZ4pWt6hK+XdQrNzEktWHuwpKSEmHLJz4KttJ5bj53/+eRlABjcIr61LtjJkS3GVlZepnR21mrFfBc577oymdEKY0kEZ8+ejY2NtURB3DXIAUNJFRW39PfvB/gHAL7l0oATJ05ER0e7uPB5kMheqaysLC8vj4mJkVqIUOT+TENDgPQYWkQGNfL2lFYMO9zj6nKjR1JUv6bRsQHajQdP7/r7qhVKFKWuuGS0sxF3mV9jMpSEINbEVqdc2h8aV2XvFB37HbDkiBhXtzIKJ8dOTSK0apf7dQ++O3b+33u13ZOj3JQWfJu2NetK5jMszELO15jdVDKC8AadBokhwwwZ0aH8pgXyZm/+Mb1ezyOXJcRYh7TwQFelIv/gmV/PFFXr6wa3jHd2crJccaI822G1sqxjU87lmkS2whDEatiG0yDKYOFdjcLf302jkdm443oAgORYv5ycxh5qpZULr6mpuePpGJwoszqxJMHgEZHi9e2vZ/84VlqtqJv0TJqvl6tRmrqrFSqVKiCgAVULF645QHAa1skTOJVV19Y6BIdhtSANBVkHw+2eAVO2EBttm4Za32NosESHaYf2SAgP9vzr3D9rvvuruEyEx2wRBEEaArYRabh8/bBwI2WVxbUOpRX31MJNiUvTeNfQoPLL129Yv2i9Xv9PVcnl6zXWL1pyxgx037Lz/u/HSv6+dH1Ef9/QgMdOW1lFubOz8716reiFRgSmi24TQRDEagiNNOh0Op1OJ4qUhsbLi4qIjfREtYsKQz7WRu3q1Ddb2zzR7Vblg28LKk5duCe1IgRBELkjqK/S6XQXLlwQS4psyc7IMbmHfT8V0mNIiHaJiTDx/CN3s9axYzd4qJ2G9PRp39z9YpF+5Vc39h+781CMZUuwnhEEsVcEOQ1SeQySNMqWKDTQx6lHO43CyUG4fZPZszNyCn7PZ0nJbsHSdZ6dkWP4Z9GyyBKJje7tvHplaeIiXTbtqNhXKMLzDQW/56PfgCCIXWKTUXGi87PdQskwQ0yEa26/YbT2xe11SI+BN1ao84Lf88k/K3S65BE5Kxw6tvJMT3ALDVR8W1D5/a+3a/VC4w3oNyAIYpfYpNNgHyREu2Q1x5la9Fi/001LUHfN8Arydfr1YNXP++sePrSB5dURBEGsjPizJ0pKSgw/lpWVBQYGCrR549ZNw485fSfkf7eC3MjpO4H8ithvmJLcPzxn6trN/9e36yijZIZpqDsfCbhxkyzUcA81440bj6XSJnhrVTWxEej9YFCPoWAQVCCTERkNe02TZo3SGEIoN/yW2Nb/c3vn1cUAcP2HjjGDs4kSmerT6PCN6ofIRa18oyOiambXT+xhOr9UDUxl0Wqjinlx+AQ3bZifrv0pSD518e6pn2esy3+b9lioZVGt5X+3gqhPw53Kh6V0h24zlJbatn7RuXv3bl1dHVaLEXV1deXl5QqFbczOsw41NTW1tbXyuVSCg4P5ZbT5k0rtzFga92GDXmLv2Ax9EcM07OVS+ySTCeLCHROjFYZ9rVH3w9QzmSyXO4THAABnY3bVb6yntWny0IChfpjSm6uZSQ+TBt5lkYlvVT78cHO1g4NjUOOetyofemsYo3Fc6gpBEMSeEN9pCAkJYfnID72jsXfm6+tDbFDH2omvjEbxiXD3dztWu7s/XqeBNg2LTbJQozRERmIPS+kFv+c/nmaZ5BXeSG10LIb2jT6ym6XNzmQKABxLK76/9i4AqC/Hqms8yuMLz8X8+mKPrC93HcgvWMOUl1aD4VdUAb6+PuyamUSSaWjLYtLAVJZRocR2diluyPgAAB33SURBVEYOWeKT1QiTBpfNe/cP70bp63+sHT/YP7ffMKaqZrokaA8KAIIDeXr3cuDatWu8707slbKystraWqwWI27duuXv749vuTSksrLywYMHdnCpCHIayBUaiA1bnH5puYFzFssRwcrkODfRzXKkZVAw4TE43vZpFd/hfpiX93bt6ahfbqcfH+LSXKBxWjhqNkxm2AGbdci868coo0Lp3rlbu8KT1d/tqnD3izVMRmpj8TIRBEHsEkFOAz8vYe4aMxbFmzNchLUgWaA292K5EVTLZJihdweNs8JBLLNmsWbH+LjnAAC8LiS2bd3ZIyGypKSk5fMDPdd7HvT9pjLxxLcfLs/K7KVNjBRSihEcNdMmMwoemDw7TGWRoQKmOIfhzrKycmdnZ29v7fatOwAyda3H7v/zDktx6DogCNJAkPvsiby8PKkliAPpMbRIUkeGih+149JjrdkxHgBcr0Z6XIxv166nT9M48qvGQ7sUfeHlUOVZGXVya8miihOXRFfIA+EzRQVy7fSP1/7+sXGUatP2innvr2JyWaw2TRRBEERaJHAa5gw/XH+pVwRM4vLHuxSjRpy2Qac29OTNKHtGI6h9G1MXkhTjktXc3aRBJmgFc9RJeAwuJRFutZoP1v3XKJaQnZEzc/3CC5vrNRcTAGBryaLS3X9y0WByqSgWzebCZJNjWexhBqOMg3qPB4Bf9qwrP7eraWN1gI/T1z9XBMZ3/2HXBuEHgiAIYqNIM3vCOvEDw56AqRc32k8+fGcyI9MAPK3llD7vEhuBfs5BfkqmZDz2c7kRL/g9n/AY1JdivfTebQb17vXCeCPjhJ19xVcnZ4wr+K++OuLczpoPM74ezGSQWj9UYUx1yD14wNGmJcra/P1H5HZ6otrZ2WHX/n8Bsr/5peKZnj60WajLc+GABYIgdoZDvRiL7VsaUd5yWVxc7OWlNZw9YTWIsYnYcNXgHt5enlZ11Kqv3dx8/A0AcKrwjq5o1ur5gYbf6vX6kpKSyMgnog4P9Pe3rfzktu4vAEgp7pU6uhd7EXLoHcXVQD7TYLjzYlFtwf7Kvy/WJkS7PNVZa/I80kqy6bdcFhYWpqWlSa1CXhCzJ8LCwqQWIi9OnDgRHR2NsycMqaysLC8vj4mJkVqIUOT+TIMd8PjdVDGuVvYYAIDwGFQlYcojAUYeAxNOSufOfQYFnWkBAH+Gbjv08TeWlcgLo+EJK3gtUY1U/Tt7+3k5nTxfs2135a3KOnZ5kjtSCIIgooNOg5Xw1Tq2TLZqkOPW8fOPnnwsikp1bfH0O5O5j8G7hfp3eXGU7mwWAJyK+HnXsi9qK/61oFbzIYYGiD+rdc++Xornh/inNXE7cqp6+bqy6zfu0yZDjwFBEHvF5leElDlkmKFftrfS2XouWsWJS8RiDA6VXlnx3QLaJoP5cwJbjxuoWKk4oysoivvj17W13V58jjaZVB2kJOV6eSr6dPR68PDhsdM12367ndXcIybcOAaLHgOCIPaKbTgNoowE36/S+Pv5azQa4aY4MmDKFmKjZVJQj4xWViuXXAnD62Jij8xhMZ2ymVLW1NTo//WMCExkSqCb1/rX5cv3eK4piyvcuuL+U30mhqTb/6i2o/6qSqUKCAhgSpCkg482Hf35v5dPXah58Zm09s1xSBtBkAYBDk9YnLQmAf06xppOJxKEx+BSFKW+FDuw9yQWj4EjHSZN6uMyw6nCp0J3fOXJcf+cPiOGTJtnZL+knG7xALDsy8Kd/70ssRoEQRCrgE6DpSDDDIE+6rgIb+sUSngMrsVRbnqPl17/XKyoQNOcgQN0kzQXEwFgxYGhp3/6SRSzNo1Kqcjp2viFwc38fdw+3HR0/Q8n79WyPRqJIAhiB6DTYFliw7x6tou2TlmEx6C+HOtdHfjsc3MVSqXJLNxp0rvXgB4TXK/oACC/fNahL9aKaNx26dgyPLdHQuNI769/OfvZt8elloMgCGJZ0GmwCGSYoVlCYKCvxSdN3Ll+nfAYnG5rw+qjxixYpmkUKnopYS1bTHz+A+/zKQDwY/3Sne/9R/QibJG2zUKHdG+SGuv/y/4r73x24FblPakVIQiCWAp0GiyIl4eyb3trLOWxZEcvAHAtjkr4N2PA67MtV5Dazzd31Kygcy0B4A/vL79/6y3LlWVDJMb4jR2U6u/tuv946edbT6DfgCCIvYJOg/iQYYYRfZNVSsvOTyk5XPjoyceSiBZeWf1n5Yk7KkFFGxkxdv4HUec7AMCRkG/WzJx6r7LSoiXaBIG+6nkTMtulhe47Uvza0j1F1+W1rAWCIIgooNNgKZJj/NqlNbJoEXPXpK88OQ4AHG/59kwY0X7iRIsWZ0jOq3kJl7sDwOWY3eveecNq5coZfx/1iL5JrZKC/qmonryo4OSFG1IrQhAEERl0GkSGDDMM6GTZaZbkYgyai4mD4icn9jXxhghxUbqrB855M+NWLgCUxu5/f/bo0mP4GCB4ebi8MqJldstwAJj1/t69R4qkVoQgCCIm6DSICekxZLcIT471t1xBhMfgdjXa7Ur0oN6T4rt3t1xZLHSa8lJPp5cUNwJu6v789M9RlUXFksiQFY6ODqP6J+d0jQeA99Ye/mX/ZakVIQiCiAY6DeIT5Kfu29GCzz8+8hiKda569YTn35d2icb03Nzekc9pLjUBgP/b1Q+XcAAAV5Uip1vj8YNSAWBF/tENP56q1eMSDgiC2APoNIjG42mW8YGhAR4WKuXRYgyXYrXVfkNHzVL7+VqoIO4kD+g3oPsLLsWRAJBfPuto/mapFcmCTq0iJg9NA4DNO8+s2XpCajkIgiAigE6DyKiUjrm9mljC8t1/bjxajKHCN/hh2JgF72sjIyxREA/CWrYY/+x7PudTAWBrzaJf318htSLpcXR0yEoPy3s+o3GUz/bfLy1ZcxCnYiIIYuug0yAOZJhhWK9EC02zfPfHbgCgvhrdpKr1wOmzLFGEEDSNQgcPnxF4rgUA7PFY/cOihVIrkgXJsf4Tc5oG+6l/P1ay+tvj/96plVoRgiAIf9BpEJPGUd5d20SKbpZcjEF5LaSpZ5sBs+Yo3S2+yiQPfKOjx81fEX42EwAOB371xcyp+jt3pRYlPcH+Hm8816Zt09A/jpXOWLobl3BAEMR2QadBBMgwQ++sGCcnkauUXIxBUR7YNeKZ7MkvimtfdHKm5zW51A0ALsXsXvf261LLkQVBfu6j+ielNwm4fuPu5EUFZy7fkloRgiAIH9BpEArpMWQ2C22eECiu8ceLMVxq0jdmbLPBOeLatwSuGs2gvPltbj4DAEWxv38wa0zZXyelFiU9Xh4u00a26tQqHABeW7r7v3+WSK0IQRDEbNBpEIcQf3XPdjpxwwykx+BapBvUa3Jivz4iGrc0nV9+ucvDFwDgRvSxj44Mx6WmAcBZ4TiyX/LALnEAsPjzg78euiq1IgRBEPNAp0EQZJghNtxHF+olouVHizEU6XzOp44bvkTaxRj40XrkiH5ur3lebgwA73ybjUs4AICrSvFM9yaj+ycDwPIvCzdu/1t//4HUohAEQbiCToMI+GhchnRvLGKYgfAY3K9Ea2p8ho6aaYn3XFuHlEFPPd3zJVVJOADkl886/s23UiuSBd0yIoklHDbtOL1uG47dIAhiM6DTwB8yzNC5dYSv1k0Um/o7dwmPQXHTz08fOnb+CvksxsCPkPS00QPe8jmfAgBbqub/sXKV1Iqkx8nJMSs9bPa4NgCwbc+F/1t3uOLfGqlFIQiCmAadBqGkxvl1b6sTy9rbX2cBgPvluLh/mw+eMVcss9LiFx83ePhrAefSAWCn84fbFy+WWpEsSI0PeG96x/Bgzz2FRZ9+82d1zX2pFSEIgpgAnQaekGGGjNRQD7VSuMG5a9KJGIPzP4Epns0H5s2T52IM/PCNjh4//6NGZ9sAwAH//LWzXqnT66UWJT3hQZqpz7Zokxqy/8/S3Ne24RIOCILIHHQa+GDgMYS0Tg0RbpCcKOF8LbSTX06nKS8JtylDhkx/M/5iFwC4GP3b+nmvSS1HFoQGeIwZkNw0zg8AJi8qOH+1QmpFCIIgjKDTwJ/IEM8OzcPcXJwF2iE9Bs/L8T11w1oMHyZYmkxx1Why5r7VsjwHAC7H7P5g1nP/nD4jtSjp8fJwmT6qVefW4QAw/b3fDp+6JrUiBEEQetBpMBsyzOCtcU2K9RdojfQYXIojcvpOTxn0lECD8qfbtGkda8cCwI3ooysODJVajixQKRUj+ib3z44BgLc+3b+nsEhqRQiCIDSg08CT8CCPYb0TnBWCKvB/izFE+1xIHZ2zMDg1WSR1cidz7NjeylfUV2IBYO6a9LM7fpZakfS4qhTDeiUO75MIAP+37vCmHX/fr3sotSgEQZAnQKfBPMgwQ3JsQFigRoipRx7D1WiPe9qhI2f6RkeLoM92aDZk8JAeU5XXQgFgw/XXcekngl7tdC8MbgYAG7ef3vjT31LLQRAEeQJ0GvjQIjGwZ2YU7+x1ev2jxRhuBPjWBo5f8KGtL8bAj5D0tOHd5nlfSAGA/PJZh75YK7Ui6XFycuzYMnzm2DYAsGXX2WXrcQkHBEFkBDoNZkCGGRpH+fr78J8PuWBDGwDwuBQfW9V08DQ7WYyBH8GpybkjZ/meawYAP9Yv3fmf/0itSBY0axyweGoHAPjtcNHoOT/hUtMIgsgEdBrMpmVSUFZ6I355ycUYFLd8kjybDcqb76oRNMZhB2gjIybO/yT4bCsA+MPny/Wzp0utSBboQr3em96xVXIwAAyevhWXcEAQRA6g08AVMszQKjnYy8OFhwVyooSqOLyjx9OdX35ZNHG2T+70BXEXugDAed0u9BsIwoM04welJsX4AsDkRQWXS/FNoQiCSAw6DZwweJultnUKn9WcSI/B/Ups1+jBrceMFk2cXeCq0Qye91aLsqcB4Lxu14ezxt04f15qUdLj6a6aPqJlp1bhAPDy4l3HzpRJrQhBkAYNOg1mkKDzGdkvWensZG7GxzGG0rAhfWY0zRkktjQ7ofv06e2qRgJAeXThunXzpJYjC9RuypH9kvt1jAGAeR/98fvRYqkVIQjScEGnwTRkmCHA1z0uwtvc7I+mVl6J9rmQMrLXmw1nMQZ+dHhhYg+Hya5FusrIU7iEA4GrSvFs78RnejQGgCVfHNr08+mHD+ulFoUgSEMEnQautEoK6p1l9tss/7cYg05dqxk6clZAUoIFpNkbzZ8dltvrDeeyYADYcP31C7/9JrUiWdC3Q+wLg5sCwMaf/t7882mp5SAI0hBBp8EEZJghLMgzPMi8mQ6P3lpZHuhdEzBhwccNczEGfgSnJudmzdReSAKAdVdewSUcAMBZ4dixZcQbz7UGgPwdp9/fUHi7CpdwQBDEqqDTwImUWL9OrSO5pyenVrpfjNfdTXlm+psWk2a3hLVsMWzkHO9zqQDwY/3SgqXLpFYkC9KaBC6c3A4Adh28Omr2TzhOgSCINUGngQ0yzNA8MdjXy5VjLvKxR8cqTaJn05y8BbgYAz+0kRGT5q8MPNsCAPZ5fbFxNr5NGwAgNsLnP9M6EtsDp35bXFYlrR4EQRoO6DQwQnoMwf7q7JZhHHM9fmvl1aj2iqe7Tp1qEXENidyX5sVc6AQAZ3Q7v5z9qtRyZEFEsObzN3s0ifIGgBcX/oJLPyEIYh3QaTBBUozfyL7JKqWCS2LSY3AtjsqO7Jc5fpwlpTUU1H6+z8xbmH59IACc0xV8OHNcxaXLUouSHk931fSRrbJbhgPA5EUFpy7ekFoRgiD2DzoN9JBhBjcXRVqTQC5ZSI/B+Vro8D5z0nOfsZS4BknPV2e0rXwWAMpjCtd8nie1HFng6a4a1T+5dzsdAMxcvvfA8VKpFSEIYueg08BGsyYBA7JjuaQk33PtfSF5eCecWmkRsl98sVv9JFVJWGXUiblr0s/9UiC1IulxVSlG9k8e1CUOABZ9duDrnWekVoQgiD2DTgMNj59m8HWPCTe9mhPhMbgWRbrVeD773LyQ9DTL6mvAtBwxfFi3WYryIAD4suTVqwcOSq1IFgzsHD9+UCoArP/x1Ne/oN+AIIilQKeBkehGXj0yTazmRE6tVF4P8arxn7jgE02jUKuoa7iENGv6TMvp2otJAPDZ6Qm4hAMAOCscu7SJfG1MKwBY/8OpAVO2VN3VSy0KQRA7BJ0GY8gwQ3pCUKCvmiXl43dQXYyPuJswbNpbFheHAABAZLvMYSPmeJ1LAYAf65fuXvGh1IpkQfOEoAWT2hHbw2f+IK0YBEHsEnQa6NF6qvp2iGZJQHoMUOOS4J4yZN5buBiDNdFGRjw/Y1nAuXQA+E29avPcWVIrkgWNo3wWv9yB2B4wZUtJOS7hgCCImKDT8ARkmGF4nySWaZaPp1ZeiWlXN7jbtGnWEIc8idJdPWzy/Ojz2QBwKuKn/Lw3pFYkC3SNvNbM70lsT3r7l2v/3JFWD4Ig9gQ6DY8hPYaUWL92aY2Ykhm+57pDRI8OE1+whjiEDrWf79A3F6UW9QWA05E7Ppr5fGURvjkaPNTKVXO7d2wRBgAT39qJSzggCCIW6DQYkxzj1595miXpMSjKgkf0mtv82WHW0oUw0nP6q21u5QJAWcyhLz6dLbUcWaD1dBk9IKVHZhQAzFy+99DJa1IrQhDEHkCn4RFkmMHP2y051p82DekxaC8k5WbMCExKspI4hBWFUtl5yktd6iYCwC3d8blr0vFt2gDgqlKMGZDSv2MMALy9cv93u85JrQhBEJsHnYYnCPRV9+sYQ91fp9c/WoyhONL7XMrw594Mz2hjdXUIG61HjxwRvUx5rREArLvySunRo1IrkgWDuzcZOzAFANZ8f2JLwVl8KyaCIEJApwHAIMyQ1jggxN/D6Nu5a9IXbGgDAKrrjTT3fJ+f/SEuxiBPwjPaPN1qstelBAD49Phzh9d9KbUi6XFWOHbLiJoxuhUArN12cuDUb+9W4xIOCILwBJ2Gx7iqnIb1TjTa+XgxhsvxYXfjnp22UKFUWl0awhVd+/YjRi/QXkgCgB8e/GffJ5/U6bGPhBaJQW9ObEtsD3vjB4w3IAjCD3QaHocZcnslKp2dDL96vBjDPZdY58bPzFuIizHIH02j0NGTFhNLOBSoPvn+nYVSK5IFCdF+70xpT2wPnPotLuGAIAgPGrrTQHoMTaJ8urSOMPyK9Bg8rsS3vf9091dwMQabQe3nO2zy/KjzHQDgeKOtm/JmYrwBAKLDtGsXPF7CofzmXWn1IAhiczR0p4EgMdqnd/toJ6fHtfH4PdflQRlhnbMnvYijEraF2s932JuLm1zuAQB/R25fNXfy3X9wuQJQuylX5nUjtsfP//n0pZvS6kEQxLZo0E4DGWbw9nRt1jiQ3G+wfFP48A5zWo4YLoE4RAz6vzazzY0hAHA99tBnS1/T38F7a/DWuG5Y1JvYfn3ZnsJT1/ERBwRBONKgnQaCYD91j3Y6Z8WjqiA9Bs2lhEGtJ4WkpzNnReSOQqnsPHVqp/vPA8DNmKNvf511ac9eqUVJj0qp+GpJv95ZOgBY8Ol/d/x+UWpFCILYBg3XaSDDDDHh3rpQLzB4z7VbcZT3+eQx4xfp2reXUCEiFhljRj8Tssi1JBIAvrg0pezU31Irkh5HR4fcXoljBiQDwKffHB8wZQvGGxAEMUnDdRoI/LSuw3omODk5Ph6SuBbucc9nzCvvuQcGsudFbIiYTtn90p7zvNwYAD46NAyXcAAAZ4Vjj0zdtBEtiI8Dp35bXXNfWkkIgsicBuo0kGGGTq0ivL1cHy/GcCUu9E7U8Gk4tdIOie3a5blxiz0vJsCjJRw+xSkVANAyKXju8xnEdu5r2x48eCitHgRB5EwDdRoImsb7d8uIerwYw111lENs7vzF6DHYK+6BgaPGLPB/tITDx9uX/EdqRdLj6OiQFOu/6KUs4uOgV767fgMfF0UQhJ6G6DSQYYaM1ND/fPXoFRKelxu31T/V+9XXpNOFWANNo9AR0xZFnssCgMLgrzbPnYXxBgCICff+7M0exPaEBT/fqLgnrR4EQeRJg3MaHnsMTUP2nn6K2Fbc9GsV2jH7JVyMoUHgqtE8O39J/MWuAHAq4qfV86bgVEwA0LirPp7dldgeO287LuGAIAiVBuc0EESEeN6pn0BsuxZHDW01u/XokdJKQqzMU2/MaVmeAwDXYg6sWvjyvcpKqRVJj5/WbeM7fYjt15ftOXq6DKdUIAhiiCCnQWeAWIIsysi8XcSGxu9VYsPzcnz/luMi2rSWThQiDQqlstu0aZ1qxwFAeUzhO99mX/n9D6lFSY/S2Sl/cV9i+82P/yg4cFlSOQiCyAv+ToNOp7tggK34DSmpC1JSFwCAW1G01/nEsRP+L6ZTttSiEMnIGPtcTtBbbkU6APj8/Is3LlySWpH0OCscN7/bd3T/ZAD4cNOxAVO24JQKBEEIGtDwxKsrThDuAgC4lEa413iNnrhQ7ecrrSpEcuK7dOmdNsL9aiwAfLBv0JENG6VWJD1OTo492+kmP5NGfBz0yne1+jppJSEIIgcakNNAegzqq9HB1ZEjpi3C5ZsQgvju3cePX+ZxOQ4Avte/e27rtgc4pQIgM63RnPGPlnAY8ur3Dx7g8w0I0tBxqK/n2RAQwxNMH+UGuRiDQ5Vn/I02T+fNl1aPTKipqTl//nxiYqLUQmRBxaXLX65660bMEamFIAhih2jPpLz41iqpVQhFIbrFQ4cOGX48ffp0kyZNRC/FXJp7LTh0+w2Pi/FhDrHhXbsUFhZKrUgW1NbWFhUV1dbWSi1ELqR3yT3xo0txY3wiEkEQkbnncVs+XU9aWhq/jOI7Dc2bN2f5KBlp4PTJtbsuFQNemyK1FBlx7949Dw+PpKQkqYXIiJbt2r03Z5jzfRetk1ZqLTLi3v37JWFHA65gUOoJbnuVOD5Q+vwbIrUQeXEt9IRXaaSq3kVqITKi1qHG9YE7765aPojvNMiWiKzW/v7+UqtAbIABo+a7uLgEBARILUReHDp0qPkEedwDyIaysrKamprw8HCphciLv/76Kzo62tXVVWohMqKioqK8vFxqFSLA32kwmmYp5wcaEARBEAQRjqBIAzoKCIIgCNJwaEBTLhEEQRAEEQL/KZeWgxj1MJrPCeIFNkSZHSrJFFPaZTclPBaqHhsKPsl8krAlaICHjHCHy3Az90tIyMUm4cC3hYoW+NMz6gGlfTCgAT0ISUCcPFFOofUxvGjEdaF4G5SwE2JfKUQOriF5ncjEvxTLsh24mEZijJRwPEYb7RdpEffnI6RVkXAFIAsVLbCNJbNbVCR3ZDo8wV5Hhm/JIv/l/d4sqgXDf2nTy+FHDhSFhjXGu0Jo65O9QuwVo98qv+wE4grjgmHRIsoQUicXnkS4GIGwiOHuMfBuc2T+4h6iBpjaAXMF22irQj01onQ65taGHH4shthYpIHqQBjtFO7bUm2yCJAhwv1Q2vpkqRBy28o1Y+i8G/ny1Aad3M+7OCObtOUaJeZdlkUxPASBV4tZdULNyEe9xTCUzftXw6Mq5IxROyD8dtlo23ZrRmCnY9O1YWNOAy3cK5o8K0ZXP8dbDVs5qdyhrRDaY+SyU1b1Q+tfUvfwtilnd4oFqn8srkHbav6MECjbpquC1snmh8BWRUK4V4LATscmaoMJ+ToN5PmTVVUaXlKybQ7kHPGzFYT/1AXGeyyEHDoDmdQGtXuwWk8gYg8tItQrVpKWRNrxGoH3FQ0B+ToNFkLIdSDPboCKuRFmyymxDkwBJDs4NMRySPj7FT6GaAWE/JQE/vTsrOe2g0MwRNZOg1ihQu57bBem65JlVJW2QswtVNoKpL0pYXnOwCzjdvZTFwXhdSL5NSMWdnZ5CByYZ9kp/EEi3tnFLc7kgXDsdIQolAOydhqoUMN6Yo3Lim7TChg9eEWO5giMfHLPLpMoq2G5TKfPaCf7MJNd/tRNgnVCSwOpCtrfMvW4eI8am9VQGD1PajXYK0HEroFfbYjVwgtEjk4D+9Cg0bfsH9m/4miTu0irQauc6XBMGjHcQ+tri/JAkJWxxO/f5twpk9D6nWZhbvMn26oQjq1fHhx/+CYPjbrHhloVdp20D6+Y2+kIrw1pLxg5rggpHLPaJvtuyABrwxQcD7lB1QzWCQlWBS3YqhjB/RhtvTbs02lAEI40nJ86d7BOSLAqEMQIdBoQBEEQBOGETJeRRhAEQRBEbqDTgCAIgiAIJ/4f56uikJA6mW0AAAAASUVORK5CYII="
                                height="200"
                width="700"
                margin="0 auto"/>
    
    
        <p style="width: 100%; text-align:center;">
      <a style="color:#0d0d0d;font-family:-apple-system, BlinkMacSystemFont, &#039;Segoe UI&#039;, Roboto, Oxygen-Sans, Cantarell, &#039;Helvetica Neue&#039;, sans-serif;; text-decoration:none; font-size: 9pt;" href="#reportTop">
          Back to top &#8593;
    </a></p>

    <hr style=" border: 0; margin-top: 50px;  height: 1px; background-image: linear-gradient(to right, rgba(231, 231, 231, 0), rgba(231, 231, 231, 1), rgba(2311, 2311, 231, 0));">

    <p style='font-size:15px;line-height:24px;margin:0 0 16px;color:&#x23;212121;font-family:-apple-system,&#x20;BlinkMacSystemFont,&#x20;&#x27;Segoe&#x20;UI&#x27;,&#x20;Roboto,&#x20;Oxygen-Sans,&#x20;Cantarell,&#x20;&#x27;Helvetica&#x20;Neue&#x27;,&#x20;sans-serif;text-align:center;font-size:13px; color:#666;padding-top:30px;margin-bottom:0;'>
        Powered by
        <a style="color:#439fe0;" rel="noreferrer" href="https://matomo.org/" title="Matomo Analytics">Matomo Analytics</a>
        <br />
        The leading open analytics platform that respects your privacy.
    </p>

        <p style='font-size:15px;line-height:24px;margin:0 0 16px;color:&#x23;212121;font-family:-apple-system,&#x20;BlinkMacSystemFont,&#x20;&#x27;Segoe&#x20;UI&#x27;,&#x20;Roboto,&#x20;Oxygen-Sans,&#x20;Cantarell,&#x20;&#x27;Helvetica&#x20;Neue&#x27;,&#x20;sans-serif;text-align:center;font-size:13px; color:#666;'>To unsubscribe from this report please follow this link: <a style="color:#439fe0;" href="__unsubscribeLink__">Unsubscribe</a>.</p>

</div>
</body>
</html>
