<html style="background-color:#edecec">

<head>
    <meta charset="utf-8">
    <meta name="robots" content="noindex,nofollow">
    <meta name="generator" content="Matomo Analytics">
</head>

<body style="color:#212121;font-family:-apple-system, BlinkMacSystemFont, 'Segoe UI', Roboto, Oxygen-Sans, Cantarell, 'Helvetica Neue', sans-serif; line-height: 24px; margin:0 auto; max-width:1000px; background-color:rgb(255, 255, 255);box-shadow: 0px 0px 5px 1px rgba(0,0,0,0.75);">

<a name="reportTop"></a>

<table style="width:100%; background-color: &#x23;3450A3; color: &#x23;fff; padding:10px 0; margin: 0 0 25px 0; height:64px;">
    <tr>
        <td>
            <a style="color:#212121;font-family:-apple-system, BlinkMacSystemFont, 'Segoe UI', Roboto, Oxygen-Sans, Cantarell, 'Helvetica Neue', sans-serif;; font-size:16px;padding:0 15px;padding-bottom: 8px;color: &#x23;fff;height: 22px;display: inline-block;vertical-align: inherit;" rel="noreferrer noopener" target="_blank" href="http://example.com/piwik/tests/PHPUnit/proxy/">
                                    <img src="http://example.com/piwik/tests/PHPUnit/proxy//plugins/Morpheus/images/logo-email.png" height="30px" width="auto" alt="Matomo,&#x20;free&#x2F;libre&#x20;analytics&#x20;platform" />
                            </a>
        </td>
        <td align="right">
                        <a style="color:#212121;font-family:-apple-system, BlinkMacSystemFont, 'Segoe UI', Roboto, Oxygen-Sans, Cantarell, 'Helvetica Neue', sans-serif;; font-size:16px; padding:0 15px; color: &#x23;fff" title="View Web Analytics reports for A very long name for a very tiny test site, that also reaches the 90 character limit fully." target="_blank" href="http://example.com/piwik/tests/PHPUnit/proxy/index.php?module=CoreHome&action=redirectToCoreHomeIndex&idSite=1&period=day&date=today-date-removed-in-tests">
                Dashboard
            </a>
                    </td>
    </tr>
</table>

<div style="margin:0 20px 25px 20px;">

    <h2 style='color:#212121;font-family:-apple-system, BlinkMacSystemFont, &#039;Segoe UI&#039;, Roboto, Oxygen-Sans, Cantarell, &#039;Helvetica Neue&#039;, sans-serif; color:#37474f; line-height:30px; margin:25px 0 15px 0;'>
        Hello,
    </h2>

    <p style='font-size:15px;line-height:24px;margin:0 0 16px;color:#212121;font-family:-apple-system, BlinkMacSystemFont, &#039;Segoe UI&#039;, Roboto, Oxygen-Sans, Cantarell, &#039;Helvetica Neue&#039;, sans-serif;'>
                Please find below your day report for A very long name for a very tiny test site, that also reaches the 90 character limit fully.
                <br />Mail Test report (previous default)
        <br />Date range: week April 4 – 10, 2011
        <br />Sent from http://example.com/piwik/tests/PHPUnit/proxy/.
    </p>

    
    
<h2 id="Actions_getPageTitles" style=" color:#0d0d0d;font-family:-apple-system, BlinkMacSystemFont, &#039;Segoe UI&#039;, Roboto, Oxygen-Sans, Cantarell, &#039;Helvetica Neue&#039;, sans-serif; font-size: 24pt; font-weight:normal; margin:45px 0 30px 0;">
    Page titles
</h2>

            <img alt=""
                                    src="data:image/png;base64,iVBORw0KGgoAAAANSUhEUgAAArwAAADICAIAAACF9KXqAAAACXBIWXMAAA7EAAAOxAGVKw4bAAAfG0lEQVR4nO3dfYweR33A8bnL+c6+8/kuvvezfbZzScw5LxjZgYDlBHAUXAgY8qKjhAaRFoeCEkhbSqq24pD6IhUqaFCRwh9I8E9rlSaKolYRiJYoQmqJA2kJtQk9gq/E5HrBPI658704vv6x7mazOzM7+zI7s899P7Ks5/Z2Zn47u8/u75nZfa5ldXVVAAAApGl1HQAAAKgHkgYAAGCEpAEAABghaQAAAEZIGgAAgBGSBgAAYISkAQAAGCFpAAAARspJGsbHx0upBwAAeKuteBUVZAzP/mTOdhMApK6+YsB1CAB8UXSkYXx8fHp6upRQAACAzwolDWQMORw+dH31tR0+dH3wr8Smq1HHmGuHTgZgKH/S4DBjkJ7jgoWc/pIOH7r+0cf/LfinX62ykAwFkasC0wdse3PCPKzKbMxSQ5pOBoCoQvc0RO9mCHOIp556KrrOiRMndu/eXaQVIcTJFxdjS5577rnkas8999znHvy69FdeyRHhp+6763MPfj13bdF1VFVV3HWaLYquEISkCkwTcAWbE43/8KHr9ZtTVouWNupzD35dtQlLL8/YaBGAQ3v37s1XMH/SEB1miI46XHfdddHVYj/GzM/Pz8zMTExM6NvqeO2NkMEHo+jn5tiPnrvyyitLLGVSW2ydfAGULgyjcaaxuLg0PDSkWqHIttsTbT15TNaRtD8ruxHy5MmTnZ2dAwPcd7mmHT9+fGxsrKury3UgkCvh6QmvJJOJ4EW4MLqC6nWsNlUlwXJ9c7HlqjiTwUTric28GM4yJMuGMUurSvZGNGxNo9L+iRWM9VgsjK8dfTxZp+EFWBWq6kjQrCO0eyETVddJw0i2pQqslMNbFVtz5D0ArGq2pCEqNScoUknq9Ua1ZurkcbKs+dk8tWy+qpI/alpUFdSE0TjTSI2nSKhZd4EodvCY9EA0jHxtFS+VqSAAiLK+3Kn6OyKjHy41gwTS9aMrpF4/VJXoL0vRD9NFrjcFyxa5uy1HYhG8VhW0d3FKHXrJ2nSOnoylROZhSNuKtZiaBpVyeANAqiYfaUgulH7UbprPW57cA+9JGEUYjkaEr1MnpAq2ZVgq9fCWTqsBgCEHScOt9z+SWHZCtfLDX3hf7obW4GnRh03OMRfgIZOeVK2TtQek9USHHFQrpEaoaY7UAUAOvv/BqqmpKdWvgvNpvkGCsFTBMXzENM2YTW4+9IDJ4R3e71JtaADqzUHS8PAX3ndtz38c3vPy4T0v/8bul9449OPgtfRf7laks7zhr5Irm9SpuR6oJqGTy1U1q+oxCUxaNmvxHFKjLSUA6bXN/Nps3qWqvaAvpZe6Z/UHqmaYId/hTZYAoAg39zSE4weG39OQT+zEmu/zn3kNqtskY8vDYeFYzdKrSHIqWh+GySYbVmUoWZtquzQFk49cxq6XyXoyRa7pXpO9kKk58z1bsK3SS/kwRgLAcy2rq6sOmzdMGlz9lUtOo9WQfrmTvc73ZLd6EkZIFQ9f7oQq8eVOnvP9ngasWc03465/itIt3+IB4KdmfuQSdaeZ1K+jcieGStRMnQzAKqYn4J7qb0/AB0xPoEpMT3iuHiMNlZ224MTcnFhYWNi+nb0MAF7jngYAAGCkHiMN53/+hOsQYFFro9G2uHT+kp+5DmQNadt6o+sQANQPIw0AAMAIScNr7Lrxbtch6Hgenrmm2RCf0ckASleP6QmV4LT44ye+6joQudhZ29s4K7brxrt//MRXg/9Vv9WXtRpb9MdqdpmljdJ0MgDkU++koRRWT6zRml2dwb26chQMpoINqX6XWT38vNr7AOquxtMTwdkwOC26jsVIjUJFgF0GAFHNNtIQDn2HS2IfHGMLgyWxC0Om4mFz5p/npKWSlSeDiRZXLYnVE9vA5MdoVbtC0Q+qAXxNPZrI9WsmA4jVIA0mU/9kkqlDkm2pAlNtVOwwS30tjYHBBgAlarakQciuK8lTdvg6dkrddePdmYonmysYpL7y1E+9ybL6a4a+LWmGIY2neIfoY5NWm7VzCsaZqUNyt1W8VKaCAJBJjacnVExur9MMO2ctnnWAIVlKVXnBq5pJWU2fSAceCvZtJvr4c1wXc8Sp2mWpMUjbirWYmgYlI0xWIkXGAMCSuo40xM7mFXy0ynch1F+GPWe+yXWZ+DccjQhfp04VFWzLsJT0CE++BUQNjzEA9eIgaTj7N+ujP24V4uw3lSt3f2JR9auKL1T5Tsf1PYlnGvyvy2ZmHX2JyjobIq0nOuSgWiE1Qk1zpA4ArPJ9pGFqampqakr6q6zz2TDHpHiMDx0SuxFHuo7qjksAKIWDexq6P7H417964OHehx7ufejvO7/0t+emgtfSf9IakufE1Ine1OlkPenssnnxTJWrrg2qFqN3V5isr6KfodfUn69zpLvMfL+Yb2zBODV1amLQtKUfZtCUSq4sbRoA7HEz0hAOHszPz8/MzExMTFTQqOruRcMb91LvE7QdW3TeWnV9ktajuW1TtUWqJjRtmXRO7HqZ7PncmZw+mKxx6tsSBh2Su63SSzHqAKBELaurqw6bN0wa+CuXNhS/nBR/hCFwptFYXFwaGh6qOJjS+RBDjCokD//K5cmTJzs7OwcGBlwHApeOHz8+NjbW1dXlOhDINeEjl7CnyBRPoKwHMj1RvEOs8jAkALXm+42Q8IpmpiNrJc1xMSulQyxpmk4G4A+mJ+BeKdMTyITpCfiJ6QnP1WOkwcMTHEp0oWPu/MJC29btrgMBAOhwTwMAADBSj5GGs8dOuQ4BFi02GstLS2fn1rkOBC4tz55u7Zg/27viOhDfde8bdR0C1i5GGgAAgBGShtfYM3nAdQg6nodnSQVbXaSJtblTVOgNoLnVO2nYM3nA55NUEF74z3U4vvOwizwMqXQlbuOeyQPPHH1SU6e+rUP33V5WJNKmq38zroXjB2tNvZOGUlh9Yz9z9Mnwn6szSF3OXMH1JuAw5mjT0ZCcqKAfytrGMGPI7fEHv1FKJCrVvxmdHz9A6WqcNAQnKYcX46xqFCrQ3Hgzolndev8jt97/yD9884Sl+uvx9IS5IJNQfVgMl4cLgyWx00em4mFz5p8qpKWSlSeDiRZXLYnVE9vA2OZE+yoZv7QfYvGkxq8KMvr6Ow89Fl2Yaackm5D2gPj/64Sm66RNS/e1Pgb9Cqp1ko1K953hcaLZL7HDT9oDqbElt8jw+Ne8Qw/dd3twJKi2KNORn0nqWz72K1WvJutM7VvAhud/3rBUc7MlDUJ2GQjPtsl3eOxMFMx3mhdPNlcwSH3lqZ+NkmWlp9rUdlU/quIp3iFR5jsldYuEOt0xbFpTuTTNSu0H6TrSDZR2eKbjJOtBax5bsqw5kwqLH/nF4yn3aC/3PQLoXbtr0FLNNZ6eUDH5JKQZnMxaPOsAQ7KUqvKC5z6Tspo+ST2Pa9rVn+KTnzUzxZlpzXJPzfrNNOkH1T4yiTPrcZL1oDXcj8W7NLWG4kd+piQj09iJqq1Yo/rEKOvxDxi69f5HhBDjW3vGhjdZaqKuIw2x93wFmXu+N3nquK7PzDc5x4f4sOAzR59sNGyNpFWsyJXApKztK40qS0iOtPsma+8lj8Ny2yqrFJDD2YXlbc2UNDy97yvxJUJ5Mtp77IjqVxW/CfOdMX0+z+plGh+u72aWK3c/GPa27X5W1R8O11cQQz5Zx9Wisk6FaHpJOotnHiFQio72tu6udkuV+z7SMDU1NTU1Jf1Vpvc5MrE3chPWzAhtqC4z3NKZ/rprss0BhBBbh7rtVe7gnoa9x448dsupZ+/tePbeju/f0/Kt208Hr6X/pDUk3+epVyD9jGMq6QS2efFMlasuq6oWoxPVJuur6O8u1NRv3jm+ffwqOJuQehAm6zfZR5rek9ZvuF9Sj3lV/Tl6yeR+DvPiWY98TZFUqe8mfVuaYQZNKfNfASa2DG60V7mbkYZw8GB+fn5mZmZiYqKCRlU3ghl+5E29T9B2bKpbrqTrROvR3AGn2iJVE5q2yu0cS+MQmq4zaTp1G036Ibk7zHeoqn6T/WI4gJ+s33yj9G+r3Gl61iM/U1vmnV+wLasnECBq25CtGxqEEC2rq6v2ak9lmDTwVy5tKD4wW9bQbqPRWFxaGh4aKl6VPTUax3YSavFGX5ydXd/R0dvba6Py4nyIIdDcf+Xy+PHjY2NjXV1drgOpn+DRiV07Lv3IbXsu2yp5H5WiCR+5hD1Fpnhgjw/7pfluUvGhV4GsFs6dt3pPg+83QsIrWYe7UQ1P9otqRr+mPOlVIJOe7o72dZfYq5+kYe3Kdx5cs2dPzzfck/AsheFq6zzpVcDccJ/dmZ16JA3NPYeHxbl1FxYWurezl9e00ydX1nd2dg8MuA4EqLGRAYuPTgjuaQAAoGlssXlDg6jLSMOpY2ddhwCLGo3FpaXldXPs5TXt9OzyfEfrSm9dD4PRfXZP1oBG8OjExGV9Vu+CFIw0AADQHFZWXrF9TwNJw2scmNzjOgQdz8OzZG1udVb0UgXoZHiur3dDa2uL1SbqnTQcmNzj89s4CC/85zoc39FFuR2Y3PPk0WdUHajvWNvd7uRdYKkhTScDPhiyPMwg6p40lMLqWeDJo8+E/1ydbupymnvy6DPha89j9iq8IGPIXbxIWfMmKn4X2Nso8gb4bKifpEEtOFfW6D1co1ABS3gXAPZstfmnqgL1eHrCXHKcVvr5NVwYLImdxTIVD5sz/3AjLZWsPBlMtLhqSaye2AbGNifaV8n4pf0Qiyc1flWQ0dePPfSd6MJMO0W1OcmN1YenWidZobRLU8vq40keEvq9rF+o2jpp/8RqkMac6ZDLJNrcNx58XBODtC1VYKqNUh2BqtfSGJL1A24Fj05cdXn/lkHrj/A0W9IgZCfB5PklfB17/wfTrubFk80VDFJfeepHtGRZ/QlO35Y0w5DGU7xDosx3imZzhMG+U5WVFhTqLjUsm2l9G1K7MevxJort+mRzjz30naz9ZilCw0MO8EdrS8vmng3WW7HdQPVMLieaMdKsxbMOMCRLqSoveAo2KavpE/MPteZ9G13f5IKkCcZ8NZPwVF1n0q60fsNELRpPbP1YnKVctPQ15Ggi664X6ndB4N33vDVTv6X2UmqEhkcjGQP819ezvoJW6jrSEDv1VPMprWCp2p13zDfZZE3pbgqWNBqNPPFVwvDTdgWR+Clr/yQPgHLbMiylORqjK4gavm2xZg1u7qygFQdJw1f2PR1b8qSILwkdObZX9auKz9T5zh31PeNkGqmu72bqGXaCdFSmeOvRD9Pe9nDWAa2orLMh0npSeyl314XTRkUqASpj+2udAr6PNExNTU1NTUl/lXXyFebsXaXCmrPOUFTP50t1E/Che02OxsruOAEKGrX8BdIBB/c0HDm299Qtj3Xc+2zHvc+23PP907d/K3gt/SetIfkGTr0CFZwhlk6FmhfPVLnqRKZqMXp3hcn6KvppeE395p2TrL+CE7HJrjfpOs1GpU6Tx8bnzQ/FTMMMJrdrmBfXHD85dn2qoGBwI6S0Nk1b+mEGTankytKmAZ8Fj05ce0X/SL/15y2Fq5GGcPBgfn5+ZmZmYmKigkZVdy8afuRNvU/QdmzRSVbVyVRaj6pyoZ5sVjWhaavczil3HELTA5p1zPtZuvn6/kmNJ9OmSfd1jvrN92/xXZ/1GMvdVumlGHWAh9rb27q72itoqGV1dbWCZlQMkwb+yqUNxc99ZZ09G43G0tLi0NBw8aq8lbuvUgtWMJdUjdnZFzs61vf29jqMwYQqJP7KZSmOHz8+NjbW1VXF9HxzCEYaDu3feeT2KobHmvCRS9hTZIpnrSmlr0wK+n93SCaeH2MehgQIIfovreLRCeH/jZDwSonj6k2vyr7KdOuD53w+xpqmk9F8qnl0QjA9AR+shekJpJJOT9QI0xOlYHoiq2B64ot/eHBsZFMFzdVjpIF3Y3NbN7e4sHBhdDt7eU1bOXm6s3P9wACHAWAqyBhev2tgqK+i6QnuaQAAoMa6NrR3tFc0BFCPkYafvXjMdQiwqNFoLC4urXbMuQ7Euh3D+1yHAKDZ9Nn/O1WhQknD+Ph4+Hp6erpwMAAAIJvBquYmRJHpifHx8emIaALRZA7un0xdol9eegBu64Ee/QygSiNVPTohiiQNDocWnJyUbTdasP7U4gf3T377u0c1a+prsL35d95238H9k+E/q20F7LXy7e8eJW8AUJktQ1V8gXSgljdCBhe/5mg0vLrE6i/3qhNmDLlV0Off/u7R8F8FF12rW0TeAMC28NGJzT11mJ6ICqYqSqkKEFx0AcBMz8b169qq+/xf9OmJ4FaGaMbwwgsvRFeYnZ0dHlZ+ac/y8vLy8vKpU6f0rbx0+pfRHycPf+zoo18OX0we/lj4q2B5dM1weXTl6GrRdZILLwbw0i/DRqNLkgVfeunVUKUrJMMLr47harHlhtVG14m1cvTRL0d/q1rz4P5JVX/GNj/WP2H3JtvVxxxYXDwnjSpYotq/yRhUbUljSwYTKxiLX/VaGlvwY9Cf0YXtF1IO9bVsfn5+eXl5ZWXFdSBwaXl5eW5u7syZM64DqY31ba+kXkOTRkdH8zVX9OkJ5wMMyYuZ5uSeemFLXi1E4uKkb8h8BfHaa23s8qO6MplUW4SmPzXrmNeZNWZVPKoYcreVo6BJXwGAVf29HVU2lz9pUGUMW7Zs0fwYMz8/f+7cudSUZ7k1nkb19/cFL5Iz08GvYrP4wXB38r6B5DqaOsNGY+tEKzdvPbkt0fpjP5pUGyuuqkq/pmrbVTFEf5Wstr+/z6QrGo1GrHi4jrQtVQyqtmKNBq8P7p8MW1QdCdFNlna16pCI9UxodDhndr8WrKysdHZ2DgwMuA4ELp05c2ZgYICvkTa3+4qto6P9lTVX2vc0iHp+VYO9iXPPH7+skmHM0dWiF+BMm5y7f5IFUxNNTZYJAFYFd0EKIbYOVfrN6/mThtwpwme/lvhSvO8pV/7Mh+x+F2TydF/WVdnShaSO1yfDmKWrxS7bqXtH1VaYAaiGfPJ1bPQp1jruGgC19vorBzZ2tlfZou+PXE5NTbkOoR6a8opV/EnREmPQPNBR2WOiABC1uWdDa2tLlS06SBo+86Fjq8/fskPcu0PcO7p8T8cvbg9eS//lbiV2Epee0JMn+vDDqL5gTPLaJq3ZMHINTbXm9Usvb+aXZ8P+iX7/RFldoarTsC39MIO0YHLl3PMmAFC6gc3VfUNDwM0frArHD+bn52dmZiYmJmy0Er0SqD4IxpYnP1OqCqom4PU1p66WdbnJlT55sUxWnukDvbR/koGp+tC8LcM6LbVVsIgPwyQAmttIf9V3jLasrq5W3GSUYdLAX7ksyOoFrHjlwV+5HB4echhD6aQh8VcuNU6ePMnTEzh+/PjY2BhPT6QKboT8/O+99bJtl1bZru/3NKAUzTfjHpueqEXGAAClCB+d2FLtoxPC1fQEqqf/rojaiU1JuA0mppn6GYC3rrmiv6O96os4ScMa0mRPgXp7YfY2MADNZHCzg0mceiQNzAQ3t7lL5hYWFrYPb3cdCADUxnCfg6SBexoAAKif0cGN1TdK0gAAQP1sHa76LkhB0gAAQI2Ej04M9zHSAAAA0lx9ef+6NgdXcJIGAABqZqTfwTCDIGkAAKB2nNwFKUgaAACona2VfxdkgKQBAICa2T6yyUm7JA0AANRD+OjE5p4NTgIgaQAAoE4mLutrbW1x0jRJAwAAdbJtyM1dkIKkAQCAetkx2uuqaZIGAADqZNuwm7sgBUkDAAD1smOUpAEAAKgFj04M93V2dba7ioGkAQCA2hgb6XHYOkkDAAC1scXRd0EGSBoAAKiNsWGSBgAAYMDhoxOCpAEAAP+98sqF4IWrP1UVIGkAAMB3d/zBo0KI1+3sa193icMwSBoAAKiH0YEutwGQNAAAUA+jAy7nJgRJAwAAdbHF3Z+qCpA0AADgtQsXVoMXbu+CFCQNAAB4bmFxJXgx0s9IAwAAULvrj/9JCLHvquHW1ha3kZA0AABQA8N9jh+dEEK0uQ4AAACkGxlIn5v47Nf2CSH+6LYn2jdayTAYaQAAoAZG05KGIGMQQjz4xd+xFANJAwAA/gq/QHqb2Z+q2vDznQevuNVSMCQNAAD4K/gCaSHE5p4NmtXCYYZN5/reMHmHpWBIGgAA8N0Ne7eZrNb6cs87br7TXhgkDQAA+G6or1Pz23CYYfPsZTtvOGAvDJIGAAB8N2zwtU6tL/feOnmf1TBIGgAA8J3m0YlwmGHL7FUj11xjNQySBgAAPLVy/uKjE6nPW3bOjL/jvXfZjoekAQAAT01+6uKjE91d7dIVwmGG4eVtW/bttR0PSQMAAF67+c079CtsPLnr7Yd/s4JISBoAAPDawGb5oxOv3s1wfqyCYQZB0gAAgOf0f3Wi/Rfbbrrrt6uJhKQBAACvbR2UJA3hMMPOcxP9l19eTSQkDQAA+Ojc0vngxcBm5Z+sbJ8bff9n/6KqiEgaAADw0p0PPBa82NDRFvtVOMxw7StvqTIkkgYAAPz17hvHVb/q+p8r3vXpB6oMhqQBAAB/DfXF5yZeHWbofGPFwZA0AADgr+FE0hDo/enVbz1ypOJgSBoAAPDOhQurwYvRwe7o8nCY4Q3Db2rfqLxB0hKSBgAAvHN2YTl40de7IfnbjT993XUf+EC1EQlB0gAAgIc+/Kf/HLxY1/bqlTocZti/4+CGnp7qoyJpAADAU7fddGVyYe9Pr7n+wx+uPhhB0gAAgLeij06Ewww37H6no3BIGgAA8NVIf/xWx8Gf7H3D5B1OghEkDQAA+Gbl/IXgxZahi49OhMMMB/a9y01MQgiSBgAAfHP6zLngxaaujujy0Z+86er3vsdFRBeRNAAA4Jff/bNvBi9aW1tEZJjhppvf7ywmIQRJAwAAfnr/odcJIZZ/PR/8OPLcm3becMBpRCQNAAB4abi/Swjxl/94Y/Dj5Mf/xGk4QpA0AADgp9HB7vPLF78X8rL/flvP6IjbeIQQ8T/RDQAAHFpaPh+82DLY/ed/d33w+pa7P+4uolcx0gAAgEdmf3nxJoYNHRc/2O+avvnSnTtcxRNF0gAAgEc++Vf/ErwIH5p42x13ugvnNUgaAADwzgfftTt4cfXJdw5dc5XbYEIkDQAAeOeHL1wcXbjxA3e5jSSKpAEAAL/0vPJy8OL1M+/pv/xyt8FEFXp6Ynx8PHw9PT1dOBgAANa0+YVlIcSOvV8Kfnzn/b/vNJy4/EnD+Ph4NFGI/QgAALJ6Ye7XI+fngtf7T3+wfWP8r1y6xfQEAAC+eOCLTwzu+0rw+qb7P+k2mCSSBgAAfBEOM7z93EfcRiLl+BshP/+NG4UQ4ntuowAAeGNtXxEGL341gzjw0XucBiJXftLw1FNPRX88ceLE7t27S28FAIBmddULk08//bS9+vfu3ZuvYPlJw3XXXaf5Mealf//oD2f/tefcYO7mXuqf7jjb27Pcn6/4yvnzs+P/OXTy6twBNDb9omW1tf/sttw1vDjyX5teHFu/mvNul/nWxnz//w7OXpk7APrQeR8KIU5t/8HgTP4+/FX3Kfrw1PYf9P9sd0tLzlnXxqZTLast/WfHcgdAH9KHonAfLl0y3/XKpkOfPrJxc0/uGOxxPD3xlt+a3Drz5quu8uW7ruDE7OzswsLCzp07XQcCl55//vnOzs6hoSHXgcClH/3oR2NjY93d3a4DgVz+pGF6eprvaQAAYO0oNNJAogAAwNrBI5cAAMBIy+rqau7CwfREON5QfLYiVmGmOpNrqsqWHnZ9STu8yL4L5KghGYl5SOz60hX5gtdSjgST4rn3u3QJ+FZfmGgrcpGI3tZQ/FulYxVmqjO5plBcC0sPG6JwNyZ3ffRXWZsW7Hp3SjkSTIrn3u/SJU0vtrElfjDInSOWm8mFYdhLNAtG2DTaVB0Xe18luym2pHg/FqnBvOwa399JwV5OdkvskIiuU/r1VX9h0J/c2fW2xU4C+jNDZZ1cZL+vzSOh4FZL8zlPMm/DdoskmqqFa1CbUGf3Vq8T8Jn03eU2BriSPAlwZmgC+k/YopJ0MJp2SAeEok1L0xSR5Qgs+AGD4zyge3qiyHykw/4lH8xKNdggXUe65nTZz9/muxSx66uRumsqPg+w37OqxQdFfbYaxc1JVWoLurus95vmgJM2YXKhMm+dCafcTPIGDf0oZY5dHyuVGhu73p4cJ4fc5wHe8vaYdKxhT4a7tfRPC3qq+nNMkZBo5nZxpKGCd12+JswHyZ3nxVDJsV8ynQXY9fbEPnoWrzB1T/GWtyTWsfn2ZixLK/5pIbxy62+rKhGJZkGS6YkiI8NlhJRSv+quPQ6CgkxuOXTbz+x6/5W4O3jLW1XBSb7IDio9W01Wi3yUT0+oFobC34aJW8FxqmSF0YWZRrM18ZQedlPK2i0Fu1G663MU1wfDrs8h6xBuieeBCt7yfOgMmFxK7V1ubVRLommP8sudvO1fbwODbez6ynjV1V4FU1P6m0uSHx1F4lqezB01HzjzhRRbGKtZcxhIt8VkviM10YzVmVy4BtUsafAzKlSAXV8lf3rbn0hQIxw29hT6GmkATYYRe9QdGYNVJA0AAMAIf+USAAAYIWkAAABG/g9t8Pf5f1TJTQAAAABJRU5ErkJggg=="
                                height="200"
                width="700"
                margin="0 auto"/>
    
    
        <p style="width: 100%; text-align:center;">
      <a style="color:#0d0d0d;font-family:-apple-system, BlinkMacSystemFont, &#039;Segoe UI&#039;, Roboto, Oxygen-Sans, Cantarell, &#039;Helvetica Neue&#039;, sans-serif;; text-decoration:none; font-size: 9pt;" href="#reportTop">
          Back to top &#8593;
    </a></p>

    <hr style=" border: 0; margin-top: 50px;  height: 1px; background-image: linear-gradient(to right, rgba(231, 231, 231, 0), rgba(231, 231, 231, 1), rgba(2311, 2311, 231, 0));">

    <p style='font-size:15px;line-height:24px;margin:0 0 16px;color:&#x23;212121;font-family:-apple-system,&#x20;BlinkMacSystemFont,&#x20;&#x27;Segoe&#x20;UI&#x27;,&#x20;Roboto,&#x20;Oxygen-Sans,&#x20;Cantarell,&#x20;&#x27;Helvetica&#x20;Neue&#x27;,&#x20;sans-serif;text-align:center;font-size:13px; color:#666;padding-top:30px;margin-bottom:0;'>
        Powered by
        <a style="color:#439fe0;" rel="noreferrer" href="https://matomo.org/" title="Matomo Analytics">Matomo Analytics</a>
        <br />
        The leading open analytics platform that respects your privacy.
    </p>

        <p style='font-size:15px;line-height:24px;margin:0 0 16px;color:&#x23;212121;font-family:-apple-system,&#x20;BlinkMacSystemFont,&#x20;&#x27;Segoe&#x20;UI&#x27;,&#x20;Roboto,&#x20;Oxygen-Sans,&#x20;Cantarell,&#x20;&#x27;Helvetica&#x20;Neue&#x27;,&#x20;sans-serif;text-align:center;font-size:13px; color:#666;'>To unsubscribe from this report please follow this link: <a style="color:#439fe0;" href="__unsubscribeLink__">Unsubscribe</a>.</p>

</div>
</body>
</html>
