<?xml version="1.0" encoding="utf-8" ?>
<result>2010-02-07 11:22:33</result>