<html style="background-color:#edecec">

<head>
    <meta charset="utf-8">
    <meta name="robots" content="noindex,nofollow">
    <meta name="generator" content="Matomo Analytics">
</head>

<body style="color:#212121;font-family:-apple-system, BlinkMacSystemFont, 'Segoe UI', Roboto, Oxygen-Sans, Cantarell, 'Helvetica Neue', sans-serif; line-height: 24px; margin:0 auto; max-width:1000px; background-color:rgb(255, 255, 255);box-shadow: 0px 0px 5px 1px rgba(0,0,0,0.75);">

<a name="reportTop"></a>

<table style="width:100%; background-color: &#x23;3450A3; color: &#x23;fff; padding:10px 0; margin: 0 0 25px 0; height:64px;">
    <tr>
        <td>
            <a style="color:#212121;font-family:-apple-system, BlinkMacSystemFont, 'Segoe UI', Roboto, Oxygen-Sans, Cantarell, 'Helvetica Neue', sans-serif;; font-size:16px;padding:0 15px;padding-bottom: 8px;color: &#x23;fff;height: 22px;display: inline-block;vertical-align: inherit;" rel="noreferrer noopener" target="_blank" href="http://example.com/piwik/tests/PHPUnit/proxy/">
                                    <img src="http://example.com/piwik/tests/PHPUnit/proxy//plugins/Morpheus/images/logo-email.png" height="30px" width="auto" alt="Matomo,&#x20;free&#x2F;libre&#x20;analytics&#x20;platform" />
                            </a>
        </td>
        <td align="right">
                        <a style="color:#212121;font-family:-apple-system, BlinkMacSystemFont, 'Segoe UI', Roboto, Oxygen-Sans, Cantarell, 'Helvetica Neue', sans-serif;; font-size:16px; padding:0 15px; color: &#x23;fff" title="View Web Analytics reports for Site 1." target="_blank" href="http://example.com/piwik/tests/PHPUnit/proxy/index.php?module=CoreHome&action=redirectToCoreHomeIndex&idSite=1&period=day&date=today-date-removed-in-tests">
                Dashboard
            </a>
                    </td>
    </tr>
</table>

<div style="margin:0 20px 25px 20px;">

    <h2 style='color:#212121;font-family:-apple-system, BlinkMacSystemFont, &#039;Segoe UI&#039;, Roboto, Oxygen-Sans, Cantarell, &#039;Helvetica Neue&#039;, sans-serif; color:#37474f; line-height:30px; margin:25px 0 15px 0;'>
        Hello,
    </h2>

    <p style='font-size:15px;line-height:24px;margin:0 0 16px;color:#212121;font-family:-apple-system, BlinkMacSystemFont, &#039;Segoe UI&#039;, Roboto, Oxygen-Sans, Cantarell, &#039;Helvetica Neue&#039;, sans-serif;'>
                Please find below your day report for Site 1.
                <br />Mail Test report (previous default)
        <br />Date range: January 2010
        <br />Sent from http://example.com/piwik/tests/PHPUnit/proxy/.
    </p>

    
    
<h2 id="Actions_getPageTitles" style=" color:#0d0d0d;font-family:-apple-system, BlinkMacSystemFont, &#039;Segoe UI&#039;, Roboto, Oxygen-Sans, Cantarell, &#039;Helvetica Neue&#039;, sans-serif; font-size: 24pt; font-weight:normal; margin:45px 0 30px 0;">
    Page titles
</h2>

            <img alt=""
                                    src="data:image/png;base64,iVBORw0KGgoAAAANSUhEUgAAArwAAADICAIAAACF9KXqAAAACXBIWXMAAA7EAAAOxAGVKw4bAAAgAElEQVR4nO3de3Acx30n8F48uA9ggSXeAMkFSYiAANIkJZAOJZmSLMkyY8lHy+YJjmOFObmKjGlRTs5lX5yUbPh0ln1yYiVSRVVkYjnUWanAFSrF6HQnReVKFJXPdkjiJFs2RNi0vDg+AIKiQEILLB7k3B9Dj8bz6OnpmenuWXw/xSrODnq6f9Pz6u2emU1omkYAAAAAvFTIDgAAAADiAY0GAAAAYIJGAwAAADBBowEAAACYoNEAAAAATNBoAAAAACZoNAAAAAATNBoAAACASVWQhbu6uozpkydPBg4GAAAA1MXfaOjq6jI3FCwfw/X6zycjyhkAGG1Y1yw7BACQDMMTAAAAwKTcGg07d2xTJBPVihO8UqGLe/yxgEoGADr+4YmTJ09Kv6fBfI478sIPxQcQ3M4d2+yRW87diqyaY6gii3YLgB5Y1GFL2VgRrRSlkgEgFo5vOdjzv+6pbYlqMDH8exqOHj1qTvbGG2/09fVxl6IrjJfsMz//4O994/GnjY87d2zTP46OjgYsLqxMLBH6Kstx1QIKuFLfePzpUKrFL70a9aLdAqAEJiDsKDaWZ4kRrdQ3Hn/abRXmLo1FUSIAhOvEh/4x0XRW++rdlDT9/f18mQd6esLR1q1bKR8tisXi2NhYb28vPc+k7UZI+/ch42N3dzdrrO7YM5m6OFUqzbW1tnLn45jGPDOs739uwYxPTKRSyVx9LmD+0TEid1uFZCrZ0tKaTqUEBvWuUDbW6OhoKLtuKBwjod8IyXgsq2xycnJmZqazs1N2IPwKhUImk2lujvEtqyMjI/l8vqamRnYgnDRNGx4e5r4kB3ecHCeEXM4ntkYTQ/iNBgE8T8puwxbGfMvibvPtZdlT7h7YceDQEfsiekpKziwr4pne3G+vl2UkcCzarWZ2D+ywz7ckNpduLpFeCgnWY89eRR//yK2OITlWmiU8t4q1pOdYEb9VZCmLvsXtuVk2kOe0Y2wYpACIu8qWqFpd8b6nwZH9fGo//7JM0z96nlUFn3lZQnVLs3f3zkNDLxg9DfTLkmeJngtGh7753NKw5xmwkedZRXxlBV/K14IAoKzjWw7qE9XtjREVEejpiZMmYQUUHMt3enNPgGW+2yJuOQjAckKnh2pPY2bpKfHMn5Kb3GuPZ9EBr/osG928iK8q+vyDv+f4dd9cIr1HxDFCeyaO0GIAKB+tpzJrV0WUdyyHJ/j4usYLuPh53vNvTAs4oZuHJ4xCLeMdSxPLbkPZWH73OvbE9KU8x1ywfQHK1pVE8+b1EeUtodHw0T/6R9u8N9wSP/vYPWGV6+vkKH1YV2TR9uEJcwxL/NLCsuJuafwOhTjmY+5ycEvgGSGluCW+fQHKT6Jaq2tviyhz1V/uNDg4aJ8pZmhA5ACERDt3bKMPTxx54YdLpCrCpcJdAkYMlC2I7QtQZrS0Fl3mEhoNzz52z8b613ZuvrRz86Xf7jv/3tYT+rTjP7dMHMduKYW6pbePGbst5Tm6zBKG5+K+UC4DlJVizJPvKkIvmvFPjJkbC7LXJGPNuG10xjh95WlM6y9IoCxC6YdwW8qe2J4MAMqMVlMZXeZy7mkw+g+CPNttOV2y3CromN7SMnBcyv51zUh5aOgFy/OKjpeHUL502leBpd1AL9otT/ay6EUHvDhZrpf2DP1WrGN4lJX1u5s5ZkLJM3hZoS+lQh8JAHBL1CcjzFzTIuzH8MTYaFD5Vy7pL3dyo9R5OdKXOwVfU5YcCmMFvpc7qbAh9BjUebmTW53g5U7qw8udpJP7cif9kcuKe+av+9MHIipC9XsaypIKF6rosAzi+FJ+I+6hV1GIVIsHABgZL2lIroiw1biEHrlUR3mflEMflCG2QYq4i6KKQlFOlQywRDWfynZvii57NBogfFFceCK6mMm6Rqp5bVYzKgDwIVHR1BfhKGE8Gg30wVS5JifJzMxMZ6e6EXrKLpuJ+zho5eL5fL4hvuOghJC5S2Mq7+cAEA/LrqRzddFlj3saAAAAykU62uzj0dOweOpl2SG4qpiaqirNLVb+SnYg/KomJypSycU5dX8a21PyQkGrGltM+356Qh3pqdHFU+/IjoKfNltKXphYPHVOdiD8Qj+Wq1beElZWAKyyEb6kgaCnAQAAoHzkov3uhEYDj55b7pcdgjNhgUVRkJjgld12oVs6ayoRKhlUU9W6PNL80WiIFv2cEu4Zp+eW+0+8/FSIGZYflavow3u+Tvmr313FWFO3BSkZRn0h7LnlfvO/SMsyFxpFtidefgrtBlCB8ZKGdGd7pAWh0RAt+iXK8tdQzj7lfQor47V77uAfU/5q3lU8KyFg20hAu+rEy08Z/8Rs0+hWCu0GUEjT2eV90b5YFo0GAJAJF12AsCQqSG5NtO9Bj8fTE3bms4zjlzCOmfr3M8+cKSE59hy4ZaKXZS7dEhU9QntZxp8cV8FSlnnxmwe+aF9fxxX0nG9ZKUtxbnXLki1xqiLzx9deeJIwVJFb5vbSWXYGIwaWenaMxJwhy67iWAn0zN24raNbeI7xGDbt2PfS01+2pOf4fs94ANo3JaXaKdVrXurfj3zTngPLbuNYIQDiaanL1RE/RBbLRoPl+DSfT+2HOvtMxpwJbyc5PRN7G8LXdcgtE5ao/m3oa6lUsj6Xo2TuFjx7zbjVLXti+6nZ+DhWKGzasc/tmscXia/dLFyUWg33+sRSFX53/iD14/cA5Csr+FK+FgQQJxN5CeUwPOF4WtHPrfaZbinNCSwYzw6WL22eS7FfMj0j9GT/TulZECWZmX0+Yz1wV45bzq+98KRjBwNf5m7J6DXmVs/2nMPaVQJi6e8JctVnqQ3zIr4OQLey6NXrGSH7RqQnABBPq6uOuohY9jSccO9/lhQRE7ewg6NcmB27asMNgLHa/a4+YzcJS1YkpL4it2VDr+fodhUB/G64IEcxd5+ffaZe5/829DVLSnODJr4bBZaIRGPkr9KX0GiY/svfGHFZScj0P7smzn625Djf6DMgpmPYsWc1QKS+GRcP+tfrcjr1OF6M3eqBffUZr/FGmrFCoaWlNZVOMV6xgjQgQtlwZbyrMHbLOc73u2koHWCU6g3SmCPx3CiwRCzraIy6CNV7GgYHBwcHB93+yjiGrRrzqUcAo35YOl35cvbFc6tFukGjyzyKeha8q8ilwoF888AXPTdiTE87UMaMlzTUdOWjLkvCPQ3Zz5b+/O0/fjZ34Nncgb/PPPFXs4P6tOM/xxwovYuWZPbRTXtKlhFleyb0xG5DsJQF6SWy3wBhz4oyh/3+A5YasPQ5hzUiQDl327e4Ww6UBoqvYNwK5fg6G8qu4snx4sd+wfO76dk3iie3PBnLonQzuC1lPD1hTuyYOYCCEvXnmjauj7oUOT0NRudBsVgcGxvr7fX349+Ww94+6Gieb57pmJKxN5VyquIO25KPWym+vtAEXDXGZI7NL3rNuG01lpRu1eIrAM/MGbGvCDd6kPRN5jgqZN/T+IJh2fTc9cO+3QOWFfpS6HUAJSQXM40NUReS0DQt6jIoGBsNKv/K5cWpqVJprrWtVVYAwU9YE+MT+iOXYYWkE3kmNe5pkB4Jt9ETo9094bzKTcr4Tmm2dO7cRL4z2hfL0GMIiPtYdotH/K9cFgqFTCbT3NwsuNwQjYyM5PP5mprIb+iLiKZpw8PD/f39Igu9OjzRear/8H+NuqxyeORyKVP2cqhOYOpEIkzoN69I52s8UTDV4oGlqzYhoBDVb4QEOpytPC3NKqLcMBFH3KN1USunSoa403JJAaWg0QCRwJlUuog2gawtq+YepWZUsDRVtNQJKCUejQbxQ4PsriQnF2dmqlaKGMqNyOLlwpVMpirO46Bz0yOJjnxVbMdBCSGzE7VVK4WOg4YrUSzOLY5VrfR3U7NSyuBYhqUsnRdxax3uaQAAAIgr4yUNtd2rBRQXj56G6WNnZIfgqjQ1NT83Nz0Z+Ru/ozM/caEiWZzOLcgOhN/lwlTxreSVVLQ/7xat0elpTd393NNsqXR5Ymq6GONVYD+Ws1s6BMQDwC6RPd+8vk9AQehpAAAAiLnUfKpWxPgsGg08Ng9slx2CM2GBRVGQmOClbzvpAQBA+dFqLospKB7DE/G1eWD7q0Ov8P013LKAoIqowqocIx9LhpsHtmcztW5LTc+8YyRmT8mR2DE2gLjT6irFFIRGQ7ToJybLX0M5kZX32bC8106usCr21aFX9N4US4bZTO0r3/7fbktt/0+/zZHSb2K32ADiLrFc0B1dGJ4AgDDpDTvj8qwUlWMDCKKqI/JfnbhakJhiQmc+5i3dj9wz9ROKZ86UkOw9B5RM9LLMpVuiokfo2EthycS+rGOoOx7cZV9fxxX0nG9ZKUtxbnXLki1xqiLzxx8ceokwVBElDMf9xHF+FDvPdx/+lmcA9Gwp4Vlyc9t5WA4Q+rRboYpQOTaAINJrVogpKJaNBvvZzT5OyTGTMWfCey8bPRN7G4IlQgvHhohnVC88/g+pZDKXy1EydwuevWbc6pY9seOFTf9YKBRu2P0BluFqXzuP43REO8+9D30qlGzZ9xaKIJmYV1C14SSVYwPgYLykoek9gt6rVg7DE47nUP3k7vgdyDGlOYEF48nF8kXTcyn2C5tnhJ7s34M9C6IkM7PPZ6wH7spxy/kHh15y7GCgo+8SjvOj2HkIId99+FvBs2XZoJ4byDMTt93J+JPxz55AIpVjAwgiUXuhbnVeTFmx7Gmg9D9LioiJW9jBUS7MnpeEUEpnSeZ39Rm7SViyIqa1juPO4yu2UFbEMRPP3WnnFz6p7MUY/QpQztKlqmpBV3MJjQajO+XdOcT1YO4/tsdxvvEFkZjO/vaTguArgXFWpX+9jqjpIIVjJ7lbPbCvPmOXvpGmUCi0tLamUymWLc648yjC79AYe6+Y544KALGgZa8IK0v14YnBwUHKX1+N543QgsO2f8kOPWdfPFdfzJfCWOw8Cn4/jm53AgBOuUphRUloNPQf2/Pc3Wde3598fX9yeG/ipV0X9GnHf445UPpOLcnsw7f2lCw3H9gzoSd2G2+mLEgvkf0GCHtWlDns9x+w1IB5vr0euC8wlG4G+xZ3y8GIhH3nsc933KNC3Hk8szXf6OCYLXud0LsZ3DKh705HHv2Or8oRib7h3LYRWkUQD03ifuBXzj0NRv9BsVgcGxvr7fV326fl+Df3MNvnO95T5nmjGaVE7i9Y9vAs+biV4uvMG3DVGJM5XlPpNeO21VhSulWLrwDoYbDMp+xRjCVSIrz3oU+xROVWFW5F8F22uTOhVM70zDuWVy1Z/sqR0ldi7mMKQHHLVjYLKyuhaZqwwuwYGw0q/8rl1NRUaW6urVXED5k7Cv59bnxiQn/kMqyQdCK/aBr3NEiPhM/mge3fffhb3d3dQXKQu46zpdK5iYnOzk6JMQTEfiwr+yuXhUIhk8k0N4u7hIRuZGQkn8/X1Ij76hwuTdOGh4f7+/vFFKffI9jw9Z41d9wipkTV72kAOumXCjfqBKZOJOFSdiAAAMQwnipo6d8srNBYPnIJBlwqPJVrFaGzHQAIIYnMVFLIj2Lr0GiASOAy5surQ6+Mjo5yLBVFMAAQI1rtjLCXNJC4NBqUHUEkhJQmq6/MzGQ71Y3Q04XCQiqTycZ5HLSy5mJNvjW+46CEEJI4m+2P8V5UUSxWjs1le2O8CmVwLMNSlL0ssjTc0wAAABBX2vJqkcXFo6fhzLFp2SG4mpoqzc3NV0+qG6GnCxPzxWTFQi7GqzBVuJx8q5hKiXstGoeOLVnZIQBAuUm01oksDj0NAAAAcZXuEvSj2Do0GpaK7QPinslZylDPACCA8bzl8g3873fhEONGw7MvDn3003fe/PHrHnnySz8YfmX7wOYTvxyRHVRQEV1ytg9sfmXoVUr+H957q/iozPmb/0VallFiRDm/MvQq2g0AIEjFfPv1m0QWGI97GuzGz5/9i29//bO//4Vbt30gtSx1dvLMndvvqqtlGtoxrqAKiiKw4OsroLrMRQjYQJHmr7cblN3HAKBsVGQviS5RcHlhGTv9pqZpN15/c2OuqSZTe01n90MPfLW9RejQDkQEX9YBAFhotSXBJcayp+Gxp77+7It/Twi5d/9dlj8Z1xt7b7x5jjHf/gXX8U+OWeksHfvGn9zyMZdln2OZb8/EnMBtml6QG8vquxVKbH37jl+sLbFZMmTnVu2WGL7z6BG3shxjswdjWZClnt1iI+hsAAAhtFxCcImxbDTs/cSD67s3PvzEn/z1I8+0NrURQo7+5EcPP/EnhHod1T/Sz+aMl2TzLQLPHfjXublSa2sbMV1FWC7nnkLJhLtEt0LpDQh6nn7XglLtjjFwl8WxIEtdAQBEqyktuMBYDk9kUplsJksIydU3LK9vXF7fqH8k1O+yLOd0cxpKr4OO8cu9Y2e7ZSb9m7pjJvaOgeA8qyjgVZ8xYGMpX9X+gd03OJYVsKoZ6xktBgAQr6qjQXSJgssTyTJUEZCvy3Mo13LHTDzHAlTDWBWMwxChlMWyoGc9h7t3AQBwyHStFFyihEbDwS3HLXNeIdY5hj3HAv0qufk+hiAnd7998oy9Go73MfjKRH2Ma8HSqcBd7RFVdVh7FwCAL8ZLGpo3bRBctOrDE4ODg8EzMW5l4Ftcwe/x5g78cn3QQIVqZ6nngHsXAACfRObt3Jq84EIlNBr2HOs/c/dzyf2vJ/e/ntg7fGHXS/q0478gBQU8j1NuWdAn7IPfjvMpkdC/+7plYk/PfnF1vLztenDHcwf+lWNxt/XiqApPntX+0qEfUMriqGp6PaOVAACS1c6KL1POPQ1G/0GxWBwbG+vt7Y2iFMvFwD4aTWwXBs/09sU9p+2lBIyfIxP63Yj/8PgLfFG53WwYSlWIrHaOBemLqNBNAgDlTctK+Im+hKZp4ks1MDYaxPzKJd+JfmpqyvzIpYKXCs+oJibGk8lULpeLInMBtg9s/s6jR1pbW1Ip0U8fuXGsFvqvXB4/fry/P9AdPHJF+gVAjMnJyZmZmc7OTtmB8CsUCplMprm5WXYg/EZGRvL5fE1NjexAOGmaNjw8HPWxfPWehv7x/gNfirQgO9XvaVAc/Vk+RZTfiLvi1a5gSABQhpolNK3K+ZFLATzf5aAIyoh+HKlc7eVUzwCgsuQqCV1KaDS8i+9cb34jpMoiupLJukAqe2FWNjAAKDPZ7i7xhcaj0UAfDJarerI0M3Olo1PdCD0tFC5kMqnm5hivwsWaytZ8TXzHQQEAGL37koaNEm4hwj0NAAAAMVPRMJFpFP0OaRKXnoZfjR+THYKrqampUmlOS07KDoTf+NsTqdlk8TLP0xOKOHepQM69lU6nZAfC7/w7o78al/kok9nqti2yQwAAGq1mQUq54fQ0dHVJGFkBAABYmrQ60T+KrQuh0YAWQ3zdftOAgoVKiWqpQSUDxNvypJRigzYaurq6Tp48GUoo7G6/acD8L+qyfM0vM0cOvzjwkU/f8b6PP/rVJ3/4f4Zvv2lg9MQvIy3x9psGvvf9Ib5qF7AzCNvxzIVGkS2lkgFAfRVtcgaUA93TIKXFoPve94eMaf0yE11ZUecfrhCjnRg//8Rj3/7MH/7+Le/flkwtGz87eccHt9fV1YaSuaOAwQvYTCJ3PHuJoeccr30bAAzpvJzn/Pl7GiS2GCyi/s60ZL+TjRVOa5p2w03XNzTmamoyXdd0fvFLD7S1t8iOSxVLdscAAOkaZDxvSYL3NJin9TbE6dOnzWkmJiba2lwbRPPz8/Pz82fOnKEXdP7CW9Y5513nDOzcZ8wcOvKkMW2eb/6TMd+c2JLz0JEnb79pwJJAL7FUmt098DlLtgM79w0dedKSs2NB9NIt+Xguq88xrmRueVrWolQqLS4ufOyuvealnjo49OLzLxNCfnfXfksOvkJyK9RtZY0/OabR59ur5cChRy5enLr7js/Sy9WXsqfxtTO4zQm44+27/yHHwCwBO250lmnH2Bx3bELIsiseh6Qd47GssmKxuLCwEPdVmJ+fX1iQc199KObn5ycnJy9evCg7EE76zzlFtxed/Q//U59YbKgPUkpHRwffgvyNBnM3gzq9DvYzrPkqbp5vT2+/nLDYPfC5bz3zaG1tLaVEvTh7QSyls6yRMe14UaTnZqyFJbdP3Lezu2fNE9/820f+7L80NTcQQn7y2sgT3/xbvyFRCg3Cnuczh/+ScWVZ8vS7M4jZ8YIv5WtBAFBU22nvNNEI/z0NK1asoHy0KBaLs7Oznk2e+Qpre6qpqdGYNo/L2gdom5oaHQdu7fPdhnj1sux/1ecffv5AqTRnjsdIb87E8pG9dI7IzcGYua3dwM59h58/YPzKpZHbqf83QQhZvSbf2tZECJk8d4EjJEqV2tmr0S2NPc/6+px5KUq59pz97gz2IoLveE8+9fDAzn3GfPsGpURoTuC4J5jDZtkcHW2+v4UwHssq03/lMtarsLCwEPdfubx48WJzc3N83+6qadr4+Hh0e9FZ/b8aTdaOGo+XO9mZx5ItJ0Ffw8y+ErtdSH73Yw+yZ8JdeqSMsYkg1FkdPizxS9nx6Es57paWBo2+IO55BCgT9ZWySg6n0eBrbOIrh2wvm/t318Rf3u38Lki305/l7Ol5avZ7GrWfoD92195nDj/e1tbKWGKQ0qNj7mngps7q8GGJP7od78SJUXr3DGOElOLQdAAoE40ZWSWr/tsTg4OD7InFPz92+00Dh58/ILJEUJAKDy4aMVCe6fje94fwxAdAGajucB69FUBCo+HLu49pb969muxfTfZ3zO9Nnt2lTzv+C1KQcXK0nCjd5hO2fgLuVw955sO+uH2NGL8lO9bDM4cftwxPcFxX3FbHrVC/uRGf12bGcgPuDL7yZCmL3s1AWcqe2J4MAMpDZjXtZsFIybmnweg/KBaLY2Njvb3hPG9qOauaP7JME+aeW/MgsVuJfAHzLWu/P84tQ7d1P/z8Ae5IHDM3Z0KpcPvijkvxReVYLuNO4qu4UHa8EydGOQriC8+YVqGPBAD8atog5yUNhJCE/lCpLIyNhtB/5TLEc6X+K5fGPQ1xND4+kUolg9/TEBz3dikUCi0trfRfuVThAkmJ4cSJ0Z6ebkXi4fiVy3C/AEihPz3R2dkpOxB+hUIh7k9PjIyM5PP5WD89MTw83N/fH0Xmx7cc1Cf6j+2JIn8Wqt/TEBaOznwQr/xG3FXe8VSLBwCYdJ6SWHhcH7n0i95pD+qgDOrHkbI7XjlVMsDSUiPnR7F1S6XRQBQ7ZQNFRFtK1g6g5o6nZlQA4C1XLbHweDQaOEZYhZmsnJyZmelsi/E4aGIu9uOgs2/X5FtiPA5KCHnrdGJ1WyTjoABQThLNdRJLXyr3NAAAAJSB1AqZPzWMRgMAAEBs1KxbLbF0NBoAAABUtzBb0iea+0Q/m22GRgMAAIDqfrz9aX0i09ggMQw0GgAAAGLiGpkvaSBoNAAAAMRGreSrNhoNAAAAMdGQlls+Gg0AAADxUNUq+UeC0GgAAACIh1Rnu9wA0GgAAACIh4beHrkBoNEAAACgtEtnx/WJ3FrJP1mARgMAAIDSfv7hf9InqtMpuZGg0QAAABAHvZJf0kDQaAAAAIiHumWyI0CjAQAAIA4SDRnZIaDRAAAAEAdVHU2yQ0CjAQAAIA5q166SHQIaDQAAAApbXFjUJ5o29sqNhKDRAAAAoLLXbnhKn6hrb5MbCUGjAQAAIAa65D9vSdBoAAAAiIGahOwICEGjAQAAIAbqk7IjIASNBgAAAPVVtkj+UWwdGg0AAACqW7ZC/ksaCBoNAAAAyjKet6zrWSM3Eh0aDQAAAIpamC3pE409PXIj0aHRAAAAoKif3fZ3+kQ6Vyc3Eh0aDQAAAGrrUeIlDQSNBgAAAMVp2UrGlAe3HD+45fiVRS2iSNBoAAAAUFqiPs2S7OCW4/rEi//5FxFFgkYDAACA0qraG9gTt/fXbv3MiogiQaMBAABAaZl8u2cao5uh4Zp0U08mokjQaAAAAFCR8ZKG5euvZVykpqV64ydbI4sIjQYAAAAlTZ+6+tBEfd5juMHoZshvr8+2R/grFWg0AAAAqOiX//Gf9YnqdIolfU1b9ZY/6IgyIjQaAAAAVNZ3mv53o5uh5+7G9PLqSGNBowEAAEBhdctYUq3clu3b1RJ1LGg0AAAAqCvRVEP5q9HN0LG1LtMUbTcDQaMBAABAZdXtjZ5p8tvruu/yThYcGg0AAADqynatcvuT0c2wcpuIbgaCRgMAAICCSu8U9YmW6zbSUzavT6/7kIhuBoJGAwAAgIKmRq/+fkSm0fkd0kY3w7q7GpPZKjFRodEAAACgnNN7fsSSrLE7veHeCF8BaYFGAwAAgKK0jWcc5xvdDNfd7/2zFCFCowEAAEBRiRztndArb6xbe8dyYcEQNBoAAACUVdGUtc80uhnW39ssNhw0GgAAAFSVWu06+tD1weWrttWLDIag0QAAAKCs+nVdljlGN0PvPU0VVQnB8aDRAAAAoJaZty7oEw296xwTrL6tvnVTrcCIrhL0ZCcAAAAwOvfaT/WJVO1v/PCE0c2w6ZNtldUOX/u/cmgLIeSBjxxurO+MIjD0NAAAAKjlrS+MUP56zY6G1o0O3Qx6i2FF44Y3x49GFBgaDQAAACrSrj9r/mh0M2y8z/o2pytXFvUWQ0N2Vd+a27f07IooJAxPAAAAqCjRkLHP7Lu3uanHOv/h/7GNEHLtqlv7Om/bsHZHdCGh0QAAAKCi6vZ3X9z07rsZdv3GuxkWFmcfeWY7ISSdzL1n7Y6+1XdEGhIaDQAAACpKd3ZY5mza3bp8bdo8R28xdHXc0N/90Wvzt0QdEhoNAAAAClmYLekTje+5Vp8wuhn6TN0Mi5fnvvqdmwgh7Y192/p+55oVNwqIDY0GAAAAhVwcO61PZDs6CCFXFjX948b7WlYsoasAAAXlSURBVLLtV3+KYn5h5mt/dzMhpDnXdWf/g6vbt4iJDY0GAAAAhUyN/FyfqE6nCCF/s21Y/9i/5+pohaZd0VsM16669cYN961q2SQsNjQaAAAAFHLxv40Z09qVq90M792/ojpdSQgpzl74s+/eSQhJL6u/7fp9zbm1ImNDowEAAEA9vzVBCPnr917tZuj72NW7GfQWQ1/nHbdd9+mIXvtIgUYDAACAehrffefjjZ9fuay2Un990+rW/ndm37p18x7xLQaCRgMAAICCkqtajIcmuu5s0FsM1+bfPzf/zqc+9FQqWSclKrxGGgAAQDnZ7tX6xM0PdT76TzcQQro6btC0Kx++8U9ltRgIehoAAADUMTt1SZ948XMpfWJoagchZN2K9y1cnrv31v++rNrh3dLCoNEAAACgigu/+AUh5PKvxwHO7t9LCFm38n2ZZO4D/Q/KbTGQgI2Grq4uY/rkyZOBgwEAAFjSLp34JSHkVXId+XWLobO1f1lV5oNb/yidrJccXJBGQ1dXl7mhYPkIAAAAfs08dmGBVJFftxi6Om6sSeU+8r7BREKJexAxPAEAAKCQH5NNRotheW377f0PKNJiIGg0AAAAqGOBVOkthvbMppbc2ju3/qHsiH5DQtM0viVDGZ7QHzwFAAAAQ/WpdVvu/K33X7e3uirtnVqg8Hsajh49av74xhtv9PX1hV4KAABAeVqo6Ghc01ix/cev/SyiEvr7+/kWDL/RsHXrVspHi/M/+oOfTPxL/WwLd3Hnm04mp3P18018iy8sLk50/bi1sIE7gKm6swmtoml6FXcO4+0/qxvPp7QavsWLFVPFpnMtE93cAaAOpdchIeRM5/9tGeOvw7ezZ2TX4dvFpknpddj0qz7u0d+pujMJLdE0necOoDz2Q9Sh3DqcrbxIGuY+8ZmvLEtXc8cQHcn3NNx438DKsRvWr18vN4wgJiYmZmZm1qxZIzsQfm+++WYmk2ltbZUdCL+f/vSn+Xw+m83KDoTf0aNHt+6jtbAVNz09PTY2hmNZLhzL0l2+fHl4eDjWxzIdf6Ph5MmTeE8DAADA0hGopwENBQAAgKVDlUc/AQAAQHH8j1ySMN4CaR/gcBzysMw0f7Sk9FVuKG+0lLUK7OGp2SHkuAkIbz3wbQW3ZHwBSDkW3JL5KlTigeCWLHQ4EAgOBK9Cl8KBEFzQ10gH2UXsb3ogTpvN84UQ9guwMHJXwbJUWLu440zGZFJwbwXHZNwBSDkWHJPxxRCE3PhxIBhh4EBwzEeYuMfPIrSnJxyvi/SDOZRK4a5ct53b3iVgPjUotQrBA3DbaqG0hDyZM7HsMMaE+a9uBal2dMk6FviocyAEgQOBKLAVLHAglKUIH7l0POQUF8eYzdy+8VhOPY5plEI5LOModvtV7AK2wIGgptjtV7ELWADOGyGNqrS3HANmKGApA0vwRhrPsqSsgj0rg/nLin1mvES0FfRsDUG6ZImkYyGUVZB4IIQSv2MAOBAENzIUuSgEocIVQX3yf7DK3uknkluXlC8SV4Hl4GQMzG89WA6wgJcry+IcJx2OrRC8YzlcEldB1oEQVvwSD4RQyD0QVGtFSVwFWQeCapuAItCNkMGLD7J5pJ/ig4cRfBUsJ1y+jcLX6InuimsZNeQIRjDpx4IK5MYv8UCI7nQv8kAIpRNe7oGgyDhC3OP3xNNosFeKZQ3tK+xYBYqcJT2PeUrbU5FVMMgdH+HDWLqaW6GcjgUcCNyrEMrpXpEDgS8TpQ6EgJlIPxBUO5osQhueMFe0UaeWOfalLDMde7wdZ0ZUrRxd7qqtgjkwz/zV3Ds5vroF2QqWOcGJPxYiXQXGbJWK3xKYsAMh3ANKyoEQUfwiD4ToNoGYA0HBc7JZoJc7+aLm9SnW6K17+xmZ2HZH+0Hrdh53PHKiPt1blM0uVDYrogh1DgQxm7Vs9p+yWZElJdpGg+CLCpSxuJ9fcCxAKHAggFziehoAAAAg1vCDVQAAAMAEjQYAAABggkYDAAAAMPn/y2tWA3XA+xMAAAAASUVORK5CYII="
                                height="200"
                width="700"
                margin="0 auto"/>
    
    
        <p style="width: 100%; text-align:center;">
      <a style="color:#0d0d0d;font-family:-apple-system, BlinkMacSystemFont, &#039;Segoe UI&#039;, Roboto, Oxygen-Sans, Cantarell, &#039;Helvetica Neue&#039;, sans-serif;; text-decoration:none; font-size: 9pt;" href="#reportTop">
          Back to top &#8593;
    </a></p>

    <hr style=" border: 0; margin-top: 50px;  height: 1px; background-image: linear-gradient(to right, rgba(231, 231, 231, 0), rgba(231, 231, 231, 1), rgba(2311, 2311, 231, 0));">

    <p style='font-size:15px;line-height:24px;margin:0 0 16px;color:&#x23;212121;font-family:-apple-system,&#x20;BlinkMacSystemFont,&#x20;&#x27;Segoe&#x20;UI&#x27;,&#x20;Roboto,&#x20;Oxygen-Sans,&#x20;Cantarell,&#x20;&#x27;Helvetica&#x20;Neue&#x27;,&#x20;sans-serif;text-align:center;font-size:13px; color:#666;padding-top:30px;margin-bottom:0;'>
        Powered by
        <a style="color:#439fe0;" rel="noreferrer" href="https://matomo.org/" title="Matomo Analytics">Matomo Analytics</a>
        <br />
        The leading open analytics platform that respects your privacy.
    </p>

        <p style='font-size:15px;line-height:24px;margin:0 0 16px;color:&#x23;212121;font-family:-apple-system,&#x20;BlinkMacSystemFont,&#x20;&#x27;Segoe&#x20;UI&#x27;,&#x20;Roboto,&#x20;Oxygen-Sans,&#x20;Cantarell,&#x20;&#x27;Helvetica&#x20;Neue&#x27;,&#x20;sans-serif;text-align:center;font-size:13px; color:#666;'>To unsubscribe from this report please follow this link: <a style="color:#439fe0;" href="__unsubscribeLink__">Unsubscribe</a>.</p>

</div>
</body>
</html>
