<html style="background-color:#edecec">

<head>
    <meta charset="utf-8">
    <meta name="robots" content="noindex,nofollow">
    <meta name="generator" content="Matomo Analytics">
</head>

<body style="color:#212121;font-family:-apple-system, BlinkMacSystemFont, 'Segoe UI', Roboto, Oxygen-Sans, Cantarell, 'Helvetica Neue', sans-serif; line-height: 24px; margin:0 auto; max-width:1000px; background-color:rgb(255, 255, 255);box-shadow: 0px 0px 5px 1px rgba(0,0,0,0.75);">

<a name="reportTop"></a>

<table style="width:100%; background-color: &#x23;3450A3; color: &#x23;fff; padding:10px 0; margin: 0 0 25px 0; height:64px;">
    <tr>
        <td>
            <a style="color:#212121;font-family:-apple-system, BlinkMacSystemFont, 'Segoe UI', Roboto, Oxygen-Sans, Cantarell, 'Helvetica Neue', sans-serif;; font-size:16px;padding:0 15px;padding-bottom: 8px;color: &#x23;fff;height: 22px;display: inline-block;vertical-align: inherit;" rel="noreferrer noopener" target="_blank" href="http://example.com/piwik/tests/PHPUnit/proxy/">
                                    <img src="http://example.com/piwik/tests/PHPUnit/proxy//plugins/Morpheus/images/logo-email.png" height="30px" width="auto" alt="Matomo,&#x20;free&#x2F;libre&#x20;analytics&#x20;platform" />
                            </a>
        </td>
        <td align="right">
                        <a style="color:#212121;font-family:-apple-system, BlinkMacSystemFont, 'Segoe UI', Roboto, Oxygen-Sans, Cantarell, 'Helvetica Neue', sans-serif;; font-size:16px; padding:0 15px; color: &#x23;fff" title="View Web Analytics reports for Site 1." target="_blank" href="http://example.com/piwik/tests/PHPUnit/proxy/index.php?module=CoreHome&action=redirectToCoreHomeIndex&idSite=1&period=week&date=today-date-removed-in-tests">
                Dashboard
            </a>
                    </td>
    </tr>
</table>

<div style="margin:0 20px 25px 20px;">

    <h2 style='color:#212121;font-family:-apple-system, BlinkMacSystemFont, &#039;Segoe UI&#039;, Roboto, Oxygen-Sans, Cantarell, &#039;Helvetica Neue&#039;, sans-serif; color:#37474f; line-height:30px; margin:25px 0 15px 0;'>
        Hello,
    </h2>

    <p style='font-size:15px;line-height:24px;margin:0 0 16px;color:#212121;font-family:-apple-system, BlinkMacSystemFont, &#039;Segoe UI&#039;, Roboto, Oxygen-Sans, Cantarell, &#039;Helvetica Neue&#039;, sans-serif;'>
                Please find below your week report for Site 1.
                <br />Mail Test report (each in period)
        <br />Date range: January 2010
        <br />Sent from http://example.com/piwik/tests/PHPUnit/proxy/.
    </p>

    
    
<h2 id="Actions_getPageTitles" style=" color:#0d0d0d;font-family:-apple-system, BlinkMacSystemFont, &#039;Segoe UI&#039;, Roboto, Oxygen-Sans, Cantarell, &#039;Helvetica Neue&#039;, sans-serif; font-size: 24pt; font-weight:normal; margin:45px 0 30px 0;">
    Page titles
</h2>

            <img alt=""
                                    src="data:image/png;base64,iVBORw0KGgoAAAANSUhEUgAAArwAAADICAIAAACF9KXqAAAACXBIWXMAAA7EAAAOxAGVKw4bAAAgAElEQVR4nO2deZQcR53no+7qu/o+JHVLbkndko3VIAnJMhqfgGG91tgwK3hibON5eFkGw3rAsLvMGs0DBgawPbA73sHPBgx43mjg2cvltQcbbGyDjWQjGUuWLLUtdbf6rL6qq6u67v0j5VQ6j8jIzKjKo76f169fVlbEL34ZkRXxy1/8MsJXKpUIAAAAAIAefrsVAAAAAIA7gNEAAAAAACZgNAAAAACACRgNAAAAAGACRgMAAAAAmIDRAAAAAAAmYDQAAAAAgAkYDQAAAABgImglc39/v3g8PDxsWRkAAAAAOBfzRkN/f7/UUJB95MsrJ2fKJBmAinHRhna7VQAAAEuYn56AawEAAACoKhDTUC3suWan3SpUBahnAICH4WM0lHVuQotHf/6TWz5y3Z+/75Jv3fWlQ394bs81O4dPHmfPfue9z95577Mr2Xz5NDRBmYacPdfs/Oljz1Pk08st90C455qd0r+yliWWWCbJP33sedgNAACvYikQkrwZCym1GA4ePChNcPz48c2bN1ss5czkiuzM/Fz8vnvvuu6Gj1z89u3hUGRubuYd23bNxGcLpdd0pd3xqRu/8e0fCMdfvf/5fVd3WFSPI9/49g9ee03/EgwhXK8oVks+pdxyaKUsQjzec81O6ccyFVe+K/rGt3+gegmZxEiZSgQAAENs3brVXEarb08oHQzbt2+nfJQxOjoaCoW6urroBUUUgZB/fHGuVCr9h/94fWdXj3Dm8iuuZlKaEELIxo0byRPThJC62tDGjRvZM7oU6TVqXS97PaTT6Zn4TO+aXg6aqZUuPKwLrhH3oqxP2wMhjxw5smnTpnA4bK8awBAjIyPRaLSjw0HPNkCXRCIxMTExMDBgtyL84fb2RCW57967fvmzHxNCbr35BtlXonNY6Y2Xntlzzc4t132TEOIjvmyuEA4FyJs+fDGLbNBSilKel36lJUf8VilfOVgqhUgTaB3TC9JCdvlahRJCPnT9FdKMqmO8TDeZQHasV7uqbkplZBlZ6llLN+IVuwcAAGRwW6eBVPB9ir/86H8ZGLzo7q9/8Zvf/l57Rych5MhLB+/++hcJdRwVPgq9uWAxEEKWUtlEMtPWXKvMoitK9bxuXna4CDFdolahe67Z+a+P/Eb0NOjO31u5iopVu4mMLHUFAAAew9IrlzI4qkWnpqa2rr6eEBKLNcdiLbFYi/CRUJ9ltb5aXMqopqF4HQQYH+5VI+NkJ+lP6qpClI4B6+gOexZHfUaFxVxcqt1iVTPWMywGAEA1YDUQ0snIpiq0mF/OUL4VMTQ8cxnLVYXozgU4DcaqYJyG4FIWS0bdema8uwAAwEvYYDTccPsj7Ikfvud6K2VJ4xi0OvelpL7RoOUPp5erm0Y1jsGQEOfDeBUszgPT1V6mqma5uwAAwEs4fXGn/fv3WxcihjKofru0nKVnd+BzvNSB79VVAZxQ7Sz1TL+7AADAS9hgNDx8z/UXNx3ZM5TYM5TY3Xv68nWjwrHqn5WCGPvxhIbRQJk7Fw6Uk9+q5yma0J99tYQo07MPrqrDG/vwrHXJSoFaxVmfQTBX7Saqml7PsBIAAFWIPTENov+AcZ0Gc8gGA+ls9J33PiueX5LENGilVw4/7MfEgveblxB6NKIhyaqXyVhFhsqqZLWbyEjP4gQ3CQAAcMdXKpVsLJ7RaOC+y6XUaGhvrrn1A0ORcMB6R+/MoYK7VtLFnZxwyU7QQYaqSljcCZgAizu5EQ8v7uT0mIZyILUYCCEz8+lFhlhIVejv8jkE7824O7zaHagSAABwwcuvXNJZt6rxiu193/2/fyKELCytdLTUmhCiu5aDQ6DM6LsRJ1e7l+oZAABkVK/RkM0XmuojwvHC0gqx9t6d8ymTnnZdvmOr3bGKAQCAddxhNJRjMrg2Etq5ZRX50SFCSCQcsn2+2UUkk8mGcGoQNQYAAFVGNcY0CNTXhkPBc5c/u5C2VxkAAADA+bjD05Afe5q7zAb/gig2PjWeH0tyL8KrlNLp8NxMfmzKbkWAMaLzw8Wz8XxI/1cfXH1ZBfQBALiO6vU0NNWev/a5ZMFGTQAAAABXUL1GQ0u9TzzOF0gqY+d6FXYxcNktDizUFq2qDVQyAMAErjQaBi67RfpnKO9/umtOOGipP3/t04nSTELd2aAlv0r63Ice+fWfffAzg5f/1X//6gNP/f7IwGW3HH3tdFlLHLjslhNPf9dctZe7UazceFYKLYdYSiUDAIAW7ohpUHLi6e+Kx8IwYyj7wKqAYDT822daBDNiJlHoa1evDRPybYSjtuNTs1/61kNfuO3D11y+vSYaHpuMX/fuS5oa6rkIV8Wi8hVoJos3nsUSuUt2170NALAdV3oaZJh4ZspkS20Nb7n2mcUiR/ne4PUzE6VS6YpdQ+2tTfV1NYP9a77xtx9b3d1mt15OoWpvDABA1eJWTwMFaT8uey4khGy57puEkGOvnWmsu1ia62v3/fJ9//xBLZn0ZzJliTIfu3hSSyui8UCp9NXT8wpndGXSr0LI9aVvPfSjh58khFz1oc/JUh5+7J/e/Zf7GVWiFypLw/jUq1UtSgmyclXbUXqGXnW6Wsn00dJBtSwtxWTnVRud5VhVNzgbAACG8JrRoOxhZT2yMBlRyKVCAZ9wXjAjrr/2veZ6T90SyZtdtrI31+riTcgXjnXHAK0RSCntbz72gaHN/Z/98n0/+c7/7OlsJYT87tCxz375PkLI0DV//asf7u/t7WW8HK1CraBVLSwXyyLT6M3A0kyEWuFGSzGRa/jUcF9fH6wEAIBpvDA9Ie0EWcZdQkguk5Sdn0kU6d5mrW+1+l/Zed0hzZB8xrz0XHRpdbXRhvoaQkhrc6PwJ3wkhBx+7J/YVSrTEKUr0+Koz1KlJm48SlmyEukeEVUN6TGk0oz0BAAAoIVbPQ1a7lbC8EBJCMmvJMTEgqfh6OuzA5fdTs+l9Rxv+tHZOTPivJ7+rQuxEUbDSzw2ceOZS0zPpTvnIloSjz7wBROFAgCAiA1Gw9K3ouJxTDijnbjh0yuq5ynhBSwe6dzKoihHmLBob4099Pj9dVEd14vqHLNp37tznvm4aOKcyzEHi/4Wbzy6HKnLQSuBroaU4mTTZAAAYBSnT0/s37+fPbGuR1pcpCGbXpR9tZgi0xpLNVgpEVQDTrgNZHEtqmkefeALR5+4z+0OIQCAjdhgNDR8euWu+f/2cOw7D8e+c3/xq9/zfV04Vv2zUpA0zlzaUSZnT+fSC+L5f/tMi3B+ZrHI0p9SOmWjbgblnLS5vIyDljKXdU20hBPJc61qoUalEYNjM2O5fCuBLpOlLLqbgZJLmViZDAAALGJPTIPoPxgdHQ2FQl1dXVzEynpV6UfhWAhf2Lh+3emD88rzt3/lXxjHJFEypURzCpvLqxUfpzqWqA5dVjRRFS4VQilImV01lzmtVMvVvUlMFMco03pZ3HM5wUcCAHARvlLJzj0XGI0GXrtcCtMTq1r8jz742RNP3S87f83bw7dcWcblDj1DOp2emZkRX7nkSFnHMCcMkPbqILxyGZTscqmlD3a5dA4jIyPRaLSjo8NuRYABEonExMTEwMCA3Yrwx+kxDbyQPmkdf+2k1GIQoSwKCSqDUVeN8zExi1QxnKYPAMD5VIvRIB2N3vuuTapppmE0OACP2Q3C5Qh/jhqhnaYPAMAVuHWdBhOIb1e21PlUE8wmS8VSye9T/xZUjDINZnaNkc4cm52pFQDA4bjDaOA3w/oIIaR99cbg6vXK8/5AMN18SVN9hFNZnsWXTGYLY8HVg3YrAoyxMhvzr9oUDIftVgQA4FaqZXqCEHLD7Y8IB23NNaoJkqnczFyqghoBAAAAbsIdnoalQ+O8RPXGamonl5dybxH44L4dNz30AiHkzMGxzuk0r7K8SjqdLswsLCW5NQqoDMXhRDI9EQqGzGVv2NbDVx8AgOuoIk+DQDKbb63VdM/Gl7OVVAYAAABwEV4zGob27qYn8BFfQ1TzSWs+lWERwpfKFFfhi+KO2/V3BahkAAAdd0xPaCHt4w4feIYlS6w2RHk/YrbinoahvbuVmsv6bsZLKzeqqlayaC0F6IqVW21bGqtMF0WpZAAAIK42GmS9G2Nn11JDCx2fT/M0Gqz0vyYurdzYazGYzl4BtSvfWOUrAnYDAICCW6cnlP0aYzfXXEc1GlLZoq3raqsi9ON2awGYQGMBADyMKz0Nuk9ClGmL7/74O9/4+rOyk0N7dwt7Vvl9vkQ6RylLlCyeVCoj+tJV0xu6EN30Ur+9UJZUMWXRWjWjel52Ulr6dXfsk42OWtKItcdi9iqSVoK0XNVKk6mnVbGy9CYuxGgVycqit7hSmuptKT3evu9KrfaVHsPZAABQxZVGAx3VaQvhjUpCyD984o5tvV9VdqlCgtlUNp7K0EWpfqWkwj0vi6paaVTPaw1LuiXqZiwfLDNWRtUz1OiM+mjpYK4s67kMZQQAVDNunZ6gQOn7OhsirXURIvEhi33lg/t2CGnm3oyFpPeqlfRCs3TodFWVabTyssin5LJ37NEt2uKoz9Lo0iyGqki1LFmJdI+IqoZKIarAYgAAsOBBTwOFs/HZD3zqc8U8bfkmYamGCgx+ujH/4nEFOnTloKKc76hOWExDSmMZsizNmaGquVQdXR/8HzcffOjX0gSk6tsXAGAIG4yGF7fdJztzVjvx1kO3ciy6qaHp0I8ep29JtZDOEgdM61ayaPoEeZUPLebcMAJGp0JU5UhdDloJdDWkFFfl7QsAMITTpyf279+vPGl6aqC1Nqy7ieV8KmuxFHfBEpxRJVXBFydECYg6UFoQ7QsAYMcGo2HroVt/fu34K7dFXrkt8tt9y8/duCIcq/5pCVGdu9UtWghokKZXylmQLNUg/VZ3dpldDUp2Q1CGAZmqJmSaG0XoRTN+xShczMhek4w1o9XojHoakslSFt3NQMklS/yTv/++MhkAALBjT0yD6D8YHR0NhUJdXV0mhMi6S5aR4/Gnf/r9//NzWXpRjvDW5eJKjvjO21LS/lpmQ2ipoToMcHnopJRFScnylofyI3tZ9KItDk6y8VIp0GjFqqrH2IiGimO/MSyWxT2XE3wkAABn4ivZupYRo9FgfZdL4Y3KfVv73jOoWZaQprsx+vmrNjVrb2rFBVf3y+l0emZmpre3lyWx9Ssta105oSEqpsOp4eG+vl7dXS619MEul7YwMjISjUY7OjrsVgQYIJFITExMDAwM2K0If5we08AFcZGGtnp9U2AisTK7nNFNZgUnDFTlg2USxxDem3HnXkUccZo+AABHUUWvXHY3RNrqNIMkCCEP7ttxbomn5cz69obyaeLtTpn7pAxRTFK4nXJUERe8VMkAgHJQRUbDUibfTjUaROZSOf1EQJtyDDxlGszsGiOdOTY7UysAgHNwh9FgdTL1IUIIidSGO3bpTcM/RAghy41hTN9S8CWTgbFcwyCqyGX4QzP1m7rD4fLG6wAAPExVxDQItDfXMKacT9CWjAQAAACqE3d4GsYPLVkXUlcMMcqZHk9xKdGrpNPphZnCeBJV5DISw8WJdFL37QnAi55tZQyNAsAWqsjT0FIXZUyZXMnlC8WyKgMAAAC4Du8bDZ986AnhoJnZaBhfTC6laW9d7t47ZFWt8lAxxfbdcR13mZVR3rFtx53quVIbQSWDasP7RoPABW2NLbX6RsP/3ne1cDCXWuFSLr1P4dvj7N479MyBwxwFeg8nVxHfW0W8Uq2MFIHlHgh37x2S/pW1LGmh5RD7zIHDsBtAVVEtRkMmX2ytZw2EJITMLfMxGuhDlOxbLr2Pt7swD18d+62iWwkWbaMK2FXPHDgs/lWmTct3UbAbQFVRLUZDKptjj2kghCSo0xMAAF5g0AXARbjj7Qkl0l5G9SFM9mAxMTVy9Uduo6eUPp9958f37z/2C4uPd0IWLSFCXyktXaaVloZKsbKvVCtHVhZLpSkvUPe87KJkxWm1GotYolZFqh/pVaQlXFm6bDCj1JhW3Wo98Vu5VVQrgS5cC61r1FJPVR/VchnvKC2tZPpo6aBVlqHq1W04lttGtUIA8CSuNBqUYx697yaEDG3YdP/HD+um3L13SNjr8v1XfejmL35ZNT0x6ySnC1HaEIbGIS0hhrSiCJd+lU6n33PzJSwXpSVB90JUEyu7ZlXldbtvRk1M3Ga8oNQq3/GJpSqM3vxW6oelzqU6mCvLei5DGQHwEl6YnlDtVoS+Vexcmmoi9JRSUYSQZCYrJmDsHWQPbbq52IdMVQ0NoXym1C2IkkyK8jxjPZiuHC3JWg4Gc8K1ktFrTKuelZJ53SoWYfH3WBn1WWpDmoXRMUMvi169uhqyNyI9AQCexJWeBq3hgfI7Z3/fUiCVzeUKBXPqacE+qhmFMjDT3ci8SmdJZvTyGd0kLKIIJ1+RVl7u9Vy+W6UCGG049l+xubIYc+k2oqsbBQBe2GA03LftRcW5s1qJbz20VfW86DMgkt+w8sd8fpGGWqatqkRG5pYWU4ZjIcV+h/547aWuR3Uw1qoH9stnHONVfenmdGaHS8N5+FZhdMupnjfaNBQHGKV6rRhzxJ2NAgAvnD49sX//fsq3z7C9srW+vYnd0yAu1TBv3GhghFFtXoj9JvdCzT1M615+WWeLyye8HPVc4VvFXpwQJcDSiFXVKADIsMFouPXQ1vFrfx657ZXIba8s7/vtyo3PCceqf6oSKN5F1WTZwrlFGlimPEUW31zfSZmecnWUZ0f2XsbQnDf9W/pjFnv8gTSZGAWp1ESWhcuMAKXv1mpxpQTKo60hZbQKNfE4y+VW0UV1eGMfnhlvfmnMDWOj6KIlk7EsiptBKxe9EWElAEDsimkQ/Qejo6OhUKirq8tQdtnPXjnpKH4UpideO3PyL374yVIhp5pSq/dckCzVIEtvrvtQqieTo1WKoccvoxkZ00uT/fv3fy/YDbpXpCWBvSylhtJjQwroCmeE/UJMQ1eS3mSqs0LKO82cMuIxYxsZKou93S2WxT2XE3wkAFQGX6lUsrF4RqPB9J6TgtHQ29LwufftMJrrysHeG7ZuNFduJal8h5VOp2dmZnp7e+nJnNOTOkeTyqB1vcPDp3r7+izucumEynSCDlK09OGyy+XIyEg0Gu3o6LAuClSMRCIxMTExMDBgtyL8cXpMAxeE9y2NIn3r0rE4rfcUcY5iztGkYnhvxp19tq7yOE0fAMqKK1+5NEqjKaNhaSXHXRPuoLfSpTqriBIw4UZMz9aVGy9VMgAsVIXRYHSRBoGVXD6bL4SDAe76VAPoSW2nTE1gV8s6845yplYAlA93GA3mpgZvuP0R4WDd5iZjEh4ihJA34ovhCwI9HRxmJT1GMunLjQV6BlEzLmMm5O/eVB8Oh+1WBADgVrwf03DxhrbWmIFNsQkhD99zvXAwu5Aug0YAAACAK3GHp+H05CHTeReXFzOF4dOTIybynhg51tBoJqO3SafTM4mZ6GTSbkWAMWaWhmun0qGQO371TmZt1za7VQDAHqx6Gvr7+/v7+7moUiZy+VKswWQvmUgW+SoDAAAAuBdLRkN/f//w8DAvVcpETSQQCvrM5U0sq+9ZddWley1oVEYqpthHP3wHd5mVUd72trNdAQAAMI0lR6XzLQZCSF2tecNoOWXV03DVpXuffO6AuW/5lgUIqogKr8oR5cgEXnXp3rr6Wq1cy8mUmJg9pYnEqroBABjx/uxmY735dyZTK1aNBnrHJPuWS0fm7d7Q21dnL7wq9snnDgjeFJnAuvranz3+Pa1c1733oyZSGk2spRsAgBHvvz3RZMFoyGSLmSzCGgAwgGDYicOzo3CybgC4Av6ehrNnz0o/Tk1NUbaWWF5e9vv9xaLOwByfm5Wd2bvnE+LxgZ/eqzy/5bpvCgd+kr7q0o9RUoon9+75xIGf3iucF7K/PpY9PTLbGvPLSiSEtB54FyEk1bRpdNvXpNmVSqoWeuOdzcrLvPHO5gcf/7haBTAhZLcoxFBZlZfJpYpMZxfwL9d//65R4Vj15pF9RRQ3Tzyucj9Ls6veSLpipcqoyimVivPzcx++/jalfKF0lh8I/VhIL16g9EpLpZLywlW/ZU9pNLGWbkYJF8dN5zXK8vJyJpPJ5/MVKxFYJ5PJZLPZ8fHK3SdG6enpMZfRldMTyt5N+Cg9//cPpAgh63p893zlHmXvxtL9CRIWl4utMb9WfxpeHjWn9i9f/IKRKwZOohB44H99rb63kVDHTtWbjShGemV6i2IpedmxIkR6gaYVKBNO1g0AV8DfaFi1ahXlo4xCocCyy2XWL7fX2tpaxWONyKYUIeTIkZPf/eGX2mIhSkrBVymcUUog/vq9e26RzYAe/tQ5b0own2yvK5Zq2mVyxFKuunSvVFXhWHjYrRndcPSJ9N/969+K31KitERpWnOxqnllJ5VptArSEi6QTqevvfpmVU2UerKHnpm+Omkyoj1dTalD9gp/8PGPFxsXl4Zn175jHaHdPIQQ0tbWqlqc9JYQYbsndcRS7m1CyMLCQnNzi1YDiYpRhEgTKDMq80rvf5/Pp3rhym/ZUxpKTNHNKD1dJp/STJDP57HLpetIJBLZbNb007yTsWQ0iCs0CAcVe5lCK5pJOk8pzC/4AwHTizQILGm8dSkSnDueW9XOIkpUW5ibKAXyh84et6KbiNZwqzrscY8lZJweNhqDxiKWfWZaOgbr3jy6TM2OvI1UbnkfQ7pxma1XFaJ7Ozk5TNXJugHgImx45fLvHjTQ237xJvW1IMXnTiLp/aWdwt/8wyghpJjPBgMmF2kQ0DcaZo/lVu0WFaC7BIST5zwNmfaVogs20qSjfHoj2vWg2mrsYpWo+gx0dda9eXRJBCbYE1uEsSpEWC6E8UYFAAAZTn97Yv/+/ZRvdQOh8xmrSx0nUzpGQ2DBpH8lfmrFXEajKB+yuUs2hG6rVeah0EoUfT6YWhie466SEgc+H5fvdgIAOB8bjIYv3nSo9Ma1a8lta8ltjXP7mhdvFI5V/1QlUHynspM3fOAy6Unpc7D0JKVfTqWLsvTCexOZrp2JXV8hhEQmfudPTcvU0JrvJ+cDGjYOn4lrFWpIQ/q3yq+U09W6omTJrr36Zi1NZFkMPSJrQXEzyL7SSilzobOLUtbPTe/9Z0JIumf4jT+cJAyDulICJbGqwkqtKGLZ64TuZtASwuV2sgW6blptBKsIABn2vD0h+g9GR0dZAiFlyH7/Ug+zeF6IaWioC0hPqqak92u5fGkl8xa74fCnCCHER0r59ouFM4HZo8Va/TAlQYgQ0FDIF+584PPvf9+NWtfFrqFqKewZGdNLk/3iie8LdoOyISidrFarsaTUqhZDCtDVYDkv1fnoyZc+e+ndJmqYYtmwaKVVFVpFmBu2TQuh3E7LyZRsqSXZtyZSGkps+jcFABDxlUolG4tnNBqM7nIpBDQQQj5ybcs7Lqwzp5so5HO3dHa1h8Xz5zwNa65O7tovHKcHPpQa+iSjWMHT0PrGJdd+/CZzismo/PNcOp2emZnp7e2lJ3POgyZfTYQWrB0b/Iu/+q+8ZFrXkEXCqVPDfX192OXSOpXc5XJkZARvT7iORCIxMTExMDBgtyL8cXpMgxUG1kZijeaXg7z782uEg4UllbCGfOwC8TgwZ/gliOZgt2nFpDhnYJbhHMXKpEkhVKGwBi0cOxEAAPAwXjYa8oVirInDQ9WixGg452bo3J5vGSCEzH7gCUJIeOawNKyBgvCQGj27fvXG9dYVI/CyMsC9ioSwhkznyPALJ/hKNoTgbBf+cBsAACqDlx2VpZKvsc68p0FkSfECha9ECs2bCCEkGBXOBGdezvZdzSjQXwh2DdHWvPIA1TCMTS++TsglXESZjjzgUjoAADDiDqPB+AziKCGkpbFl/art1koeJYSQUtvari3C5yVCCCG1zetb+66UnmlOTdYwK9lQ7BjYeKk1xewkmUz6MmNruwbtVsRmEnUjlZzbts7iVKivc1M4HNZPCgAAanh5eqKxnk/nuJTMys74Wy+UnSmM/45dYHvNOqs6AQeQiyQnXx2xWwsAAKgcXjYaYg1RLnKWUueMhqVvRQkhgdWXB7q2it/W//UCIaQUf7m4NEaXIyyFGZ1YNzBk0f8BbEZYqLQQm33pyd/YrQsAAFQObxsNES5y8oXicuq8s6FUyAQ6zhsNvjfDGnJjT7FI8xfDF2yXOyqASzkd/6PdKgAAQOXwoNFww+2PCActsRouAl85FY8vpMWP/oZeX6RRmaww+lsWafW5jtrmBi6KAduZbzpZyOXt1gIAACqEB40GgaHBjrYmq9MTD99zvXAwMy8xGt5cCFJGaepgqVTUldlZ129RK+AcipH05AmENQAAqgXPGg35fLEtVstL2vxiWgho8HXtDHTJIxLqb0sSQopzrxYXz2hJEAIaQvHuwbfv5KUVsBEhrKFYl/gjwhoAAFWDZ40GQkgTp5gGQshc4tyOlKWVeKBT/padz3/uzdXChM47FP5i+IJ3bualFXACYwuv2q0CAABUCM8aDfU1oUCA29Ulls8FQgZaN/tCmg6M4uQf6HIaUquiDdz8H8AJJCKjuVTGbi0AAKASeNZoaKjn5mYghCwmz3kapO9NKCnEj5aKtLC4rjoP7l9S5eQjyYnjmtNSAADgJTxrNDRxWtlJ4D8vXEYIIa0XB3p2qSZo+PQKIaQ4/mwxoTJ+CAENgYXWi7bxWXUYOAEhrCHXMvWnZ5+1WxcAAKgEnjUamhv5vG/5FhZOBnp0Rv3ixPOUb9dfqv7mBXA14/Ov2a0CAABUAq8ZDecXaWjksxykFH/3DjHmUYvCtOZqPw0LawMhd2z2AQyRCJ5FWAMAoBrwmtEgMDTQ0cppZSdxqQZCSHDNFbrpi/OvlQryvSoE1tRt4aIScBq5UGr05VN2awEAAGXHm0ZDvlBo42Q0EI3Vv84AAA5WSURBVEIeXPthQkiiZnNwzeWUZEJYQ+HMvxcX35CeFwIagvMdW3b9GS+VgEMQwhoynWeOPv97u3UBAICy402jwe/zNXJ9e4IQEs5MBbp3sKQsqL146S8G+3ddxFcl4BwmF+FpAAB4H28aDXW1Yb/fx1fmVOhtjCmLM4eVJ5uWsB22l0kEJhHWAADwPN40GhrrOLsZCCGjpU2MKYsLryvDGlY1YiFIL1MIpk//8YTdWgAAQHnxptHAa1NsQoiw5cSx9OCp7KBu4nNhDaf/X3HhnLNaCGiITq69eNduXioBRyGENaS7h4+9gLAGAIDH8ZTRIL5vydFoEGgIJJ863bawtMKYXhbW4CP+dTvgafA4k0sIawAAeBxPGQ0CQ4MdzbwXaRjJri0Rf3w+xZi+OH1E+rFppY+vPsCBLAUnCjnaIuIAAOB2PGg0lEolXos0iAxn+gkh8fk0Y/riwknpJhSrm+Fm8D4lX/Hksy/brQUAAJQRDxoNuVyho4XPTpJCQINvzVXDmY1EskE2hXNhDSNPFGaPCQENtWc3XHgJtpzwMkJYQ2rVa6++9ILdugAAQBnxoNEQDAbqanjuVuUrrIxk+wghs4usngYi2SbbR4Jrt+sHUQIPMJU8abcKAABQRjxoNDTUcV6kIdAyUCQBQsjikoEX8cVNKGK5NRyVAU5mKTxutwoAAFBGPGg0cF+kwd8+JBwsJg0YDcX4UeFgVRvcDFVDyX/sVwftVgIAAMqFF42Gej5zE0JAg3/NleLq0YvJTLFY0s0ohDV8cyVJCKkZ23jhrp1c9AFORgxrOPbS7+zWBQAAyoV3jIZybYrtD/pbzq0FeWpkYZ4hFlJKoBjpfftGnvoAZzO5gtUaAACexTtGg8DQxvaWJp7vWwaaLvAFwuIG2exLNQg0l1ZzVAY4n6W6UbtVAACAcuE1o6FQKrU28fQ0+Nu3SD/GFwy8QEEIWdU2wFEZ4Hyy7WOvPPa83VoAAEBZ8JrRkMsX25o5LNJwboWGVZcHut6yHfYsm9Fwd+wiQkh0pO/CizusKwNcgRDWQAg5egRhDQAAb+I1oyESCtRGQ7yk+UI1/tgF0jMs6zuJhPKR9trjvJQBbmEyg+0uAQDexGtGQ30tz0UaAk3rfMG3THYYMhqalsOF8Wd5KQPcwlLsDbtVAACAsuA1o6GpnsMiDcLcBFEENBC29Z2E1aMJIT2lRGH4Z9b1Ae6i0DR35BcwFgEAHsRrRkOskdvKTv6uHYFu+Z4RjEs1EELCk72bmg8TQgqTWO2nWhDDGo796ff2agIAAOXAI0aDuEhDrJ7fqxPhBn/TWtm5kYlEnG0Himgu1towTgjJjTzBTSXgEs4W/mS3CgAAwB+PGA0CWwbbW5u5LdIQiK33Bc4vLiku1TDLtlRDc7FPOCicRSx91bHcdjqXMrDoOAAAuAJPGQ25bNH6Ig3nAxo6t6ommJmneRrEgIbens3CQXHkV6VC1qJWwGXUpF5+/Dm7lQAAAM54y2jIF9tb6riI8rVeGOhW3zNidkHf0xBYaN127VX1nzqXEmEN1YMY1nDi1UP2agIAANzxlNFQEw3WRIJcRPmCdf6mdapfzS7qv3UZTXY0drX4fOeqtzCBsLiqY6YwbLcKAADAGU8ZDQ21fPa3JIT429/m86vbHyxLNTQX1ko/Fqde4qIVcBHLdeOp+SW7tQAAAJ54ymiwvkiDGNAQ6HqnVpp5bU+DGNCwrvti6fn8qYdLOWM7XQG3k2udOPabP9itBQAA8MRTRkOM16bY9WsCPe/S+nIxuVIoFGnZM+Hte64WDhs+fc7CKEzD2VAtiGENJ0+g0QEAnsILRoO4SEMLL6PBH/DH1AMaCCGT8RR9qYbIQndtc4PsJGIhq5B47rTdKgAAAE+8YDQIvG1DW0uMj9EQ6LlUjGGUIi7VMDNHm2toTW8MhOTxEMU4VvupOtLheGJyzm4tAACAG94xGnK5QmuTpZWdxICG4JrL6SlVjQYxoGH9mm3Kb/PH/6WUSVhRD7iOdPfwq0/DwwQA8A7eMRpWMoWOllrrcnyxjcHVu+lp4gua0xO+5fod179HeuZ8WMPMYevqAVcghjW8PvyyvZoAAABHvGM01NeFI2EOizT4QjX+xrX0NHHtRSFrF1YrAxoEClNY7afqmM2dsVsFAADghneMhsY6Pvtbai0EKWUuoWk0tBU2aH1VnD1mUifgWlZC8wtn43ZrAQAAfPCO0dDUYMloOL9Cg2I7bCXK6QkxoKG/9+1aufKv/qi0grC46mJ51YlXn8ZqDQAAj+Ado4HL+5b+rh2Bnl26yRLJbC6vslRDKN695b0qCzxIwhqOWNQQuIXzYQ1vIKwBAOARXG80iIs0NFve35IQ4gtE/I29usnmEyszahtk16TbG7taKBkLkwhrqDrmCqN2qwAAAHxwvdEgsLm/tS1m6X1LAX/HED0BfamGVnIBPXtx9hVzigH3kgkszp6ZslsLAADggEeMhpVM3orRINlyYgdjlmmJp+H8Cg0XvIOeK3/iQDGNsLjqYnn18Vd/i7AGAIAX8IjRkMnm21vqLArxr7ki0LWdMXFcMT0Rnei/6ErNNy/EsIbiNFZrqBbEsIbTIwhrAAB4AY8YDY110VDQ6rUwBjQIKI2GmmwzPaBBII9NKKqP2QJWawAAeAGPGA1NDWHrQvxtF+snepNpxfpOrQHNPa6kFON46Kw6MqEEwhoAAB7AI0ZDrMH8qxPnAxo6t7LnEt+eOL9CQ/8WloyFU48grKHaSPeceuWp39utBQAAWMUjRkOL5fct/X1Xswc0EEISSxnpUg21YwObL38nPcv51RowQ1E1SMIasEQHAMD1uNtoEBdpaI1Z3arKH2rw1/ewp1/JFiZnk+LHmgJTQINAceIFY8oB9zPrO223CgAAYBV3Gw0Cg2tb2ix7GnwtmxlTiks1xCVLNbSFmQIaBApTL7InBt4gG51HWAMAwO14wWhYTmdNv28pCWjQWWJByfRcymhAg0Bh5FcIa6g2Mu1jLz/xjN1aAACAJbxgNKxkC+3NlpaD9K2+3FBAg8D0m56GutFNA7uZbI7zYQ3jvzNaHHApYljDG2cR1gAAcDdeMBqa6iOBgKUL8Udb/LUdRnNNzS4LB4YCGgRgNFQhs6FTdqsAAACW8ILRYP3ViUDrhSZyiZ6GtqiBgAaBwjhewKs6MvXxhbOYlgIAuJiqNhrEgAa/8YAGQkhd6x3CwfqNOttcKSlOvoCwhmqj0Dh/6NFf260FAACYx5LR0C+Bl0ImaLW2v6Wvc1uwm3WfKiW14xsG3mXA5hDDGvJjvzVdKHAXYljD62exNzoAwMUETefs7+8fHh7W+lgBzi/S0GRpkQZ//Wpf1FhEgpTabFt9e5OJjIXR35ANN5guF7iReP2JQi4fCJn/3QEAgI24fnrigjUxi69OBNoNbDkhIC7VQAhpjxgOaBAoTh0qlYr66YCHyDfOLoxjWgoA4FZcbzQkk5kOU4s0SAIaDGw5IbJl6CvCwYZNZrITQorTfywhrKHKKEVWXnz0Sbu1AAAAk/hKpZK5nFymJ8TFkVxKMN75pzM3ZQMhoxkfXPvhcugDnMzdsYvsVgEAUBX0HH3Xx77+j+WQzH9u9eDBt+zGdPz48c2bWVdodh3FUNaExQAAAACUj+XQwosv0vYr2LrVpI+cv9Gwfft2ykcZhw7sygZWaosN5sqKx05HU41txPC6TAIjjccblnpikTUm8pZKZDo5Hasb2vT+TSayP5l/qu/YJ/Ot7/SHwiay5zPLnQuPxduv10+qSnoqljy02Pnn5nIXF4fr0ydSPXvMZffNvxzJTWS63mcy+/QL/uJKvvtKc9mDE0+V/JFC5y5z2SMTj2VCnb5Wwy/ZEkLenSq+MDwaydVEiMnQ3anOkw3T3dGSyUXTp3uOx8bXhomZWy5bKMyuPd4xauZuJ4RkfCtLnWMdExvNZU8FkqnW6fbp9eayJ8PzK/WLHfMmw48WojP5UKYtaaajIITM10yUSr6WdLe57LMNo8FMJJY12ctNt7weTcQa8s3msk+1n6yPd9aUTHbR013HY1O94ZLJt+KnVh9rHtsQJAETeXOl9HzPSMf4gLmiVwLLydbJjukN5rIng4srTfNtcyZvuaXwbC6abkv0mcteJPmO5l7TZgEdm6cnRkdHg8Fgd7fJnxOwhaWlpbGxsU2bTI4fwC6OHDkyODgYiUTsVgQY4MyZM9FotLOz025FgAEWFxcnJycHBkyaLE7GvKdheHhYujxDhd+3BAAAAECFsTQ9AUMBAAAAqB5c/8olAAAAACqD+ZgGAAAAAFQVZqYnZDtNyCYpWCIira85LeiA+RFD2N5wCIJhx/bGIopfmXKLGTSiDNtbTfUnht+dLmg4dkzGNFAuoALXJjSPvbtkuRQbG872zUpchwN/ZWgyXZz2E8PvjhE0HCN8YhqEnkX631Be2T6Zohyt/TMdUnceoMINB6yAX5kbqWSrqTYZ2tEctjecY+G2uJNpO0jqitE9BtxBw7kI2xvLmf5Sh2N7qwFzoOFUMWk0KPsOvlXg3gp1ODY2HBb2MIrTfmUmJnqrEIe0mmrroMkoOLnhHAX/mAajwI9dSWxsOMdO0TkW/MrciO2t1q8WJK56EkhxWsM5Nm6P/94ThpB5bOxVBrCDhnMRaCw3Yq7V4GCwHY4NJ3vK4qKedcq7uJNzrhMYAg3nIirWWLgrOFKOyoTFUAEq1nCGElQSmz0N5jwwYhb43OzCRMMhpsEueP3K0IKVxGKriUK0ToIyUY6Gc1STlXdFSC37yFF2E1CChnMRaCw3glZzKWi4Mk5PVE8legw0nItAY7kRtJpLQcORyu89gQkFl4KGcxFoLDeCVnMp1dZw2LAKAAAAAExga2wAAAAAMPH/AdYueiT/fbMFAAAAAElFTkSuQmCC"
                                height="200"
                width="700"
                margin="0 auto"/>
    
    
        <p style="width: 100%; text-align:center;">
      <a style="color:#0d0d0d;font-family:-apple-system, BlinkMacSystemFont, &#039;Segoe UI&#039;, Roboto, Oxygen-Sans, Cantarell, &#039;Helvetica Neue&#039;, sans-serif;; text-decoration:none; font-size: 9pt;" href="#reportTop">
          Back to top &#8593;
    </a></p>

    <hr style=" border: 0; margin-top: 50px;  height: 1px; background-image: linear-gradient(to right, rgba(231, 231, 231, 0), rgba(231, 231, 231, 1), rgba(2311, 2311, 231, 0));">

    <p style='font-size:15px;line-height:24px;margin:0 0 16px;color:&#x23;212121;font-family:-apple-system,&#x20;BlinkMacSystemFont,&#x20;&#x27;Segoe&#x20;UI&#x27;,&#x20;Roboto,&#x20;Oxygen-Sans,&#x20;Cantarell,&#x20;&#x27;Helvetica&#x20;Neue&#x27;,&#x20;sans-serif;text-align:center;font-size:13px; color:#666;padding-top:30px;margin-bottom:0;'>
        Powered by
        <a style="color:#439fe0;" rel="noreferrer" href="https://matomo.org/" title="Matomo Analytics">Matomo Analytics</a>
        <br />
        The leading open analytics platform that respects your privacy.
    </p>

        <p style='font-size:15px;line-height:24px;margin:0 0 16px;color:&#x23;212121;font-family:-apple-system,&#x20;BlinkMacSystemFont,&#x20;&#x27;Segoe&#x20;UI&#x27;,&#x20;Roboto,&#x20;Oxygen-Sans,&#x20;Cantarell,&#x20;&#x27;Helvetica&#x20;Neue&#x27;,&#x20;sans-serif;text-align:center;font-size:13px; color:#666;'>To unsubscribe from this report please follow this link: <a style="color:#439fe0;" href="__unsubscribeLink__">Unsubscribe</a>.</p>

</div>
</body>
</html>
