<html style="background-color:#edecec">

<head>
    <meta charset="utf-8">
    <meta name="robots" content="noindex,nofollow">
    <meta name="generator" content="Matomo Analytics">
</head>

<body style="color:#212121;font-family:-apple-system, BlinkMacSystemFont, 'Segoe UI', Roboto, Oxygen-Sans, Cantarell, 'Helvetica Neue', sans-serif; line-height: 24px; margin:0 auto; max-width:1000px; background-color:rgb(255, 255, 255);box-shadow: 0px 0px 5px 1px rgba(0,0,0,0.75);">

<a name="reportTop"></a>

<table style="width:100%; background-color: &#x23;3450A3; color: &#x23;fff; padding:10px 0; margin: 0 0 25px 0; height:64px;">
    <tr>
        <td>
            <a style="color:#212121;font-family:-apple-system, BlinkMacSystemFont, 'Segoe UI', Roboto, Oxygen-Sans, Cantarell, 'Helvetica Neue', sans-serif;; font-size:16px;padding:0 15px;padding-bottom: 8px;color: &#x23;fff;height: 22px;display: inline-block;vertical-align: inherit;" rel="noreferrer noopener" target="_blank" href="http://example.com/piwik/tests/PHPUnit/proxy/">
                                    <img src="http://example.com/piwik/tests/PHPUnit/proxy//plugins/Morpheus/images/logo-email.png" height="30px" width="auto" alt="Matomo,&#x20;free&#x2F;libre&#x20;analytics&#x20;platform" />
                            </a>
        </td>
        <td align="right">
                        <a style="color:#212121;font-family:-apple-system, BlinkMacSystemFont, 'Segoe UI', Roboto, Oxygen-Sans, Cantarell, 'Helvetica Neue', sans-serif;; font-size:16px; padding:0 15px; color: &#x23;fff" title="View Web Analytics reports for Site 1." target="_blank" href="http://example.com/piwik/tests/PHPUnit/proxy/index.php?module=CoreHome&action=redirectToCoreHomeIndex&idSite=1&period=day&date=today-date-removed-in-tests">
                Dashboard
            </a>
                    </td>
    </tr>
</table>

<div style="margin:0 20px 25px 20px;">

    <h2 style='color:#212121;font-family:-apple-system, BlinkMacSystemFont, &#039;Segoe UI&#039;, Roboto, Oxygen-Sans, Cantarell, &#039;Helvetica Neue&#039;, sans-serif; color:#37474f; line-height:30px; margin:25px 0 15px 0;'>
        Hello,
    </h2>

    <p style='font-size:15px;line-height:24px;margin:0 0 16px;color:#212121;font-family:-apple-system, BlinkMacSystemFont, &#039;Segoe UI&#039;, Roboto, Oxygen-Sans, Cantarell, &#039;Helvetica Neue&#039;, sans-serif;'>
                Please find below your day report for Site 1.
                <br />Mail Test report (previous10)
        <br />Date range: January 2010
        <br />Sent from http://example.com/piwik/tests/PHPUnit/proxy/.
    </p>

    
    
<h2 id="Actions_getPageTitles" style=" color:#0d0d0d;font-family:-apple-system, BlinkMacSystemFont, &#039;Segoe UI&#039;, Roboto, Oxygen-Sans, Cantarell, &#039;Helvetica Neue&#039;, sans-serif; font-size: 24pt; font-weight:normal; margin:45px 0 30px 0;">
    Page titles
</h2>

            <img alt=""
                                    src="data:image/png;base64,iVBORw0KGgoAAAANSUhEUgAAArwAAADICAIAAACF9KXqAAAACXBIWXMAAA7EAAAOxAGVKw4bAAAgAElEQVR4nO3deXQcx30n8BocnAFAHMR9H8RBAjwNkBQgEiRtkiKpi6QpCtRl+liJkWxZG2fj3WSTNb1+znrlrJ1IeXrPikNbspSIu5ISPsdZ6dl+zwpjKxsStqTIhohdhAYMkBiAhECBAwyBAWb/aLrV7KO6+qzqme/n8fE1erqrfl3d011dVd0TSiaTBAAAAMBMBu8AAAAAIBhQaQAAAAAmqDQAAAAAE1QaAAAAgAkqDQAAAMAElQYAAABggkoDAAAAMEGlAQAAAJhkOVm5ublZnh4aGnIcDAAAAIjLfqWhublZWVFQ/emud//vpEcpAwCjta1lvEMAAM7QPQEAAABMUq3ScGBftyCJiJadzxvluqDHHwgoZACgs989MTQ0xH1Mg/Icd/q1f/Y/AOcO7OvWRq46dwuyabqh+pm1UQD0wLwOm8vO8mijKIUMAP7o3/Rsx4+O5hQV8A5En/tjGs6ePatc7L333uvo6LCdi2R4PK6d+fuf/8TXn3pe/vPAvm7pz8HBQYfZuZWIKkJLeelumkMON+rrTz3vSrFYJRWjlLVRAJTAfAjbi51lmqNHG/X1p5432oTrH4x4kSMAyOYvTy0j5Fe7X1r4WnP2iiLvMurq6rK3oqOnJ3Rt3ryZ8qc9Yc1ASPl+aDwajUTCRYVF8u1RW1ub8xxdSYQxnXAkXF5ekROJGK3o1v2fWxulNTg42NrWGiIhj9KXIzfaBIebNhePT0xEG+ob7K3uxc6yavrqdDx+vbKiwpXUdMvT64GQw8PDubm5ZWUBHm45MDBQX1+fl5fHOxD7+vv7Ozs7QyGvvstei8ViIyMj7e3tvAOxqX/Ts9JE19at2TkR+sJcuF9p8IHpSdmo20Ker1rdaL42L+2S2mDktnR6yvKSwyPDlG2hBENubreX8lIGps3atGR0UyCaa6EyR8nfvfambmrEWYs9+wVYG5K0om6hqcI7enDnU8+eMsqXvhNNo1LFYxSDbl70Pa5NTfewpEzrxoZOCgC+5m+fEbPGQII+pkGX9nyqPf+yTNP/ND2r+nzmZQmVpWSI2WVJN4vBwcGD+3qMUnNpE83Rd5/RMuxpWt2h7AXuJC9pSamlwepaRn8CgP/kZoai/dv4RkLh6OmJIQW3AnKOZaycsiVANd9oFaMUfMByQqeHql3GaF2W9Clr8b32mGbt8KrPstOVq1gqIt28VDkaNTxQItQmogs1BgBBLK4fza2u5B2FoUB2T9hj6Rrvw8XPdMy/PO3DCV1bONr+jvTEcthQdpbVo459Yfpaug1dqgoN9i+AOGavTEkTy3at4xsJHYdKw8d/92/ZF371m4fcytfSyZF7t66fWdM7yNP80mKvGUZitStENx1lk4PRAsTWQEjsXwBxDOx9WZqo2NEzv7jINxgK0V/udOLECe1Mf7oG/OyA4IhlcEaaFIW7RBglIMdA2YPYvwAC2TuTFQ7zDoKGQ6Xh1W8eWl/49oGNH7D8M0pEt++WkqnR8to+Y6O1THuXWcIwXd0SymWAslGMadq7itCzZvyIMXF5RfaSZCwZo53OGKelNFnyojczUNbSLqxdDAC4k4dAtn/hU3wjMcVnTINu+4FVqtMly1BB3eVVNQPdtbS3a7qra5ehpGwDJS/KkqYNCbppsudFz9rhxUl1vdQmaLVgdcN76e9+cvTgTvoyVrNjPzAc5uX6WiK0kQCko46x3JLi2KTQP9AYSiaTvGMwR/mVS/nlTn7G45zyvDw8Mqx9uVOwUF7u5PwK5Ok1TErc4cudXInBYSIuvtzJKB683MkUXu7EXRBf7pRYSLzdc5IQkvd7ZavvOzQ5OTk7O9vQwOd0ZEr0MQ0pKbXv5Fg6cSxJvR5314vIRaLFA5DypBoDIWT1fa4N/PdOGj1yKY7UPim73ilDNJ0UQedFEbkilQoZIGD2GI7hEwoqDeA+Ly48Hl3MeF0jxbw2ixkVQAqTh0BWH9nDNxJGwag0UDpT85fNBr0fNDNxub6+OND9oNc/GFnbUhboftDlWdfaPe6z99TkJJmdnW1oCPAmAKSvNWNVnRt4B8EEYxoAAAA4mJu+0SUR2bGKbyTsgtHSkBh9w+ijrMloRiScuB6wpyeUwlPDyayRhKi/acYiZ3owMToT3JaG5Fw8PBVNjE7wDsS+jOnprPj1ROaveQdiX+p9l7Nqd/CNBwT3q90vSRNNB/bxjYQdWhoAAAD42TGVW1LMOwhWqDTYsWrHp3mHoM+3wLzIyJ/ghd13rkufLeUIhQy2Tbw7IE3UfvJuvpFYgkqDt+jnFHfPOKt2fPr8GyddTDD1iFxE7h4q8pYarUhJ0OsL4aodn1b+8zQvZaZeJHv+jZOoN4A9v/nkGWmiZHUb30gsQaXBW/RLlOpTV84+qX0KS+GtYz9UTAvBYd3Ih3rV+TdOyv/82afebRTqDeBE1kOhrOxgDC6UoNIAADzhogtpSH49w4YnHuYbiVVBquAoKc8y/3L6G9r5undm9JnS/ZkyZYe3d9IqRolIeSlzV0VFj1Cbl/yR7iao8jItH90NNJ2v2ihVdkZly5Is0Ssi3T/pRWSUuDZ3loNBmaluLpTEtRvLcqjoFgI9cSNG22gUnm48uvkyHlFGUaniMYrBKC9LxWu641gOG90CATB3S/Ce2ApkpUH5/YyOR7cc+ALl3M0+k2hON7rLE7uN5PREtHUIS9cho0QsRUVJ3Ch4af7g+cHWttZQKETvKdctW/aFtadm053LmPjbrz3DHjD77rCNcqi4e31i2SlWD34n5SN/l1Wr0w8/q3k5X8vSigAqiYWENFF2ZCfXQOxIhe4JqaVB9R2Wzq3amUZLKhdQYTw7qG7aTNdiv2SaRmhKe09pmhFlMSXtfMZysF04RikbNTDYS9xoMXqJGZWzNmW3DhWHWNp7LOXOeEQZraJsNTSNgXIAUIrXNEL2nUhfAMCI/AtV9Tu38Y3EhkC2NBhdHuw1APiG/apmFeXCTG9Gdit3lsWsbj5jMwlLUsSltiKjdV0vZ+8OFR9Y3XFOvsW22/y0M013YqB3CohjYS4uTWTdxzcQmzhUGmb+3MKrD/OfiOvOl9sMiOLuRLdl1U6IdsnnHfrtdSqdenS7J4zKgX3zGa/x9va4wwqEKzsuhQ8VxmY53fna7gl76dCL10lljgRzp4A43ul9Xppouj9Ir2eQid7ScOLEiRMnThh9ev6Nk8oxDUGhPPX4QD5vsjS62kvZEt1OIufJMvIucS/K2edDha/tfX+g2z3hJ5adaHoAA5jrniioquQdhB0cxjTkPxH/H+//p1eLvsXyTzcFSuuiajFt76Z2SZYeZW0i9IWNumApK9JzZB8AoU2KMod9/AFLCajanN3qEaCcu7V73CgFSgXFUjBGmdq4nXXlUDGle/Fjv+BZ3fXsO8WUUZqMeVGaGYzWou/ENKm6gaemL4xIE8UHt/ONxDY+LQ2UxgMWqq+9sntC21eqnKntniQMJ3ft8vZOH9rwVOkY5WLphsbhpjEuplv9opeM7t5hXNKoWCwFYJo4I/YNsY0eJH2X6fYKaY80e8Gw7Hrb5fOPp/7blgNfME3TeV6ur4VWB2A0dOQ1aaJux618I7EtlEwmecdgjvIrl9HxaCQSLiwK8C/jjQwPl5dXROz+yqUIJyx5TINypgiBSUwjic/FJyai9Q0NvoXkuqvT0/H49YrKChLY/h3277I4h5ZEjkf1XQ7ir1z29/d3dnYG9xdrY7HYyMhIe3s770D0Se90yjg0/5H//DmjZSYnJ2dnZxtEPR2lwiOX6Uy0s6dMnMDEicQ3rg9e4c5Sf6LPRIsHhCW/BXLlJw7yjcQJ0QdCAh3OVqbSs4goAyaCyHZvnddSqZDBJ2vHCutqeQdhHyoN4AmcSbnzaBfw2rNiHlFiRgUCil+LSRP5d23mG4lDwag0ULoGE4vDS7m5WWVlfsbjruszA6Hq+qy8PN6B2DcXXZ5VG+B+0FAsdj0xklUraD8oi6XwZGJ2NqtW0H5QFvguQwr75c4XpYmVd+/jG4lDGNMAAADgh9DtsWD9ELZWMKKfOXfR6KP56FRGODZTtOBnPO5aHJ6OXQkvRWw+PSGEwZmZpYvBbWmYi8cXo9MzMcPDTHzx6en569dnJrN5B2JfgL7L+ZuqeYcAQSIPgWx++AjfSJxDSwMAAID3OoI9BFKCSoMdG/t6eYegz7fAvMjIn+C57zvuAQCAn+QhkHn7N/KNxBXB6J4Iro19vW+dOmPvU3fzAoIionKrcOR0VAlu7OvNz11utNbM7LXXnnqZcUlLyaoW1o0NwDvyEMjV9x3iG4krUGnwFv3EpPrUlRNZap8NU3vr+HKrYN86dUZqTVElmJ+7/Mx3/rfRWr2f2m9jSasLG8UG4LndV3lH4A50TwCAm6SKnXx5ForIsUFKkodAVt97G99I3BLUlgbld/4n3/q+dr6qTZJlpnRCUaasuzwlJG3LASURKS9l7qqo6BHqtlKoEtGuqxuqbvnobqDpfNVGqbIzKluWZIleEen+SS8iShhG5aC7I7RznB88pgHQk1U27+umo8xLN3eWLwh92ihTQYgcG6SyNWNVnRt4B+GOQFYalCep8Wh05/G7tP2Uup2X9JlEc/qj9M46DFubiLYOwRKhim5FhD0qSuJGwUvzBwcHW1tbQ6EQJUejsmVfWPfCRt+57GEc+OKDjIXv0cHjVrLsRwuFk0SUGyhad5LIsUHqkYdARnYE+MVxKqnQPSG1NGhvdzb29ereA+kuqVxAhfHkorrRNF2L/cJmGqEp7X2waUaUxZS08xnLwXbhGKVs1MBAJy3cc2zP6Sdf0Calm4UXB49qddvJsuxQ0x1kmojR4SR/JP/TLsCRyLFBSpKHQDYdSJG+CRLQlgajy4O9BgDf2LuqsaBcmE0vCa7kzrKY1c1nbCZhSYoottoojANffJAxKf9ZOrBd+RboJmJ6OIl87y5ybJDitl3JLSnmHYRrOFQa5IEhLLrOPaI7X24zIIoxDdqTgs/VCPmsSr+99qjqwIVu94RRObBvPmOTvr09rhvG6SdfEPMH7K12jbG3ipkeqABgm3ylq/t3B/hG4i7RuydOnDhB+fStU2dee+rlncfv8iscd7zl7/ht7U226ylbYrr5/twU+rwX7BHw/ti7wwkgBdWMFq9q4x2EmzhUGrrOPfL9Oy+++3iY5Z9uCpS2U9Vi2u5b7ZIsgw+0idAXNupvpqxIz5F9AIQ2Kcoc9vEHLCWgnK8tB9sXGEozg3aPG6WgbELXLvDmcz9UdU9QDhXvDh7TZJUDHXSTZS8TejODUSKuHE5c0GMz2keoFYFDy/Y2B/0XqlT4bAy9/cCU6vuv7J5QXbdUM+XThOlAM0qOtm+wtOGp0jHKxdKZ1+GmMS6me02ll4zu3mFc0qhYLAVAD+P0ky/ozteWj0cHj2nulKQoWdi7bNtOhFI4M7PXVK9aUn1qY0lLC9v+TgFYJfdNrHvsGN9IXBdKJpO8YzBH+ZXL8Wg0Eg4XFRX5GY+7hoeHyysqcuz+yqUI93PymAblTBECk5hGMhePT0SjHMc0OC+rjX29rz31cmVFhVsh+S9A32WjX7kcGBior6/Py8vzOR4X9ff3d3Z2BvcXa2Ox2MjISHs750ccb1Qauie6/uKPrK47OTk5Ozsr5hArIv6YBqAT58KsIk5g4kTiLlUruvIVZwDAkfx6htJD2/lG4oWU6mtJQyl5OXRXqhaRqrF9enqabzwAIJFfz9CwC5UGADapeqn2iO2RB65HAgBOLMzFpYmso3wD8UowKg1GPYiEkKnhhUhubn5ZmZ/xuCsz72pefUWg+0FJ6FJ+Z3Vw+0EzYrHMkev57YaHmfjik9lLs7P5DQHehBT4LgO80/u8NNFweB/fSDyCMQ0AAACu2hItaqrnHYQngtHScPHcjNFHU9H5WDhjochwAfFNDy+Gr8QikSXegdg3M0guLs0Et6UhHp+bji5ejHl7FFVvyvc0fQDga/rCiDRRfChl3/CBlgYAAAAXDB15TZqo3dbNNxLvoNKQLnr7NvIOIS2gnAHSXOhAPDvH5nt3xBfgSsOrr5/6+KO3HXli/59992tv/vxMb9/G8/82wDsopzy65PT2bTxz6i1K+vR8vb4Q9vZtVP7zNC85R49SPnPqLdQbANKQ/BbItuP38Y3EU8EY06A1fvnSn33na0988otrmjcULC+cnY/d1ntHwfIClnXlK6iAvAjM+fb6UFzKLHzYQZ6mL9UbhD3GAMBDbaPLy1P5CaCgtjSMjF1IJpO3dm5fUVCcm5PX0tD2x5/7alV5De+4wAW4WQeAgMrvS9nRDJJAtjR88+TXXn39JULIvY/fofpIvt5oW+OVc+T52htc3Y90k9LOV35klI4yL+0c1XxtIsoFjKbpGRlRbb5RpkRvkz/zx/f+40u/MMqXXhSmUWnj0Y3BKC/dotYG8+AXDyhXZClno9gIGhsA0syHfRMHbucbidcCWWk4fv/n17St/8rTf/iXf/JiRjJz2bLw4MjAV57+Q0K9jkp/0s/mjJdk5RAB3SsZy+XclCuJ2M7RKFN6BYKeptWt8K3Y9xzreeHJ09IvxDCuyFJWAJBe9l8zXybgAtk9kRvJzc/NJ4QUFRYX5hcVFayQ/iTUe1mWc7pyGUqrg4Tx5l63sV01c8+xHt2GB0oi2oYB50yLyOFVnzFgeS1Xil2VqW7Dww+fe9MoSMZyRo0BIG3JzQwND93NNxIfBLKlgZGqq8IhS5dnV67luonotpSIfJvLWBSM3RCu5KW151iPao5pObt7dAFA4K0ZK21r4R2E5zhUGp7d1M++8CPnupzkpRzH4OTkbrVNnrFVQ0r2wS8eUN7pWkpEfIxbwdJ4YLvY5aI2ql398Lk3o9EJqz9g79bRBQDBNTf9gTSRu3cD30j8IXr3xIkTJ5wnIg9lsLe6gPfxygb8VH3QQIRiZylnh0cXAATar3a/JE20Hkn9vgnCpdLwyLmui3d+P/z4uyz/nGTk8DxO6TuXJrSd37rzKZFIS77w5Gmjj4zy1S5M2RB6ssTK5dlok7UJGmXnpOpGj4GeF6WZ4cypt1TdE0aNB7b7TQAgxd32QVZ2Knf3y/hspCvtB6aMHiCkjHA0XV67uum0NheH8dtIhD4a0VLKupv5V1/5n9uPfoS+jNW8/Cz2Hz73prLewN67ZLSKCM0kAOA1eQhkTV9q/hC2ViiZTPKOwRzlVy6j0fFwOFJUVOQ8F+cnenspDA8PV1SURyI5TrKm8PQCJiU+ODjY2trK61cunW9gPD5nY0yD1ZA8/ZXLycnJ2dlZFzfBf8PDw7m5uWVlAX6b3sDAQH19fV5eHu9A7Ovv7+/s7AzuL9bGYrGRkZH29nZ/srtRaWgf6/rel91KU/DvsuhjGgRHf5ZPEKnX4y54sQsYEgC4LrGQkCYiO1bxjcRPadEH4x3TdzkIgtKjH0QiF3sqlTMAULzdc1KaaDqULn0TBJUGJduDBlyPxAsexclr84UtdmEDAwAvJLsnckuKeUfhn2BUGiidwQvDU7m5kbIyD3uLvXY1L7OiPi/Q/aCXQqS6Mz/I/aAZ10cyq9sDfBQBgJ/kIZB1j3ycbyQ+w5gGAAAAWxpGK9Z38A7CV8Foafj1+Dmjj8bfj0bmwrFFF56e4GXig2EycSUnJ8I7EPsuXxv89fhScFsa5ubiEx9Ec8ZjvAOxb3p6Oh6/ngxPupJaY+UmV9IBSG3LdjXzDsFv7rQ0NDenXcEBAEB6kvsm1j12jG8k/nOh0oAaQ3Dt2tonYKZcoko3KGQAp7oneEfAgdNKQ3Nz89DQkCuhsNu1tU/+98Dhz3udl6X5Keb0K6/3HXx097ajT371mX/+2c93be0bPP9vnua4a2vfj396yl6xe71TlAeebweARxlRChkAKORmhtJD2/lGwoWjMQ1cagySH//0lDQxPh49fMdx+U8vSJcx79J3l4vRRscvP/3N73z2339yx0e7w5Fl45cmd+/tLShY7kriuhwG78NuUmbhz4HhXRZSvSFAxzaAQJpHG3Y9wjsIDuy3NHCsMai88oNveXrPlLb3ZCPDY8lksmdrZ3FJUV5ebnNLwx/8l89VVpXzjksUaXtgAKSthbm4NJG5uYZvJLw4bWlQTkt1iLGxMeUy0Wi0srLSSS6EkMtTV9RzLt+YE4/HE4kF5Zy+A4/Ji506/Yw8rZyv/Eier1xYldep08/s2tqnWoCSY9+Bx06dfkaVsm5G9NxV6ZiuK82Rr2RGadK3Qlrr5LOnXv/BG4SQB+55XJWCbkiXL18JhUJGm2OUqXZj5Y90l5HmGxWLNJ+Sr7SWdpkXX/nzhYWElLJu/JTI3TrwdAPTBqy700+dfiYen0skFpVHqXJFo9h0D2xCyLKli3pb761YLDY/P7+wsOB/1m6Zn5+fnJy8evUq70AcuXjxYnCfhJqfn5+fn7940asD+NLdfy9N5O7Y7FEusVhsYWHBu02QVFdX21vRfqVB2cwgTquD9gyre0aWz6GqE6vRpcJhjlJ22oykienp6eXL84xyZ0xfmta9KNJT086Xpu9/6EDbqqanv/HdP/nT/1haVkwI+de3B57+xnd1E3nm5FeMQqJk6oRRsbBsLEuaVg8Gfw4852tZWhEAdCU6x5bX3Mk7Cj7cf09DTU0N5U975jPUda7S0hJpIpFIPHD483K/rLaDtrS0RLfjVjvfqItXykv7qTzfaHnlTNWfytxjsWuFhUVGuduIXC4cFavlMPqbKCGksam+orKUEDI5MWUUEiHk6MHP6iZCKVIt5Xz6MkZpymtR8tWmXFhY9MDhJ9gPBm0Wrhx4yvnaHUrZ6aWlJdPT09LgHt0jQRk2y+6orrR5F+LEwsJC0H/l8urVq2VlZcF+u+ulS9XV1cFtaYjFYnNzc7Zvo+mu/mZUmig7vNOjLMhvf+XSu/QdCsbLnbSUfcmv/OBbRh9ZSseU0YXEdse2OD3irkQizubYwxK/chnVkeDdgUdfSzostd8CZYVGWhFjHgGc+H+H/kGaqNvewzcSjtypNFjqm/jycxZeNvelY/rvglQ+PaGcr7qom56arZ5GtfUGqzlqcx8eHi4vr+D7RkhXLidBvyaxxG+0jCsHHr15hjFCSnaoOgA4F7prNjvIL/B1SPTfnjhx4gT7wv4/P4Yn1oCIcRgcvuP4i688RajPdPz4p6fwxAeAPfLrGTp+72G+kfDFodLwpWPnkhfubCSPs/xzkpF8clSdKI3mE7Z2AtuvHjJNh3117RYx3iW7WA4qP/qnl3QTMcrUUqjyuuzXZsZ85fkn//pJ54WgWtFGgdObGShraRfWLgYATnWMRZYHeMyKc3zGNFhqP2CnOqsq/2SZJswtt8pOYqMc7QVsb13t+DijBN0tB0riykQoGWlX113LXlS6+TIeJJay8//Ac2stEdpIAAKk4OAW3iFwFkomk7xjMEf7lcvxaCQSLiqy9iuXQp0rRRjT4ND584Ntba3OR1x7ul8oic/NxScmog0NDR5lzRKDQ9KvXFZWVrgSD5dfuRweHg760xMDAwP19fWBfnqiv7+/s7Mz0E9PjIyMtLe3u5us3DfRdc7zt0BKT0/4cDqyR/QxDW6x0ZgP/ku9HneRDzzR4gEQU2IhIU2E9l/jG4kIgvrIpVX0RnsQB6VTP4iEPfBSqZABPPV2z0lpou6+NH2hk1K6VBqIYKdsoPBoT/E6AMQ88MSMCkBYyXVjZR1tvKPgLxiVBkoPa+h64PtB597Pqy8Pdj/olbFQY2Ww+0FJfKSx0uV+UD9NZk7Ozs42VAraDwoQULNXbrwJd/meDXwjEUS6jGkAAACwamDvy9JE4917+UYiCFQaAAAAqPZcTfPXM8hQaQAAANAhP2lZ9wCGQN6ASgMAAICx1aPlawM84MldqDQAAAAYWrathXcIAkGlAQAAQE3um2h98DDfSISCSgMAAIC+ZHcUQyCVUGkAAAC4idzMUPvwIb6RiAaVBgAAAD2No5Ub1vIOQiyoNAAAAHxI/oWqrF68YlUNlQYAAIAPyb9QteozR/lGIiBUGgAAADS6JzAEUguVBgAAgBvkIZClh7bzjURMqDQAAADcrGW0YRcqDTpQaQAAACBEOQRyUy3fSISFSgMAAAAhiiGQDYf38Y1EWKg0AAAAKHSNFzXV8w5CUKg0AAAAfDgEcsXBrXwjERkqDQAAAL9VMVa3E5UGQ6g0AAAA/NZHCrJzIryDEBcqDQAAkO7kvokNX3qCbySCQ6UBAACAEELImrGs7CzeQQgNlQYAAABCCMm/axPvEESHSgMAAKQ1uW+i7Z67+EYiPlQaAAAgfclvgQztu8Y3kkBApQEAANKX/BbI2qP7+UYSCKg0AABA2ls3Vr62nXcQAYBKAwAApKnZK1PSRO7u9XwjCQpUGgAAIE0N7H1Zmmi8Yw/fSCTxq4m/3T8y8voc70AM4YFUAABIb7uu5hQV8A1hKZH8dvfPpenRH82RR/iGYwiVBgAASEfyk5YNnznEN5LFhaW/6vkFIaR6S34onKjek803HgpUGgAAII01j5a2tXDM/9lN/dJE487C2u6Cok3JhVCcYzx0qDQAAED6yu5t4pX1+xfm/teRXxFCytbk5NeENx2vKWqITE5OLszyisgcKg0AAJB25L6JjuMP+Z974vrSya2/kKZLVkfW3Fvedkep/2HYgEoDAACkq1sn/f+FKrk/oqY7f8XKyIaHKvPKlvkcg22oNAAAQHqRmxkq79/nZ75z7y98b8870nRpR86Ghyprb+H81IZVqDQAAEBaWjla0+3To43KJyrDBRlr+io2Ha/2J2t3odIAAABpZGHuxrMJWdsa/clxKbH07e4bIxha9hVv+ERFcUuOP1m7DpUGAABII+/0Pi9NtD5w0Ifs5BEM9dsL63oKWveXLFue6UO+HkGlAQAA0k/3RG5Jsac5yE9UljLUpwQAAApYSURBVKzKKWqMbPqd6sK6iKc5+gCVBgAASBfyEMiye3Z6l4v8hkdCSPn63I6Pl7XdGYwnKk2h0gAAAGmmZbR+p1dDIOX+iLqtBYX14fUPVi6vCMwTlaZQaQAAgPSS2VXjRbLKJypL2nPW3V8RuCcqTaHSAAAAaUHum2g6eoe7Kd/0ROWKzPaDZVs+60m9hDtUGgAAII0kOy8V1tW6mKByBEPL/uINxyqKVwb1iUpTqDQAAEDqk5sZiu7ucTFZeQRDbU9+446i1ttLsnMD/ESlKVQaAAAgXYRKxhv3ftqVpOTqQklbTmF9ZMvnagpqw66kLDJUGgAAIG1sW+H8F6qUIxiqupavuru0dX9xKCPkOLgAQKUBAABSnNw3sfqxBxwm9eEbHnsLCmrD6+6vyK9ys4HhmX/Yf2/PtwlpcDFNF6HSAAAA6WHtmJO3QM5NLXzvthtPVBa3RdYedfOJyi8/t0mePjPwVHvbSbdSdhcqDQAAkMrkZob8OzfRlzSi7I+IlGSuurP0lsfdef5CWVdoru4JEXLl6sWZuUuuJO4FVBoAACANVI+23WPnLZALc4vf6X1Lmm7Zv2LDsUqHT1Qmk0v/9fkt8p9NVVsSifjUtbEQCbXWbutua88i4r4SCpUGAABIfaENRTbWkkcwVG9e3vSxFW13lmTn2H+iUtmu0FS1OZGYv/zB8LKsnLUNt3U07YosyyeETE5Ozs7O2s7Ca6g0AABAypL7Jqrvuc3SinJ1gRDS+NGint+tza+2OeBRWVdorOhKJkmSLJbk16+svqWlpic7K0hvgkKlAQAAUt26i5Ub1jIum1xK/uWWGyMYanvyW/aVtOwtzsiy9kSlsqJACGmtvjWxtJCdGSlbsbKxsquubH142XJLCQoClQYAAEhNs1empImcXaw1hg+fqNxRWFC1bN0D1p6ovHlgY3dmRvZC4npGRmZ12dqmqk1VxauXZeeypyYgVBoAACA1Dex9WZpo3P8x04WVT1SuWBlee285+xOVN9UVqrozMrISi3FCSG3pupbansriVaFQhrXQRYVKAwAApLSdU/TXMyifqMyryF65e0X3E7Wmb3jUPASxmSRDsfhUkiw1Vna21m4rK1rpPHbRoNIAAAApSB4C2fDwEcpiygGPzXtXfORTVcUtJiMTbxrYWLl5aSlx8fJAMrnUXv+xVXXbC5dXOYhadKg0AABA6qr7TdFKw1cyyzWGio15LfuK2+6gPVGprCs0VHSGSEYsfiU/t2Rl5ZajH/3TSDg/ZfogKFBpAACAlLVsb6vuL1QpGxjqdxRu/Q91RgMelXWFluqexaXFECGlRY0NFV3N1bcE9CEI21BpAACAVCP3Taz7nU9oP1X+6NTK3SuabyvOzL6pkSCxeP2rL2yV/2yt7V1anM/MyC5b0dxY2VVbtk56EVMaQqUBAABS1K2XVTOU1YX8mvD6+yuUr2yKz8/897/5qPxnW21vYnF+KblYtaKtuaa7qmR1sF7E5AVUGgAAIKXIzQwVfbvlmconKouawsrfqFTVFZqre+YXYpmZ2TUla1rrtlaVtPsVeACg0gAAAKmoebR26yPk5jc8FtSFG3cWbflsTSgzqXppY335xqmZi8X5NU2Vm9rqelPygUnnHFUampub5emhoSHHwQAAADiyMBeXJrK3NhDVE5W3rdj4qcq/+Nn211+8MUd6COLy1QuVJatXVm3paPhYaj8w6Zz9SkNzc7OyoqD6EwAAwH8Lj5yVJhoO3y7XGEo7cv9110OXCPmnnxFCSENFV0YoI7F4fUV+TWNlV1vNtki4IB0emHQO3RMAAJBq+klX/4GLhJBLjx8nhFwihBDSWrNtKblIQqGS/LrGyk2NlZ054UKuYQYPKg0AAJAi3tvxIiHkXNba8UePyzNbqnuXkgskRMoKmxqrNtWVr0/bByadC3yl4bs/Ocw7BDf8C+8AHPv7d3lH4Fzw9wLwF/yjKNjf5cc/nCyJd+VUkVBWoqqktbmmp6a0IyvTwu9Vgi73Kw1nz55V/vnee+91dHS4ngsAAICOxVD2+5WR0khxXWVF/vqi3EaSJJdHly6PBqM2NDU1FY/HL19Wv2HCXV1dXfZWdL/SsHnzZsqfrvs/p7YsZiRykwF+ked4+fmCyZpIMo93IPaN171TOrI6oMOIQiESy7oaL3y/bLKFdyz2Xc0bX8xMlM7U8Q7EvskVF5bF8gvnS3kHYh++y9xdJ7PXKi8e2f1HrRtu4R2LTdFodHZ2tqmpiXcg+gLfPbH/0d/Pzc2tqKjgHYh9v/zlL+vr6/PzA9zHdvbs2c5HOzMzDX/oRXAzMzMjIyNr1qzhHYh9gp9oWFy4cAHfZe5S47vcGuTvsuDsVxqGhobwngYAAID04ailARUFAACA9BHUjisAAADwWSiZTPKNwParJHU7RxhnOuxYkVZXvRDTXlLs4bm+FcoAHK7OEph38bNEKHirmPMIOe4FV/aj7fjdCoA9Hd2d5aS03doFrryil9eBpFzdXgpGgenO9PpA8jp+YrDTtYu5L8nVypUr5f9trEhPx2im7mJWczdNlj0plvC82Aov1uUSv2kKRh+tVDCaw76Yw8gDuhdc2Y+243crAEvpaD9yUtpuFSDfHSHsgaQ709MDycm6Vg971WnKlRhMifX0hFRBk6tL0rT8v3JJ7jeOyqhUYSvjJzfXOgXcECXt74mQm0e8aqMVKn5LjDZWtQDjYp4Gphp0TDTFLs5eMLqN0361tWtxpPvF1Ja8/KfqMOAeP7n5jKSkjT8QpyPVCVY5X3eOdloQupcD518EjlsqVqWBaC6xxIOTstco38kgop9lBKR7mdcSf0NkjFskCKOfsgvcgUSolQleIVkSrCNHl2mtXXDaYz6IXwQlngMh5fJyeC8reLkr707ocYq5IewhiRm/4HS/Ba4k6A8pbBl9SZYEg34UcYyf5RAK+umInbDxB/2LIFxLgyX2ap1unZ3ldFQB2Ejcxoa4tRWuSIH4hYrHHl57QXsjaC9Nvl9n50SI35WGENG+zlZTFmFHqIKxsYqYNQbCvdLgZCc5+W5412Sn7V6xtIolgjQ8Bjp+Ec6PfBsYvNgLNiIR8+vMLujxKwMQ50DSpmyauFA7ws/LgW+4VRq0RWNpJ7lVsg7TYVyXUv13ZUO8OM78PMR5fU+4nx9NvwXaxHWz47gXXGnl5v511n5DLTU+cY9fyTTsQJyOKBF6nbWL6QQlX0uE655QHhP0o1/10dDQ0JBmqLM2EXkoivJPF9m4DdVuCK+tUA0uYT9jGiVCOO0Fo9hUHwlyflTR7gWW/cJrL9DTVCarO9N5/M43wWqOuv2SjKcj7+LXZVRiFBy/zrqhshejUfwcd4QrlwN6/PKhaGNf28P/5U5Kgahn2SPypokcGzvdlkDd87tqGZnpNYm4d350Ioj7K4gxA9iT2ke7cC0NKSm1jyEBKUvbqOR15zPO9H9v+nMPAQBAJ1ZLA/jMxjBAYaFmBgB8pdIZ1QgqDRB46fBFBQAQASoNAAAAwAQ/jQ0AAABM/j+NBXQM6TyihQAAAABJRU5ErkJggg=="
                                height="200"
                width="700"
                margin="0 auto"/>
    
    
        <p style="width: 100%; text-align:center;">
      <a style="color:#0d0d0d;font-family:-apple-system, BlinkMacSystemFont, &#039;Segoe UI&#039;, Roboto, Oxygen-Sans, Cantarell, &#039;Helvetica Neue&#039;, sans-serif;; text-decoration:none; font-size: 9pt;" href="#reportTop">
          Back to top &#8593;
    </a></p>

    <hr style=" border: 0; margin-top: 50px;  height: 1px; background-image: linear-gradient(to right, rgba(231, 231, 231, 0), rgba(231, 231, 231, 1), rgba(2311, 2311, 231, 0));">

    <p style='font-size:15px;line-height:24px;margin:0 0 16px;color:&#x23;212121;font-family:-apple-system,&#x20;BlinkMacSystemFont,&#x20;&#x27;Segoe&#x20;UI&#x27;,&#x20;Roboto,&#x20;Oxygen-Sans,&#x20;Cantarell,&#x20;&#x27;Helvetica&#x20;Neue&#x27;,&#x20;sans-serif;text-align:center;font-size:13px; color:#666;padding-top:30px;margin-bottom:0;'>
        Powered by
        <a style="color:#439fe0;" rel="noreferrer" href="https://matomo.org/" title="Matomo Analytics">Matomo Analytics</a>
        <br />
        The leading open analytics platform that respects your privacy.
    </p>

        <p style='font-size:15px;line-height:24px;margin:0 0 16px;color:&#x23;212121;font-family:-apple-system,&#x20;BlinkMacSystemFont,&#x20;&#x27;Segoe&#x20;UI&#x27;,&#x20;Roboto,&#x20;Oxygen-Sans,&#x20;Cantarell,&#x20;&#x27;Helvetica&#x20;Neue&#x27;,&#x20;sans-serif;text-align:center;font-size:13px; color:#666;'>To unsubscribe from this report please follow this link: <a style="color:#439fe0;" href="__unsubscribeLink__">Unsubscribe</a>.</p>

</div>
</body>
</html>
